<html>
<body>
<pre>
<h1>礦ision Build Log</h1>
<h2>Tool Versions:</h2>
IDE-Version: μVision V5.12.0.0
Copyright (C) 2014 ARM Ltd and ARM Germany GmbH. All rights reserved.
License Information: 00 000, 00, LIC=----
 
Tool Versions:
Toolchain:       MDK-Lite  Version: 5.12.0.0
Toolchain Path:  C:\Keil_v5\ARM\ARMCC\Bin
C Compiler:      Armcc.exe V5.05 (build 41)
Assembler:       Armasm.exe V5.05 (build 41)
Linker/Locator:  ArmLink.exe V5.05 (build 41)
Library Manager: ArmAr.exe V5.05 (build 41)
Hex Converter:   FromElf.exe V5.05 (build 41)
CPU DLL:         SARMCM3.DLL V5.12.0.0
Dialog DLL:      DCM.DLL V1.13.0.0
Target DLL:      UL2CM3.DLL V1.153.0.0
Dialog DLL:      TCM.DLL V1.14.2.0
 
<h2>Project:</h2>
E:\STM32F103ZET6麦克纳姆轮HJ-ZE机器人\STM32F103ZET6麦克纳姆轮HJ-ZE机器人\STM32F103ZET6麦克纳姆轮HJ-ZE机器人\2 HJ-ZE机器人实验源码\11 HJ-ZE机器人超声波避障程序（无舵机）\HJduino.uvprojx
Project File Date:  12/29/2023

<h2>Output:</h2>
Build target 'HJduino'
compiling main.c...
compiling stm32f10x_it.c...
compiling stm32f10x_gpio.c...
compiling stm32f10x_rcc.c...
compiling misc.c...
compiling stm32f10x_exti.c...
compiling stm32f10x_adc.c...
compiling stm32f10x_bkp.c...
compiling stm32f10x_can.c...
compiling stm32f10x_cec.c...
compiling stm32f10x_crc.c...
compiling stm32f10x_dac.c...
compiling stm32f10x_dbgmcu.c...
compiling stm32f10x_dma.c...
compiling stm32f10x_flash.c...
compiling stm32f10x_fsmc.c...
compiling stm32f10x_i2c.c...
compiling stm32f10x_iwdg.c...
compiling stm32f10x_pwr.c...
compiling stm32f10x_rtc.c...
compiling stm32f10x_sdio.c...
compiling stm32f10x_spi.c...
compiling stm32f10x_tim.c...
compiling stm32f10x_usart.c...
compiling stm32f10x_wwdg.c...
compiling core_cm3.c...
compiling system_stm32f10x.c...
assembling startup_stm32f10x_hd.s...
compiling system.c...
compiling sys.c...
compiling delay.c...
compiling usart.c...
compiling motor.c...
compiling IRSEARCH.c...
compiling keysacn.c...
compiling UltrasonicWave.c...
compiling timer.c...
compiling IRAvoid.c...
linking...
Program Size: Code=7356 RO-data=336 RW-data=56 ZI-data=1224  
FromELF: creating hex file...
".\Objects\HJduino.axf" - 0 Error(s), 0 Warning(s).

<h2>Collection of Component include folders:</h2>
  E:\STM32F103ZET6麦克纳姆轮HJ-ZE机器人\STM32F103ZET6麦克纳姆轮HJ-ZE机器人\STM32F103ZET6麦克纳姆轮HJ-ZE机器人\2 HJ-ZE机器人实验源码\11 HJ-ZE机器人超声波避障程序（无舵机）\RTE
  C:\Keil_v5\ARM\PACK\Keil\STM32F1xx_DFP\2.1.0

<h2>Collection of Component Files used:</h2>
</pre>
</body>
</html>
