<html>
<body>
<pre>
<h1>礦ision Build Log</h1>
<h2>Tool Versions:</h2>
IDE-Version: μVision V5.12.0.0
Copyright (C) 2014 ARM Ltd and ARM Germany GmbH. All rights reserved.
License Information: 00 000, 00, LIC=----
 
Tool Versions:
Toolchain:       MDK-Lite  Version: 5.12.0.0
Toolchain Path:  C:\Keil_v5\ARM\ARMCC\Bin
C Compiler:      Armcc.exe V5.05 (build 41)
Assembler:       Armasm.exe V5.05 (build 41)
Linker/Locator:  ArmLink.exe V5.05 (build 41)
Library Manager: ArmAr.exe V5.05 (build 41)
Hex Converter:   FromElf.exe V5.05 (build 41)
CPU DLL:         SARMCM3.DLL V5.12.0.0
Dialog DLL:      DCM.DLL V1.13.0.0
Target DLL:      UL2CM3.DLL V1.153.0.0
Dialog DLL:      TCM.DLL V1.14.2.0
 
<h2>Project:</h2>
E:\STM32F103ZET6麦克纳姆轮HJ-ZE机器人\STM32F103ZET6麦克纳姆轮HJ-ZE机器人\2 HJ-ZE机器人实验源码\10 HJ-ZE机器人红外避障实验\HJduino.uvprojx
Project File Date:  12/29/2023

<h2>Output:</h2>
Build target 'HJduino'
compiling IRAvoid.c...
linking...
Program Size: Code=5040 RO-data=336 RW-data=40 ZI-data=1224  
FromELF: creating hex file...
".\Objects\HJduino.axf" - 0 Error(s), 0 Warning(s).

<h2>Collection of Component include folders:</h2>
  E:\STM32F103ZET6麦克纳姆轮HJ-ZE机器人\STM32F103ZET6麦克纳姆轮HJ-ZE机器人\2 HJ-ZE机器人实验源码\10 HJ-ZE机器人红外避障实验\RTE
  C:\Keil_v5\ARM\PACK\Keil\STM32F1xx_DFP\2.1.0

<h2>Collection of Component Files used:</h2>
</pre>
</body>
</html>
