<html>
<body>
<pre>
<h1>礦ision Build Log</h1>
<h2>Tool Versions:</h2>
IDE-Version: μVision V5.21.1.0
Copyright (C) 2016 ARM Ltd and ARM Germany GmbH. All rights reserved.
License Information: 00 00, 00, LIC=----
 
Tool Versions:
Toolchain:       MDK-Lite  Version: 5.21a
Toolchain Path:  C:\Keil_v5\ARM\ARMCC\Bin
C Compiler:      Armcc.exe V5.06 update 3 (build 300)
Assembler:       Armasm.exe V5.06 update 3 (build 300)
Linker/Locator:  ArmLink.exe V5.06 update 3 (build 300)
Library Manager: ArmAr.exe V5.06 update 3 (build 300)
Hex Converter:   FromElf.exe V5.06 update 3 (build 300)
CPU DLL:         SARMCM3.DLL V5.21a
Dialog DLL:      DCM.DLL V1.13.8.0
Target DLL:      UL2CM3.DLL V1.158.5.0
Dialog DLL:      TCM.DLL V1.14.14.0
 
<h2>Project:</h2>
E:\2024 STM32视频教程\STM32F103ZET6麦克纳姆轮HJ-ZE机器人\STM32F103ZET6麦克纳姆轮HJ-ZE机器人\2 HJ-ZE机器人实验源码\19 HJ-ZE全向轮机器人按键启动小车行走\HJduino.uvprojx
Project File Date:  01/03/2024

<h2>Output:</h2>
*** Using Compiler 'V5.06 update 3 (build 300)', folder: 'C:\Keil_v5\ARM\ARMCC\Bin'
Build target 'HJduino'
compiling stm32f10x_dma.c...
compiling stm32f10x_bkp.c...
compiling stm32f10x_dac.c...
compiling stm32f10x_exti.c...
compiling stm32f10x_it.c...
compiling stm32f10x_dbgmcu.c...
compiling stm32f10x_i2c.c...
compiling stm32f10x_rtc.c...
compiling stm32f10x_sdio.c...
compiling main.c...
User\main.c(29): warning:  #223-D: function "HJduino_HJ_ZE_L" declared implicitly
  		 HJduino_HJ_ZE_L(0);//????1s	
User\main.c(32): warning:  #223-D: function "HJduino_HJ_ZE_R" declared implicitly
  		 HJduino_HJ_ZE_R(0);//????1s
User\main.c: 2 warnings, 0 errors
compiling misc.c...
compiling stm32f10x_tim.c...
compiling stm32f10x_iwdg.c...
compiling stm32f10x_fsmc.c...
compiling stm32f10x_pwr.c...
compiling stm32f10x_crc.c...
compiling stm32f10x_cec.c...
compiling stm32f10x_gpio.c...
compiling stm32f10x_spi.c...
assembling startup_stm32f10x_hd.s...
compiling stm32f10x_adc.c...
compiling core_cm3.c...
compiling stm32f10x_flash.c...
compiling stm32f10x_rcc.c...
compiling stm32f10x_can.c...
compiling stm32f10x_usart.c...
compiling system_stm32f10x.c...
compiling stm32f10x_wwdg.c...
compiling delay.c...
compiling system.c...
compiling usart.c...
compiling keysacn.c...
compiling sys.c...
compiling motor.c...
SYSTEM\motor\motor.c(255): warning:  #177-D: variable "f_speed" was declared but never referenced
   			signed char f_speed = - speed;
SYSTEM\motor\motor.c(263): warning:  #177-D: variable "f_speed" was declared but never referenced
  		  signed char f_speed = - speed;
SYSTEM\motor\motor.c(271): warning:  #177-D: variable "f_speed" was declared but never referenced
  	  signed char f_speed = - u_speed;
SYSTEM\motor\motor.c(279): warning:  #177-D: variable "f_speed" was declared but never referenced
  	  signed char f_speed = - u_speed;
SYSTEM\motor\motor.c: 4 warnings, 0 errors
linking...
Program Size: Code=5004 RO-data=336 RW-data=32 ZI-data=1224  
FromELF: creating hex file...
".\Objects\HJduino.axf" - 0 Error(s), 6 Warning(s).

<h2>Collection of Component include folders:</h2>
  E:\2024 STM32视频教程\STM32F103ZET6麦克纳姆轮HJ-ZE机器人\STM32F103ZET6麦克纳姆轮HJ-ZE机器人\2 HJ-ZE机器人实验源码\19 HJ-ZE全向轮机器人按键启动小车行走\RTE
  C:\Keil_v5\ARM\PACK\Keil\STM32F1xx_DFP\2.2.0\Device\Include

<h2>Collection of Component Files used:</h2>
Build Time Elapsed:  00:00:01
</pre>
</body>
</html>
