Archive member included to satisfy reference by file (symbol)

D:/ST/STM32CubeIDE_1.16.0/STM32CubeIDE/plugins/com.st.stm32cube.ide.mcu.externaltools.gnu-tools-for-stm32.12.3.rel1.win32_1.0.200.202406191623/tools/bin/../lib/gcc/arm-none-eabi/12.3.1/../../../../arm-none-eabi/lib/thumb/v7-m/nofp\libc_nano.a(libc_a-exit.o)
                              D:/ST/STM32CubeIDE_1.16.0/STM32CubeIDE/plugins/com.st.stm32cube.ide.mcu.externaltools.gnu-tools-for-stm32.12.3.rel1.win32_1.0.200.202406191623/tools/bin/../lib/gcc/arm-none-eabi/12.3.1/../../../../arm-none-eabi/lib/thumb/v7-m/nofp/crt0.o (exit)
D:/ST/STM32CubeIDE_1.16.0/STM32CubeIDE/plugins/com.st.stm32cube.ide.mcu.externaltools.gnu-tools-for-stm32.12.3.rel1.win32_1.0.200.202406191623/tools/bin/../lib/gcc/arm-none-eabi/12.3.1/../../../../arm-none-eabi/lib/thumb/v7-m/nofp\libc_nano.a(libc_a-findfp.o)
                              D:/ST/STM32CubeIDE_1.16.0/STM32CubeIDE/plugins/com.st.stm32cube.ide.mcu.externaltools.gnu-tools-for-stm32.12.3.rel1.win32_1.0.200.202406191623/tools/bin/../lib/gcc/arm-none-eabi/12.3.1/../../../../arm-none-eabi/lib/thumb/v7-m/nofp\libc_nano.a(libc_a-exit.o) (__stdio_exit_handler)
D:/ST/STM32CubeIDE_1.16.0/STM32CubeIDE/plugins/com.st.stm32cube.ide.mcu.externaltools.gnu-tools-for-stm32.12.3.rel1.win32_1.0.200.202406191623/tools/bin/../lib/gcc/arm-none-eabi/12.3.1/../../../../arm-none-eabi/lib/thumb/v7-m/nofp\libc_nano.a(libc_a-fwalk.o)
                              D:/ST/STM32CubeIDE_1.16.0/STM32CubeIDE/plugins/com.st.stm32cube.ide.mcu.externaltools.gnu-tools-for-stm32.12.3.rel1.win32_1.0.200.202406191623/tools/bin/../lib/gcc/arm-none-eabi/12.3.1/../../../../arm-none-eabi/lib/thumb/v7-m/nofp\libc_nano.a(libc_a-findfp.o) (_fwalk_sglue)
D:/ST/STM32CubeIDE_1.16.0/STM32CubeIDE/plugins/com.st.stm32cube.ide.mcu.externaltools.gnu-tools-for-stm32.12.3.rel1.win32_1.0.200.202406191623/tools/bin/../lib/gcc/arm-none-eabi/12.3.1/../../../../arm-none-eabi/lib/thumb/v7-m/nofp\libc_nano.a(libc_a-printf.o)
                              ./Core/Src/ft5206.o (printf)
D:/ST/STM32CubeIDE_1.16.0/STM32CubeIDE/plugins/com.st.stm32cube.ide.mcu.externaltools.gnu-tools-for-stm32.12.3.rel1.win32_1.0.200.202406191623/tools/bin/../lib/gcc/arm-none-eabi/12.3.1/../../../../arm-none-eabi/lib/thumb/v7-m/nofp\libc_nano.a(libc_a-stdio.o)
                              D:/ST/STM32CubeIDE_1.16.0/STM32CubeIDE/plugins/com.st.stm32cube.ide.mcu.externaltools.gnu-tools-for-stm32.12.3.rel1.win32_1.0.200.202406191623/tools/bin/../lib/gcc/arm-none-eabi/12.3.1/../../../../arm-none-eabi/lib/thumb/v7-m/nofp\libc_nano.a(libc_a-findfp.o) (__sread)
D:/ST/STM32CubeIDE_1.16.0/STM32CubeIDE/plugins/com.st.stm32cube.ide.mcu.externaltools.gnu-tools-for-stm32.12.3.rel1.win32_1.0.200.202406191623/tools/bin/../lib/gcc/arm-none-eabi/12.3.1/../../../../arm-none-eabi/lib/thumb/v7-m/nofp\libc_nano.a(libc_a-memset.o)
                              D:/ST/STM32CubeIDE_1.16.0/STM32CubeIDE/plugins/com.st.stm32cube.ide.mcu.externaltools.gnu-tools-for-stm32.12.3.rel1.win32_1.0.200.202406191623/tools/bin/../lib/gcc/arm-none-eabi/12.3.1/../../../../arm-none-eabi/lib/thumb/v7-m/nofp/crt0.o (memset)
D:/ST/STM32CubeIDE_1.16.0/STM32CubeIDE/plugins/com.st.stm32cube.ide.mcu.externaltools.gnu-tools-for-stm32.12.3.rel1.win32_1.0.200.202406191623/tools/bin/../lib/gcc/arm-none-eabi/12.3.1/../../../../arm-none-eabi/lib/thumb/v7-m/nofp\libc_nano.a(libc_a-closer.o)
                              D:/ST/STM32CubeIDE_1.16.0/STM32CubeIDE/plugins/com.st.stm32cube.ide.mcu.externaltools.gnu-tools-for-stm32.12.3.rel1.win32_1.0.200.202406191623/tools/bin/../lib/gcc/arm-none-eabi/12.3.1/../../../../arm-none-eabi/lib/thumb/v7-m/nofp\libc_nano.a(libc_a-stdio.o) (_close_r)
D:/ST/STM32CubeIDE_1.16.0/STM32CubeIDE/plugins/com.st.stm32cube.ide.mcu.externaltools.gnu-tools-for-stm32.12.3.rel1.win32_1.0.200.202406191623/tools/bin/../lib/gcc/arm-none-eabi/12.3.1/../../../../arm-none-eabi/lib/thumb/v7-m/nofp\libc_nano.a(libc_a-reent.o)
                              D:/ST/STM32CubeIDE_1.16.0/STM32CubeIDE/plugins/com.st.stm32cube.ide.mcu.externaltools.gnu-tools-for-stm32.12.3.rel1.win32_1.0.200.202406191623/tools/bin/../lib/gcc/arm-none-eabi/12.3.1/../../../../arm-none-eabi/lib/thumb/v7-m/nofp\libc_nano.a(libc_a-closer.o) (errno)
D:/ST/STM32CubeIDE_1.16.0/STM32CubeIDE/plugins/com.st.stm32cube.ide.mcu.externaltools.gnu-tools-for-stm32.12.3.rel1.win32_1.0.200.202406191623/tools/bin/../lib/gcc/arm-none-eabi/12.3.1/../../../../arm-none-eabi/lib/thumb/v7-m/nofp\libc_nano.a(libc_a-impure.o)
                              D:/ST/STM32CubeIDE_1.16.0/STM32CubeIDE/plugins/com.st.stm32cube.ide.mcu.externaltools.gnu-tools-for-stm32.12.3.rel1.win32_1.0.200.202406191623/tools/bin/../lib/gcc/arm-none-eabi/12.3.1/../../../../arm-none-eabi/lib/thumb/v7-m/nofp\libc_nano.a(libc_a-printf.o) (_impure_ptr)
[...]
Memory Configuration

Name             Origin             Length             Attributes
RAM              0x20000000         0x0000c000         xrw
FLASH            0x08000000         0x00040000         xr
*default*        0x00000000         0xffffffff

Linker script and memory map

LOAD D:/ST/STM32CubeIDE_1.16.0/STM32CubeIDE/plugins/com.st.stm32cube.ide.mcu.externaltools.gnu-tools-for-stm32.12.3.rel1.win32_1.0.200.202406191623/tools/bin/../lib/gcc/arm-none-eabi/12.3.1/thumb/v7-m/nofp/crti.o
LOAD D:/ST/STM32CubeIDE_1.16.0/STM32CubeIDE/plugins/com.st.stm32cube.ide.mcu.externaltools.gnu-tools-for-stm32.12.3.rel1.win32_1.0.200.202406191623/tools/bin/../lib/gcc/arm-none-eabi/12.3.1/thumb/v7-m/nofp/crtbegin.o
LOAD D:/ST/STM32CubeIDE_1.16.0/STM32CubeIDE/plugins/com.st.stm32cube.ide.mcu.externaltools.gnu-tools-for-stm32.12.3.rel1.win32_1.0.200.202406191623/tools/bin/../lib/gcc/arm-none-eabi/12.3.1/../../../../arm-none-eabi/lib/thumb/v7-m/nofp/crt0.o
LOAD ./Core/Src/24cxx.o
LOAD ./Core/Src/ctiic.o
LOAD ./Core/Src/delay.o
LOAD ./Core/Src/ft5206.o
LOAD ./Core/Src/gt9147.o
LOAD ./Core/Src/lcd.o
LOAD ./Core/Src/main.o
LOAD ./Core/Src/ott2001a.o
LOAD ./Core/Src/stm32f1xx_hal_msp.o
LOAD ./Core/Src/stm32f1xx_it.o
LOAD ./Core/Src/sys.o
LOAD ./Core/Src/syscalls.o
LOAD ./Core/Src/sysmem.o
LOAD ./Core/Src/system_stm32f1xx.o
LOAD ./Core/Src/touch.o
LOAD ./Core/Startup/startup_stm32f103rctx.o
LOAD ./Drivers/STM32F1xx_HAL_Driver/Src/stm32f1xx_hal.o
LOAD ./Drivers/STM32F1xx_HAL_Driver/Src/stm32f1xx_hal_cortex.o
LOAD ./Drivers/STM32F1xx_HAL_Driver/Src/stm32f1xx_hal_dma.o
LOAD ./Drivers/STM32F1xx_HAL_Driver/Src/stm32f1xx_hal_exti.o
LOAD ./Drivers/STM32F1xx_HAL_Driver/Src/stm32f1xx_hal_flash.o
LOAD ./Drivers/STM32F1xx_HAL_Driver/Src/stm32f1xx_hal_flash_ex.o
LOAD ./Drivers/STM32F1xx_HAL_Driver/Src/stm32f1xx_hal_gpio.o
LOAD ./Drivers/STM32F1xx_HAL_Driver/Src/stm32f1xx_hal_gpio_ex.o
LOAD ./Drivers/STM32F1xx_HAL_Driver/Src/stm32f1xx_hal_pwr.o
LOAD ./Drivers/STM32F1xx_HAL_Driver/Src/stm32f1xx_hal_rcc.o
LOAD ./Drivers/STM32F1xx_HAL_Driver/Src/stm32f1xx_hal_rcc_ex.o
LOAD ./Drivers/STM32F1xx_HAL_Driver/Src/stm32f1xx_hal_tim.o
LOAD ./Drivers/STM32F1xx_HAL_Driver/Src/stm32f1xx_hal_tim_ex.o
LOAD ./Drivers/STM32F1xx_HAL_Driver/Src/stm32f1xx_hal_uart.o
START GROUP
LOAD D:/ST/STM32CubeIDE_1.16.0/STM32CubeIDE/plugins/com.st.stm32cube.ide.mcu.externaltools.gnu-tools-for-stm32.12.3.rel1.win32_1.0.200.202406191623/tools/bin/../lib/gcc/arm-none-eabi/12.3.1/../../../../arm-none-eabi/lib/thumb/v7-m/nofp\libc_nano.a
LOAD D:/ST/STM32CubeIDE_1.16.0/STM32CubeIDE/plugins/com.st.stm32cube.ide.mcu.externaltools.gnu-tools-for-stm32.12.3.rel1.win32_1.0.200.202406191623/tools/bin/../lib/gcc/arm-none-eabi/12.3.1/../../../../arm-none-eabi/lib/thumb/v7-m/nofp\libm.a
END GROUP
START GROUP
LOAD D:/ST/STM32CubeIDE_1.16.0/STM32CubeIDE/plugins/com.st.stm32cube.ide.mcu.externaltools.gnu-tools-for-stm32.12.3.rel1.win32_1.0.200.202406191623/tools/bin/../lib/gcc/arm-none-eabi/12.3.1/thumb/v7-m/nofp\libgcc.a
LOAD D:/ST/STM32CubeIDE_1.16.0/STM32CubeIDE/plugins/com.st.stm32cube.ide.mcu.externaltools.gnu-tools-for-stm32.12.3.rel1.win32_1.0.200.202406191623/tools/bin/../lib/gcc/arm-none-eabi/12.3.1/../../../../arm-none-eabi/lib/thumb/v7-m/nofp\libc_nano.a
END GROUP
START GROUP
LOAD D:/ST/STM32CubeIDE_1.16.0/STM32CubeIDE/plugins/com.st.stm32cube.ide.mcu.externaltools.gnu-tools-for-stm32.12.3.rel1.win32_1.0.200.202406191623/tools/bin/../lib/gcc/arm-none-eabi/12.3.1/thumb/v7-m/nofp\libgcc.a
LOAD D:/ST/STM32CubeIDE_1.16.0/STM32CubeIDE/plugins/com.st.stm32cube.ide.mcu.externaltools.gnu-tools-for-stm32.12.3.rel1.win32_1.0.200.202406191623/tools/bin/../lib/gcc/arm-none-eabi/12.3.1/../../../../arm-none-eabi/lib/thumb/v7-m/nofp\libc_nano.a
LOAD D:/ST/STM32CubeIDE_1.16.0/STM32CubeIDE/plugins/com.st.stm32cube.ide.mcu.externaltools.gnu-tools-for-stm32.12.3.rel1.win32_1.0.200.202406191623/tools/bin/../lib/gcc/arm-none-eabi/12.3.1/../../../../arm-none-eabi/lib/thumb/v7-m/nofp\libnosys.a
END GROUP
START GROUP
LOAD D:/ST/STM32CubeIDE_1.16.0/STM32CubeIDE/plugins/com.st.stm32cube.ide.mcu.externaltools.gnu-tools-for-stm32.12.3.rel1.win32_1.0.200.202406191623/tools/bin/../lib/gcc/arm-none-eabi/12.3.1/thumb/v7-m/nofp\libgcc.a
LOAD D:/ST/STM32CubeIDE_1.16.0/STM32CubeIDE/plugins/com.st.stm32cube.ide.mcu.externaltools.gnu-tools-for-stm32.12.3.rel1.win32_1.0.200.202406191623/tools/bin/../lib/gcc/arm-none-eabi/12.3.1/../../../../arm-none-eabi/lib/thumb/v7-m/nofp\libc_nano.a
LOAD D:/ST/STM32CubeIDE_1.16.0/STM32CubeIDE/plugins/com.st.stm32cube.ide.mcu.externaltools.gnu-tools-for-stm32.12.3.rel1.win32_1.0.200.202406191623/tools/bin/../lib/gcc/arm-none-eabi/12.3.1/../../../../arm-none-eabi/lib/thumb/v7-m/nofp\libnosys.a
END GROUP
LOAD D:/ST/STM32CubeIDE_1.16.0/STM32CubeIDE/plugins/com.st.stm32cube.ide.mcu.externaltools.gnu-tools-for-stm32.12.3.rel1.win32_1.0.200.202406191623/tools/bin/../lib/gcc/arm-none-eabi/12.3.1/thumb/v7-m/nofp/crtend.o
LOAD D:/ST/STM32CubeIDE_1.16.0/STM32CubeIDE/plugins/com.st.stm32cube.ide.mcu.externaltools.gnu-tools-for-stm32.12.3.rel1.win32_1.0.200.202406191623/tools/bin/../lib/gcc/arm-none-eabi/12.3.1/thumb/v7-m/nofp/crtn.o
                0x2000c000                        _estack = (ORIGIN (RAM) + LENGTH (RAM))
                0x00000200                        _Min_Heap_Size = 0x200
                0x00000400                        _Min_Stack_Size = 0x400

.isr_vector     0x08000000      0x1e4
                0x08000000                        . = ALIGN (0x4)
 *(.isr_vector)
 .isr_vector    0x08000000      0x1e4 ./Core/Startup/startup_stm32f103rctx.o
                0x08000000                g_pfnVectors
                0x080001e4                        . = ALIGN (0x4)

.text           0x080001e8     0x8a88
                0x080001e8                        . = ALIGN (0x4)
 *(.text)
 .text          0x080001e8       0x40 D:/ST/STM32CubeIDE_1.16.0/STM32CubeIDE/plugins/com.st.stm32cube.ide.mcu.externaltools.gnu-tools-for-stm32.12.3.rel1.win32_1.0.200.202406191623/tools/bin/../lib/gcc/arm-none-eabi/12.3.1/thumb/v7-m/nofp/crtbegin.o
 .text          0x08000228      0x378 D:/ST/STM32CubeIDE_1.16.0/STM32CubeIDE/plugins/com.st.stm32cube.ide.mcu.externaltools.gnu-tools-for-stm32.12.3.rel1.win32_1.0.200.202406191623/tools/bin/../lib/gcc/arm-none-eabi/12.3.1/thumb/v7-m/nofp\libgcc.a(_arm_addsubdf3.o)
                0x08000228                __aeabi_drsub
                0x08000230                __aeabi_dsub
                0x08000230                __subdf3
                0x08000234                __aeabi_dadd
                0x08000234                __adddf3
                0x080004ac                __floatunsidf
                0x080004ac                __aeabi_ui2d
                0x080004cc                __floatsidf
                0x080004cc                __aeabi_i2d
                0x080004f0                __aeabi_f2d
                0x080004f0                __extendsfdf2
                0x08000534                __floatundidf
                0x08000534                __aeabi_ul2d
                0x08000544                __floatdidf
                0x08000544                __aeabi_l2d
 .text          0x080005a0      0x424 D:/ST/STM32CubeIDE_1.16.0/STM32CubeIDE/plugins/com.st.stm32cube.ide.mcu.externaltools.gnu-tools-for-stm32.12.3.rel1.win32_1.0.200.202406191623/tools/bin/../lib/gcc/arm-none-eabi/12.3.1/thumb/v7-m/nofp\libgcc.a(_arm_muldivdf3.o)
                0x080005a0                __aeabi_dmul
                0x080005a0                __muldf3
                0x080007f4                __divdf3
                0x080007f4                __aeabi_ddiv
 .text          0x080009c4       0x40 D:/ST/STM32CubeIDE_1.16.0/STM32CubeIDE/plugins/com.st.stm32cube.ide.mcu.externaltools.gnu-tools-for-stm32.12.3.rel1.win32_1.0.200.202406191623/tools/bin/../lib/gcc/arm-none-eabi/12.3.1/thumb/v7-m/nofp\libgcc.a(_arm_fixunsdfsi.o)
                0x080009c4                __aeabi_d2uiz
                0x080009c4                __fixunsdfsi
 *(.text*)
 .text.LCD_WR_REG
                0x08000a04       0x48 ./Core/Src/lcd.o
                0x08000a04                LCD_WR_REG
 .text.LCD_WR_DATAX
                0x08000a4c       0x48 ./Core/Src/lcd.o
                0x08000a4c                LCD_WR_DATAX
 .text.LCD_RD_DATA
                0x08000a94       0x88 ./Core/Src/lcd.o
                0x08000a94                LCD_RD_DATA
 .text.LCD_WriteReg
                0x08000b1c       0x54 ./Core/Src/lcd.o
                0x08000b1c                LCD_WriteReg
 .text.LCD_ReadReg
                0x08000b70       0x20 ./Core/Src/lcd.o
                0x08000b70                LCD_ReadReg
 .text.LCD_WriteRAM_Prepare
                0x08000b90       0x18 ./Core/Src/lcd.o
                0x08000b90                LCD_WriteRAM_Prepare
 .text.LCD_SetCursor
                0x08000ba8      0x598 ./Core/Src/lcd.o
                0x08000ba8                LCD_SetCursor
 .text.LCD_Scan_Dir
                0x08001140      0x624 ./Core/Src/lcd.o
                0x08001140                LCD_Scan_Dir
 .text.LCD_Fast_DrawPoint
                0x08001764      0x52c ./Core/Src/lcd.o
                0x08001764                LCD_Fast_DrawPoint
 .text.LCD_SSD_BackLightSet
                0x08001c90      0x148 ./Core/Src/lcd.o
                0x08001c90                LCD_SSD_BackLightSet
 .text.LCD_Display_Dir
                0x08001dd8      0x218 ./Core/Src/lcd.o
                0x08001dd8                LCD_Display_Dir
 .text.LCD_Init
                0x08001ff0     0x3e5c ./Core/Src/lcd.o
                0x08001ff0                LCD_Init
 .text.LCD_Clear
                0x08005e4c       0xc4 ./Core/Src/lcd.o
                0x08005e4c                LCD_Clear
 .text.LCD_ShowChar
                0x08005f10      0x15c ./Core/Src/lcd.o
                0x08005f10                LCD_ShowChar
 .text.LCD_ShowString
                0x0800606c       0x9a ./Core/Src/lcd.o
                0x0800606c                LCD_ShowString
 *fill*         0x08006106        0x2 
 .text.main     0x08006108       0x48 ./Core/Src/main.o
                0x08006108                main
 .text.SystemClock_Config
                0x08006150       0x8a ./Core/Src/main.o
                0x08006150                SystemClock_Config
 *fill*         0x080061da        0x2 
 .text.MX_USART1_UART_Init
                0x080061dc       0x54 ./Core/Src/main.o
 .text.MX_DMA_Init
                0x08006230       0x4c ./Core/Src/main.o
 .text.MX_GPIO_Init
                0x0800627c       0x44 ./Core/Src/main.o
 .text.Error_Handler
                0x080062c0        0xc ./Core/Src/main.o
                0x080062c0                Error_Handler
 .text.HAL_MspInit
                0x080062cc       0x64 ./Core/Src/stm32f1xx_hal_msp.o
                0x080062cc                HAL_MspInit
 .text.HAL_UART_MspInit
                0x08006330      0x154 ./Core/Src/stm32f1xx_hal_msp.o
                0x08006330                HAL_UART_MspInit
 .text.NMI_Handler
                0x08006484        0x8 ./Core/Src/stm32f1xx_it.o
                0x08006484                NMI_Handler
 .text.HardFault_Handler
                0x0800648c        0x8 ./Core/Src/stm32f1xx_it.o
                0x0800648c                HardFault_Handler
 .text.MemManage_Handler
                0x08006494        0x8 ./Core/Src/stm32f1xx_it.o
                0x08006494                MemManage_Handler
 .text.BusFault_Handler
                0x0800649c        0x8 ./Core/Src/stm32f1xx_it.o
                0x0800649c                BusFault_Handler
 .text.UsageFault_Handler
                0x080064a4        0x8 ./Core/Src/stm32f1xx_it.o
                0x080064a4                UsageFault_Handler
 .text.SVC_Handler
                0x080064ac        0xc ./Core/Src/stm32f1xx_it.o
                0x080064ac                SVC_Handler
 .text.DebugMon_Handler
                0x080064b8        0xc ./Core/Src/stm32f1xx_it.o
                0x080064b8                DebugMon_Handler
 .text.PendSV_Handler
                0x080064c4        0xc ./Core/Src/stm32f1xx_it.o
                0x080064c4                PendSV_Handler
 .text.SysTick_Handler
                0x080064d0        0xc ./Core/Src/stm32f1xx_it.o
                0x080064d0                SysTick_Handler
 .text.DMA1_Channel4_IRQHandler
                0x080064dc       0x14 ./Core/Src/stm32f1xx_it.o
                0x080064dc                DMA1_Channel4_IRQHandler
 .text.DMA1_Channel5_IRQHandler
                0x080064f0       0x14 ./Core/Src/stm32f1xx_it.o
                0x080064f0                DMA1_Channel5_IRQHandler
 .text.USART1_IRQHandler
                0x08006504       0x14 ./Core/Src/stm32f1xx_it.o
                0x08006504                USART1_IRQHandler
 .text.HAL_UARTEx_RxEventCallback
                0x08006518       0x58 ./Core/Src/stm32f1xx_it.o
                0x08006518                HAL_UARTEx_RxEventCallback
 .text.HAL_UART_TxCpltCallback
                0x08006570       0x40 ./Core/Src/stm32f1xx_it.o
                0x08006570                HAL_UART_TxCpltCallback
 .text.SystemInit
                0x080065b0        0xc ./Core/Src/system_stm32f1xx.o
                0x080065b0                SystemInit
 .text.Reset_Handler
                0x080065bc       0x48 ./Core/Startup/startup_stm32f103rctx.o
                0x080065bc                Reset_Handler
 .text.Default_Handler
                0x08006604        0x2 ./Core/Startup/startup_stm32f103rctx.o
                0x08006604                RTC_Alarm_IRQHandler
                0x08006604                EXTI2_IRQHandler
                0x08006604                TIM8_TRG_COM_IRQHandler
                0x08006604                TIM8_CC_IRQHandler
                0x08006604                TIM1_CC_IRQHandler
                0x08006604                TIM6_IRQHandler
                0x08006604                PVD_IRQHandler
                0x08006604                SDIO_IRQHandler
                0x08006604                EXTI3_IRQHandler
                0x08006604                EXTI0_IRQHandler
                0x08006604                I2C2_EV_IRQHandler
                0x08006604                ADC1_2_IRQHandler
                0x08006604                SPI1_IRQHandler
                0x08006604                TAMPER_IRQHandler
                0x08006604                TIM8_UP_IRQHandler
                0x08006604                DMA2_Channel2_IRQHandler
                0x08006604                USART3_IRQHandler
                0x08006604                RTC_IRQHandler
                0x08006604                DMA1_Channel7_IRQHandler
                0x08006604                CAN1_RX1_IRQHandler
                0x08006604                UART5_IRQHandler
                0x08006604                ADC3_IRQHandler
                0x08006604                TIM4_IRQHandler
                0x08006604                DMA2_Channel1_IRQHandler
                0x08006604                I2C1_EV_IRQHandler
                0x08006604                DMA1_Channel6_IRQHandler
                0x08006604                UART4_IRQHandler
                0x08006604                TIM3_IRQHandler
                0x08006604                RCC_IRQHandler
                0x08006604                TIM1_TRG_COM_IRQHandler
                0x08006604                DMA1_Channel1_IRQHandler
                0x08006604                Default_Handler
                0x08006604                EXTI15_10_IRQHandler
                0x08006604                TIM7_IRQHandler
                0x08006604                TIM5_IRQHandler
                0x08006604                EXTI9_5_IRQHandler
                0x08006604                SPI2_IRQHandler
                0x08006604                EXTI4_IRQHandler
                0x08006604                USB_LP_CAN1_RX0_IRQHandler
                0x08006604                USB_HP_CAN1_TX_IRQHandler
                0x08006604                DMA1_Channel3_IRQHandler
                0x08006604                FSMC_IRQHandler
                0x08006604                TIM1_UP_IRQHandler
                0x08006604                WWDG_IRQHandler
                0x08006604                TIM2_IRQHandler
                0x08006604                TIM1_BRK_IRQHandler
                0x08006604                EXTI1_IRQHandler
                0x08006604                DMA2_Channel4_5_IRQHandler
                0x08006604                USART2_IRQHandler
                0x08006604                I2C2_ER_IRQHandler
                0x08006604                DMA1_Channel2_IRQHandler
                0x08006604                TIM8_BRK_IRQHandler
                0x08006604                CAN1_SCE_IRQHandler
                0x08006604                FLASH_IRQHandler
                0x08006604                SPI3_IRQHandler
                0x08006604                I2C1_ER_IRQHandler
                0x08006604                USBWakeUp_IRQHandler
                0x08006604                DMA2_Channel3_IRQHandler
 *fill*         0x08006606        0x2 
 .text.HAL_Init
                0x08006608       0x2c ./Drivers/STM32F1xx_HAL_Driver/Src/stm32f1xx_hal.o
                0x08006608                HAL_Init
 .text.HAL_InitTick
                0x08006634       0x60 ./Drivers/STM32F1xx_HAL_Driver/Src/stm32f1xx_hal.o
                0x08006634                HAL_InitTick
 .text.HAL_IncTick
                0x08006694       0x24 ./Drivers/STM32F1xx_HAL_Driver/Src/stm32f1xx_hal.o
                0x08006694                HAL_IncTick
 .text.HAL_GetTick
                0x080066b8       0x14 ./Drivers/STM32F1xx_HAL_Driver/Src/stm32f1xx_hal.o
                0x080066b8                HAL_GetTick
 .text.HAL_Delay
                0x080066cc       0x48 ./Drivers/STM32F1xx_HAL_Driver/Src/stm32f1xx_hal.o
                0x080066cc                HAL_Delay
 .text.__NVIC_SetPriorityGrouping
                0x08006714       0x48 ./Drivers/STM32F1xx_HAL_Driver/Src/stm32f1xx_hal_cortex.o
 .text.__NVIC_GetPriorityGrouping
                0x0800675c       0x1c ./Drivers/STM32F1xx_HAL_Driver/Src/stm32f1xx_hal_cortex.o
 .text.__NVIC_EnableIRQ
                0x08006778       0x38 ./Drivers/STM32F1xx_HAL_Driver/Src/stm32f1xx_hal_cortex.o
 .text.__NVIC_SetPriority
                0x080067b0       0x54 ./Drivers/STM32F1xx_HAL_Driver/Src/stm32f1xx_hal_cortex.o
 .text.NVIC_EncodePriority
                0x08006804       0x64 ./Drivers/STM32F1xx_HAL_Driver/Src/stm32f1xx_hal_cortex.o
 .text.SysTick_Config
                0x08006868       0x44 ./Drivers/STM32F1xx_HAL_Driver/Src/stm32f1xx_hal_cortex.o
 .text.HAL_NVIC_SetPriorityGrouping
                0x080068ac       0x16 ./Drivers/STM32F1xx_HAL_Driver/Src/stm32f1xx_hal_cortex.o
                0x080068ac                HAL_NVIC_SetPriorityGrouping
 .text.HAL_NVIC_SetPriority
                0x080068c2       0x38 ./Drivers/STM32F1xx_HAL_Driver/Src/stm32f1xx_hal_cortex.o
                0x080068c2                HAL_NVIC_SetPriority
 .text.HAL_NVIC_EnableIRQ
                0x080068fa       0x1c ./Drivers/STM32F1xx_HAL_Driver/Src/stm32f1xx_hal_cortex.o
                0x080068fa                HAL_NVIC_EnableIRQ
 .text.HAL_SYSTICK_Config
                0x08006916       0x18 ./Drivers/STM32F1xx_HAL_Driver/Src/stm32f1xx_hal_cortex.o
                0x08006916                HAL_SYSTICK_Config
 *fill*         0x0800692e        0x2 
 .text.HAL_DMA_Init
                0x08006930       0xec ./Drivers/STM32F1xx_HAL_Driver/Src/stm32f1xx_hal_dma.o
                0x08006930                HAL_DMA_Init
 .text.HAL_DMA_Start_IT
                0x08006a1c       0xc0 ./Drivers/STM32F1xx_HAL_Driver/Src/stm32f1xx_hal_dma.o
                0x08006a1c                HAL_DMA_Start_IT
 .text.HAL_DMA_Abort
                0x08006adc       0x76 ./Drivers/STM32F1xx_HAL_Driver/Src/stm32f1xx_hal_dma.o
                0x08006adc                HAL_DMA_Abort
 *fill*         0x08006b52        0x2 
 .text.HAL_DMA_Abort_IT
                0x08006b54      0x210 ./Drivers/STM32F1xx_HAL_Driver/Src/stm32f1xx_hal_dma.o
                0x08006b54                HAL_DMA_Abort_IT
 .text.HAL_DMA_IRQHandler
                0x08006d64      0x478 ./Drivers/STM32F1xx_HAL_Driver/Src/stm32f1xx_hal_dma.o
                0x08006d64                HAL_DMA_IRQHandler
 .text.DMA_SetConfig
                0x080071dc       0x5a ./Drivers/STM32F1xx_HAL_Driver/Src/stm32f1xx_hal_dma.o
 *fill*         0x08007236        0x2 
 .text.HAL_GPIO_Init
                0x08007238      0x328 ./Drivers/STM32F1xx_HAL_Driver/Src/stm32f1xx_hal_gpio.o
                0x08007238                HAL_GPIO_Init
 .text.HAL_RCC_OscConfig
                0x08007560      0x504 ./Drivers/STM32F1xx_HAL_Driver/Src/stm32f1xx_hal_rcc.o
                0x08007560                HAL_RCC_OscConfig
 .text.HAL_RCC_ClockConfig
                0x08007a64      0x1d4 ./Drivers/STM32F1xx_HAL_Driver/Src/stm32f1xx_hal_rcc.o
                0x08007a64                HAL_RCC_ClockConfig
 .text.HAL_RCC_GetSysClockFreq
                0x08007c38       0xa8 ./Drivers/STM32F1xx_HAL_Driver/Src/stm32f1xx_hal_rcc.o
                0x08007c38                HAL_RCC_GetSysClockFreq
 .text.HAL_RCC_GetHCLKFreq
                0x08007ce0       0x14 ./Drivers/STM32F1xx_HAL_Driver/Src/stm32f1xx_hal_rcc.o
                0x08007ce0                HAL_RCC_GetHCLKFreq
 .text.HAL_RCC_GetPCLK1Freq
                0x08007cf4       0x28 ./Drivers/STM32F1xx_HAL_Driver/Src/stm32f1xx_hal_rcc.o
                0x08007cf4                HAL_RCC_GetPCLK1Freq
 .text.HAL_RCC_GetPCLK2Freq
                0x08007d1c       0x28 ./Drivers/STM32F1xx_HAL_Driver/Src/stm32f1xx_hal_rcc.o
                0x08007d1c                HAL_RCC_GetPCLK2Freq
 .text.RCC_Delay
                0x08007d44       0x3c ./Drivers/STM32F1xx_HAL_Driver/Src/stm32f1xx_hal_rcc.o
 .text.HAL_UART_Init
                0x08007d80       0xa0 ./Drivers/STM32F1xx_HAL_Driver/Src/stm32f1xx_hal_uart.o
                0x08007d80                HAL_UART_Init
 .text.HAL_UARTEx_ReceiveToIdle_DMA
                0x08007e20       0xb2 ./Drivers/STM32F1xx_HAL_Driver/Src/stm32f1xx_hal_uart.o
                0x08007e20                HAL_UARTEx_ReceiveToIdle_DMA
 *fill*         0x08007ed2        0x2 
 .text.HAL_UART_IRQHandler
                0x08007ed4      0x524 ./Drivers/STM32F1xx_HAL_Driver/Src/stm32f1xx_hal_uart.o
                0x08007ed4                HAL_UART_IRQHandler
 .text.HAL_UART_RxCpltCallback
                0x080083f8       0x12 ./Drivers/STM32F1xx_HAL_Driver/Src/stm32f1xx_hal_uart.o
                0x080083f8                HAL_UART_RxCpltCallback
 .text.HAL_UART_RxHalfCpltCallback
                0x0800840a       0x12 ./Drivers/STM32F1xx_HAL_Driver/Src/stm32f1xx_hal_uart.o
                0x0800840a                HAL_UART_RxHalfCpltCallback
 .text.HAL_UART_ErrorCallback
                0x0800841c       0x12 ./Drivers/STM32F1xx_HAL_Driver/Src/stm32f1xx_hal_uart.o
                0x0800841c                HAL_UART_ErrorCallback
 .text.UART_DMAReceiveCplt
                0x0800842e      0x12c ./Drivers/STM32F1xx_HAL_Driver/Src/stm32f1xx_hal_uart.o
 .text.UART_DMARxHalfCplt
                0x0800855a       0x3c ./Drivers/STM32F1xx_HAL_Driver/Src/stm32f1xx_hal_uart.o
 .text.UART_DMAError
                0x08008596       0x94 ./Drivers/STM32F1xx_HAL_Driver/Src/stm32f1xx_hal_uart.o
 *fill*         0x0800862a        0x2 
 .text.UART_Start_Receive_DMA
                0x0800862c      0x134 ./Drivers/STM32F1xx_HAL_Driver/Src/stm32f1xx_hal_uart.o
                0x0800862c                UART_Start_Receive_DMA
 .text.UART_EndTxTransfer
                0x08008760       0x4e ./Drivers/STM32F1xx_HAL_Driver/Src/stm32f1xx_hal_uart.o
 .text.UART_EndRxTransfer
                0x080087ae       0xc4 ./Drivers/STM32F1xx_HAL_Driver/Src/stm32f1xx_hal_uart.o
 .text.UART_DMAAbortOnError
                0x08008872       0x28 ./Drivers/STM32F1xx_HAL_Driver/Src/stm32f1xx_hal_uart.o
 .text.UART_Transmit_IT
                0x0800889a       0x9e ./Drivers/STM32F1xx_HAL_Driver/Src/stm32f1xx_hal_uart.o
 .text.UART_EndTransmit_IT
                0x08008938       0x30 ./Drivers/STM32F1xx_HAL_Driver/Src/stm32f1xx_hal_uart.o
 .text.UART_Receive_IT
                0x08008968      0x17c ./Drivers/STM32F1xx_HAL_Driver/Src/stm32f1xx_hal_uart.o
 .text.UART_SetConfig
                0x08008ae4      0x11c ./Drivers/STM32F1xx_HAL_Driver/Src/stm32f1xx_hal_uart.o
 .text.memset   0x08008c00       0x10 D:/ST/STM32CubeIDE_1.16.0/STM32CubeIDE/plugins/com.st.stm32cube.ide.mcu.externaltools.gnu-tools-for-stm32.12.3.rel1.win32_1.0.200.202406191623/tools/bin/../lib/gcc/arm-none-eabi/12.3.1/../../../../arm-none-eabi/lib/thumb/v7-m/nofp\libc_nano.a(libc_a-memset.o)
                0x08008c00                memset
 .text.__libc_init_array
                0x08008c10       0x48 D:/ST/STM32CubeIDE_1.16.0/STM32CubeIDE/plugins/com.st.stm32cube.ide.mcu.externaltools.gnu-tools-for-stm32.12.3.rel1.win32_1.0.200.202406191623/tools/bin/../lib/gcc/arm-none-eabi/12.3.1/../../../../arm-none-eabi/lib/thumb/v7-m/nofp\libc_nano.a(libc_a-init.o)
                0x08008c10                __libc_init_array
 *(.glue_7)
 .glue_7        0x08008c58        0x0 linker stubs
 *(.glue_7t)
 .glue_7t       0x08008c58        0x0 linker stubs
 *(.eh_frame)
 .eh_frame      0x08008c58        0x0 D:/ST/STM32CubeIDE_1.16.0/STM32CubeIDE/plugins/com.st.stm32cube.ide.mcu.externaltools.gnu-tools-for-stm32.12.3.rel1.win32_1.0.200.202406191623/tools/bin/../lib/gcc/arm-none-eabi/12.3.1/thumb/v7-m/nofp/crtbegin.o
 *(.init)
 .init          0x08008c58        0x4 D:/ST/STM32CubeIDE_1.16.0/STM32CubeIDE/plugins/com.st.stm32cube.ide.mcu.externaltools.gnu-tools-for-stm32.12.3.rel1.win32_1.0.200.202406191623/tools/bin/../lib/gcc/arm-none-eabi/12.3.1/thumb/v7-m/nofp/crti.o
                0x08008c58                _init
 .init          0x08008c5c        0x8 D:/ST/STM32CubeIDE_1.16.0/STM32CubeIDE/plugins/com.st.stm32cube.ide.mcu.externaltools.gnu-tools-for-stm32.12.3.rel1.win32_1.0.200.202406191623/tools/bin/../lib/gcc/arm-none-eabi/12.3.1/thumb/v7-m/nofp/crtn.o
 *(.fini)
 .fini          0x08008c64        0x4 D:/ST/STM32CubeIDE_1.16.0/STM32CubeIDE/plugins/com.st.stm32cube.ide.mcu.externaltools.gnu-tools-for-stm32.12.3.rel1.win32_1.0.200.202406191623/tools/bin/../lib/gcc/arm-none-eabi/12.3.1/thumb/v7-m/nofp/crti.o
                0x08008c64                _fini
 .fini          0x08008c68        0x8 D:/ST/STM32CubeIDE_1.16.0/STM32CubeIDE/plugins/com.st.stm32cube.ide.mcu.externaltools.gnu-tools-for-stm32.12.3.rel1.win32_1.0.200.202406191623/tools/bin/../lib/gcc/arm-none-eabi/12.3.1/thumb/v7-m/nofp/crtn.o
                0x08008c70                        . = ALIGN (0x4)
                0x08008c70                        _etext = .

.vfp11_veneer   0x08008c70        0x0
 .vfp11_veneer  0x08008c70        0x0 linker stubs

.v4_bx          0x08008c70        0x0
 .v4_bx         0x08008c70        0x0 linker stubs

.iplt           0x08008c70        0x0
 .iplt          0x08008c70        0x0 D:/ST/STM32CubeIDE_1.16.0/STM32CubeIDE/plugins/com.st.stm32cube.ide.mcu.externaltools.gnu-tools-for-stm32.12.3.rel1.win32_1.0.200.202406191623/tools/bin/../lib/gcc/arm-none-eabi/12.3.1/thumb/v7-m/nofp/crtbegin.o

.rodata         0x08008c70     0x17f4
                0x08008c70                        . = ALIGN (0x4)
 *(.rodata)
 .rodata        0x08008c70        0x7 ./Core/Src/stm32f1xx_it.o
 *(.rodata*)
 *fill*         0x08008c77        0x1 
 .rodata.asc2_1206
                0x08008c78      0x474 ./Core/Src/lcd.o
                0x08008c78                asc2_1206
 .rodata.asc2_1608
                0x080090ec      0x5f0 ./Core/Src/lcd.o
                0x080090ec                asc2_1608
 .rodata.asc2_2412
                0x080096dc      0xd5c ./Core/Src/lcd.o
                0x080096dc                asc2_2412
 .rodata.AHBPrescTable
                0x0800a438       0x10 ./Core/Src/system_stm32f1xx.o
                0x0800a438                AHBPrescTable
 .rodata.APBPrescTable
                0x0800a448        0x8 ./Core/Src/system_stm32f1xx.o
                0x0800a448                APBPrescTable
 .rodata.aPLLMULFactorTable.1
                0x0800a450       0x10 ./Drivers/STM32F1xx_HAL_Driver/Src/stm32f1xx_hal_rcc.o
 .rodata.aPredivFactorTable.0
                0x0800a460        0x2 ./Drivers/STM32F1xx_HAL_Driver/Src/stm32f1xx_hal_rcc.o
                0x0800a464                        . = ALIGN (0x4)
 *fill*         0x0800a462        0x2 

.ARM.extab      0x0800a464        0x0
                0x0800a464                        . = ALIGN (0x4)
 *(.ARM.extab* .gnu.linkonce.armextab.*)
                0x0800a464                        . = ALIGN (0x4)

.ARM            0x0800a464        0x0
                0x0800a464                        . = ALIGN (0x4)
                0x0800a464                        __exidx_start = .
 *(.ARM.exidx*)
                0x0800a464                        __exidx_end = .
                0x0800a464                        . = ALIGN (0x4)

.preinit_array  0x0800a464        0x0
                0x0800a464                        . = ALIGN (0x4)
                0x0800a464                        PROVIDE (__preinit_array_start = .)
 *(.preinit_array*)
                0x0800a464                        PROVIDE (__preinit_array_end = .)
                0x0800a464                        . = ALIGN (0x4)

.init_array     0x0800a464        0x4
                0x0800a464                        . = ALIGN (0x4)
                0x0800a464                        PROVIDE (__init_array_start = .)
 *(SORT_BY_NAME(.init_array.*))
 *(.init_array*)
 .init_array    0x0800a464        0x4 D:/ST/STM32CubeIDE_1.16.0/STM32CubeIDE/plugins/com.st.stm32cube.ide.mcu.externaltools.gnu-tools-for-stm32.12.3.rel1.win32_1.0.200.202406191623/tools/bin/../lib/gcc/arm-none-eabi/12.3.1/thumb/v7-m/nofp/crtbegin.o
                0x0800a468                        PROVIDE (__init_array_end = .)
                0x0800a468                        . = ALIGN (0x4)

.fini_array     0x0800a468        0x4
                0x0800a468                        . = ALIGN (0x4)
                [!provide]                        PROVIDE (__fini_array_start = .)
 *(SORT_BY_NAME(.fini_array.*))
 *(.fini_array*)
 .fini_array    0x0800a468        0x4 D:/ST/STM32CubeIDE_1.16.0/STM32CubeIDE/plugins/com.st.stm32cube.ide.mcu.externaltools.gnu-tools-for-stm32.12.3.rel1.win32_1.0.200.202406191623/tools/bin/../lib/gcc/arm-none-eabi/12.3.1/thumb/v7-m/nofp/crtbegin.o
                [!provide]                        PROVIDE (__fini_array_end = .)
                0x0800a46c                        . = ALIGN (0x4)
                0x0800a46c                        _sidata = LOADADDR (.data)

.rel.dyn        0x0800a46c        0x0
 .rel.iplt      0x0800a46c        0x0 D:/ST/STM32CubeIDE_1.16.0/STM32CubeIDE/plugins/com.st.stm32cube.ide.mcu.externaltools.gnu-tools-for-stm32.12.3.rel1.win32_1.0.200.202406191623/tools/bin/../lib/gcc/arm-none-eabi/12.3.1/thumb/v7-m/nofp/crtbegin.o

.data           0x20000000       0x10 load address 0x0800a46c
                0x20000000                        . = ALIGN (0x4)
                0x20000000                        _sdata = .
 *(.data)
 *(.data*)
 .data.BACK_COLOR
                0x20000000        0x2 ./Core/Src/lcd.o
                0x20000000                BACK_COLOR
 *fill*         0x20000002        0x2 
 .data.SystemCoreClock
                0x20000004        0x4 ./Core/Src/system_stm32f1xx.o
                0x20000004                SystemCoreClock
 .data.uwTickPrio
                0x20000008        0x4 ./Drivers/STM32F1xx_HAL_Driver/Src/stm32f1xx_hal.o
                0x20000008                uwTickPrio
 .data.uwTickFreq
                0x2000000c        0x1 ./Drivers/STM32F1xx_HAL_Driver/Src/stm32f1xx_hal.o
                0x2000000c                uwTickFreq
 *(.RamFunc)
 *(.RamFunc*)
                0x20000010                        . = ALIGN (0x4)
 *fill*         0x2000000d        0x3 
                0x20000010                        _edata = .

.igot.plt       0x20000010        0x0 load address 0x0800a47c
 .igot.plt      0x20000010        0x0 D:/ST/STM32CubeIDE_1.16.0/STM32CubeIDE/plugins/com.st.stm32cube.ide.mcu.externaltools.gnu-tools-for-stm32.12.3.rel1.win32_1.0.200.202406191623/tools/bin/../lib/gcc/arm-none-eabi/12.3.1/thumb/v7-m/nofp/crtbegin.o
                0x20000010                        . = ALIGN (0x4)

.bss            0x20000010      0x13c load address 0x0800a47c
                0x20000010                        _sbss = .
                0x20000010                        __bss_start__ = _sbss
 *(.bss)
 .bss           0x20000010       0x1c D:/ST/STM32CubeIDE_1.16.0/STM32CubeIDE/plugins/com.st.stm32cube.ide.mcu.externaltools.gnu-tools-for-stm32.12.3.rel1.win32_1.0.200.202406191623/tools/bin/../lib/gcc/arm-none-eabi/12.3.1/thumb/v7-m/nofp/crtbegin.o
 *(.bss*)
 .bss.POINT_COLOR
                0x2000002c        0x2 ./Core/Src/lcd.o
                0x2000002c                POINT_COLOR
 *fill*         0x2000002e        0x2 
 .bss.lcddev    0x20000030        0xe ./Core/Src/lcd.o
                0x20000030                lcddev
 *fill*         0x2000003e        0x2 
 .bss.huart1    0x20000040       0x48 ./Core/Src/main.o
                0x20000040                huart1
 .bss.hdma_usart1_tx
                0x20000088       0x44 ./Core/Src/main.o
                0x20000088                hdma_usart1_tx
 .bss.hdma_usart1_rx
                0x200000cc       0x44 ./Core/Src/main.o
                0x200000cc                hdma_usart1_rx
 .bss.txCompleteFlag
                0x20000110        0x1 ./Core/Src/main.o
                0x20000110                txCompleteFlag
 *fill*         0x20000111        0x3 
 .bss.receiveData
                0x20000114       0x32 ./Core/Src/main.o
                0x20000114                receiveData
 *fill*         0x20000146        0x2 
 .bss.uwTick    0x20000148        0x4 ./Drivers/STM32F1xx_HAL_Driver/Src/stm32f1xx_hal.o
                0x20000148                uwTick
 *(COMMON)
                0x2000014c                        . = ALIGN (0x4)
                0x2000014c                        _ebss = .
                0x2000014c                        __bss_end__ = _ebss

._user_heap_stack
                0x2000014c      0x604 load address 0x0800a47c
                0x20000150                        . = ALIGN (0x8)
 *fill*         0x2000014c        0x4 
                [!provide]                        PROVIDE (end = .)
                0x20000150                        PROVIDE (_end = .)
                0x20000350                        . = (. + _Min_Heap_Size)
 *fill*         0x20000150      0x200 
                0x20000750                        . = (. + _Min_Stack_Size)
 *fill*         0x20000350      0x400 
                0x20000750                        . = ALIGN (0x8)

/DISCARD/
 libc.a(*)
 libm.a(*)
 libgcc.a(*)

.ARM.attributes
                0x00000000       0x29
 *(.ARM.attributes)
 .ARM.attributes
                0x00000000       0x1d D:/ST/STM32CubeIDE_1.16.0/STM32CubeIDE/plugins/com.st.stm32cube.ide.mcu.externaltools.gnu-tools-for-stm32.12.3.rel1.win32_1.0.200.202406191623/tools/bin/../lib/gcc/arm-none-eabi/12.3.1/thumb/v7-m/nofp/crti.o
 .ARM.attributes
                0x0000001d       0x2d D:/ST/STM32CubeIDE_1.16.0/STM32CubeIDE/plugins/com.st.stm32cube.ide.mcu.externaltools.gnu-tools-for-stm32.12.3.rel1.win32_1.0.200.202406191623/tools/bin/../lib/gcc/arm-none-eabi/12.3.1/thumb/v7-m/nofp/crtbegin.o
 .ARM.attributes
                0x0000004a       0x2d ./Core/Src/lcd.o
 .ARM.attributes
                0x00000077       0x2d ./Core/Src/main.o
 .ARM.attributes
                0x000000a4       0x2d ./Core/Src/stm32f1xx_hal_msp.o
 .ARM.attributes
                0x000000d1       0x2d ./Core/Src/stm32f1xx_it.o
 .ARM.attributes
                0x000000fe       0x2d ./Core/Src/system_stm32f1xx.o
 .ARM.attributes
                0x0000012b       0x21 ./Core/Startup/startup_stm32f103rctx.o
 .ARM.attributes
                0x0000014c       0x2d ./Drivers/STM32F1xx_HAL_Driver/Src/stm32f1xx_hal.o
 .ARM.attributes
                0x00000179       0x2d ./Drivers/STM32F1xx_HAL_Driver/Src/stm32f1xx_hal_cortex.o
 .ARM.attributes
                0x000001a6       0x2d ./Drivers/STM32F1xx_HAL_Driver/Src/stm32f1xx_hal_dma.o
 .ARM.attributes
                0x000001d3       0x2d ./Drivers/STM32F1xx_HAL_Driver/Src/stm32f1xx_hal_gpio.o
 .ARM.attributes
                0x00000200       0x2d ./Drivers/STM32F1xx_HAL_Driver/Src/stm32f1xx_hal_rcc.o
 .ARM.attributes
                0x0000022d       0x2d ./Drivers/STM32F1xx_HAL_Driver/Src/stm32f1xx_hal_uart.o
 .ARM.attributes
                0x0000025a       0x2d D:/ST/STM32CubeIDE_1.16.0/STM32CubeIDE/plugins/com.st.stm32cube.ide.mcu.externaltools.gnu-tools-for-stm32.12.3.rel1.win32_1.0.200.202406191623/tools/bin/../lib/gcc/arm-none-eabi/12.3.1/../../../../arm-none-eabi/lib/thumb/v7-m/nofp\libc_nano.a(libc_a-memset.o)
 .ARM.attributes
                0x00000287       0x2d D:/ST/STM32CubeIDE_1.16.0/STM32CubeIDE/plugins/com.st.stm32cube.ide.mcu.externaltools.gnu-tools-for-stm32.12.3.rel1.win32_1.0.200.202406191623/tools/bin/../lib/gcc/arm-none-eabi/12.3.1/../../../../arm-none-eabi/lib/thumb/v7-m/nofp\libc_nano.a(libc_a-init.o)
 .ARM.attributes
                0x000002b4       0x1d D:/ST/STM32CubeIDE_1.16.0/STM32CubeIDE/plugins/com.st.stm32cube.ide.mcu.externaltools.gnu-tools-for-stm32.12.3.rel1.win32_1.0.200.202406191623/tools/bin/../lib/gcc/arm-none-eabi/12.3.1/thumb/v7-m/nofp\libgcc.a(_arm_addsubdf3.o)
 .ARM.attributes
                0x000002d1       0x1d D:/ST/STM32CubeIDE_1.16.0/STM32CubeIDE/plugins/com.st.stm32cube.ide.mcu.externaltools.gnu-tools-for-stm32.12.3.rel1.win32_1.0.200.202406191623/tools/bin/../lib/gcc/arm-none-eabi/12.3.1/thumb/v7-m/nofp\libgcc.a(_arm_muldivdf3.o)
 .ARM.attributes
                0x000002ee       0x1d D:/ST/STM32CubeIDE_1.16.0/STM32CubeIDE/plugins/com.st.stm32cube.ide.mcu.externaltools.gnu-tools-for-stm32.12.3.rel1.win32_1.0.200.202406191623/tools/bin/../lib/gcc/arm-none-eabi/12.3.1/thumb/v7-m/nofp\libgcc.a(_arm_fixunsdfsi.o)
 .ARM.attributes
                0x0000030b       0x1d D:/ST/STM32CubeIDE_1.16.0/STM32CubeIDE/plugins/com.st.stm32cube.ide.mcu.externaltools.gnu-tools-for-stm32.12.3.rel1.win32_1.0.200.202406191623/tools/bin/../lib/gcc/arm-none-eabi/12.3.1/thumb/v7-m/nofp/crtn.o
OUTPUT(controller.elf elf32-littlearm)
LOAD linker stubs
LOAD D:/ST/STM32CubeIDE_1.16.0/STM32CubeIDE/plugins/com.st.stm32cube.ide.mcu.externaltools.gnu-tools-for-stm32.12.3.rel1.win32_1.0.200.202406191623/tools/bin/../lib/gcc/arm-none-eabi/12.3.1/../../../../arm-none-eabi/lib/thumb/v7-m/nofp\libc.a
LOAD D:/ST/STM32CubeIDE_1.16.0/STM32CubeIDE/plugins/com.st.stm32cube.ide.mcu.externaltools.gnu-tools-for-stm32.12.3.rel1.win32_1.0.200.202406191623/tools/bin/../lib/gcc/arm-none-eabi/12.3.1/../../../../arm-none-eabi/lib/thumb/v7-m/nofp\libm.a
LOAD D:/ST/STM32CubeIDE_1.16.0/STM32CubeIDE/plugins/com.st.stm32cube.ide.mcu.externaltools.gnu-tools-for-stm32.12.3.rel1.win32_1.0.200.202406191623/tools/bin/../lib/gcc/arm-none-eabi/12.3.1/thumb/v7-m/nofp\libgcc.a

.debug_info     0x00000000     0x82a6
 .debug_info    0x00000000      0xe08 ./Core/Src/lcd.o
 .debug_info    0x00000e08      0xb10 ./Core/Src/main.o
 .debug_info    0x00001918      0xa66 ./Core/Src/stm32f1xx_hal_msp.o
 .debug_info    0x0000237e      0x740 ./Core/Src/stm32f1xx_it.o
 .debug_info    0x00002abe      0x222 ./Core/Src/system_stm32f1xx.o
 .debug_info    0x00002ce0       0x30 ./Core/Startup/startup_stm32f103rctx.o
 .debug_info    0x00002d10      0x76a ./Drivers/STM32F1xx_HAL_Driver/Src/stm32f1xx_hal.o
 .debug_info    0x0000347a      0xaed ./Drivers/STM32F1xx_HAL_Driver/Src/stm32f1xx_hal_cortex.o
 .debug_info    0x00003f67      0x6d2 ./Drivers/STM32F1xx_HAL_Driver/Src/stm32f1xx_hal_dma.o
 .debug_info    0x00004639      0x5ab ./Drivers/STM32F1xx_HAL_Driver/Src/stm32f1xx_hal_gpio.o
 .debug_info    0x00004be4      0x7d5 ./Drivers/STM32F1xx_HAL_Driver/Src/stm32f1xx_hal_rcc.o
 .debug_info    0x000053b9     0x2eed ./Drivers/STM32F1xx_HAL_Driver/Src/stm32f1xx_hal_uart.o

.debug_abbrev   0x00000000     0x1970
 .debug_abbrev  0x00000000      0x2be ./Core/Src/lcd.o
 .debug_abbrev  0x000002be      0x297 ./Core/Src/main.o
 .debug_abbrev  0x00000555      0x20b ./Core/Src/stm32f1xx_hal_msp.o
 .debug_abbrev  0x00000760      0x234 ./Core/Src/stm32f1xx_it.o
 .debug_abbrev  0x00000994      0x13f ./Core/Src/system_stm32f1xx.o
 .debug_abbrev  0x00000ad3       0x24 ./Core/Startup/startup_stm32f103rctx.o
 .debug_abbrev  0x00000af7      0x201 ./Drivers/STM32F1xx_HAL_Driver/Src/stm32f1xx_hal.o
 .debug_abbrev  0x00000cf8      0x2f8 ./Drivers/STM32F1xx_HAL_Driver/Src/stm32f1xx_hal_cortex.o
 .debug_abbrev  0x00000ff0      0x20b ./Drivers/STM32F1xx_HAL_Driver/Src/stm32f1xx_hal_dma.o
 .debug_abbrev  0x000011fb      0x1ca ./Drivers/STM32F1xx_HAL_Driver/Src/stm32f1xx_hal_gpio.o
 .debug_abbrev  0x000013c5      0x2b3 ./Drivers/STM32F1xx_HAL_Driver/Src/stm32f1xx_hal_rcc.o
 .debug_abbrev  0x00001678      0x2f8 ./Drivers/STM32F1xx_HAL_Driver/Src/stm32f1xx_hal_uart.o

.debug_aranges  0x00000000      0x7b8
 .debug_aranges
                0x00000000      0x118 ./Core/Src/lcd.o
 .debug_aranges
                0x00000118       0x48 ./Core/Src/main.o
 .debug_aranges
                0x00000160       0x30 ./Core/Src/stm32f1xx_hal_msp.o
 .debug_aranges
                0x00000190       0x88 ./Core/Src/stm32f1xx_it.o
 .debug_aranges
                0x00000218       0x28 ./Core/Src/system_stm32f1xx.o
 .debug_aranges
                0x00000240       0x28 ./Core/Startup/startup_stm32f103rctx.o
 .debug_aranges
                0x00000268       0xe0 ./Drivers/STM32F1xx_HAL_Driver/Src/stm32f1xx_hal.o
 .debug_aranges
                0x00000348      0x100 ./Drivers/STM32F1xx_HAL_Driver/Src/stm32f1xx_hal_cortex.o
 .debug_aranges
                0x00000448       0x80 ./Drivers/STM32F1xx_HAL_Driver/Src/stm32f1xx_hal_dma.o
 .debug_aranges
                0x000004c8       0x58 ./Drivers/STM32F1xx_HAL_Driver/Src/stm32f1xx_hal_gpio.o
 .debug_aranges
                0x00000520       0x90 ./Drivers/STM32F1xx_HAL_Driver/Src/stm32f1xx_hal_rcc.o
 .debug_aranges
                0x000005b0      0x208 ./Drivers/STM32F1xx_HAL_Driver/Src/stm32f1xx_hal_uart.o

.debug_rnglists
                0x00000000      0x5ee
 .debug_rnglists
                0x00000000       0xdf ./Core/Src/lcd.o
 .debug_rnglists
                0x000000df       0x32 ./Core/Src/main.o
 .debug_rnglists
                0x00000111       0x20 ./Core/Src/stm32f1xx_hal_msp.o
 .debug_rnglists
                0x00000131       0x61 ./Core/Src/stm32f1xx_it.o
 .debug_rnglists
                0x00000192       0x1a ./Core/Src/system_stm32f1xx.o
 .debug_rnglists
                0x000001ac       0x19 ./Core/Startup/startup_stm32f103rctx.o
 .debug_rnglists
                0x000001c5       0xa3 ./Drivers/STM32F1xx_HAL_Driver/Src/stm32f1xx_hal.o
 .debug_rnglists
                0x00000268       0xbb ./Drivers/STM32F1xx_HAL_Driver/Src/stm32f1xx_hal_cortex.o
 .debug_rnglists
                0x00000323       0x64 ./Drivers/STM32F1xx_HAL_Driver/Src/stm32f1xx_hal_dma.o
 .debug_rnglists
                0x00000387       0x3f ./Drivers/STM32F1xx_HAL_Driver/Src/stm32f1xx_hal_gpio.o
 .debug_rnglists
                0x000003c6       0x6c ./Drivers/STM32F1xx_HAL_Driver/Src/stm32f1xx_hal_rcc.o
 .debug_rnglists
                0x00000432      0x1bc ./Drivers/STM32F1xx_HAL_Driver/Src/stm32f1xx_hal_uart.o

.debug_macro    0x00000000     0x12d3
 .debug_macro   0x00000000      0x27d ./Core/Src/lcd.o
 .debug_macro   0x0000027d      0x198 ./Core/Src/main.o
 .debug_macro   0x00000415      0x198 ./Core/Src/stm32f1xx_hal_msp.o
 .debug_macro   0x000005ad      0x1a2 ./Core/Src/stm32f1xx_it.o
 .debug_macro   0x0000074f      0x18e ./Core/Src/system_stm32f1xx.o
 .debug_macro   0x000008dd      0x1b2 ./Drivers/STM32F1xx_HAL_Driver/Src/stm32f1xx_hal.o
 .debug_macro   0x00000a8f      0x18e ./Drivers/STM32F1xx_HAL_Driver/Src/stm32f1xx_hal_cortex.o
 .debug_macro   0x00000c1d      0x18e ./Drivers/STM32F1xx_HAL_Driver/Src/stm32f1xx_hal_dma.o
 .debug_macro   0x00000dab      0x1f9 ./Drivers/STM32F1xx_HAL_Driver/Src/stm32f1xx_hal_gpio.o
 .debug_macro   0x00000fa4      0x1a0 ./Drivers/STM32F1xx_HAL_Driver/Src/stm32f1xx_hal_rcc.o
 .debug_macro   0x00001144      0x18f ./Drivers/STM32F1xx_HAL_Driver/Src/stm32f1xx_hal_uart.o

.debug_line     0x00000000     0xa557
 .debug_line    0x00000000     0x1e8d ./Core/Src/lcd.o
 .debug_line    0x00001e8d      0x7b6 ./Core/Src/main.o
 .debug_line    0x00002643      0x771 ./Core/Src/stm32f1xx_hal_msp.o
 .debug_line    0x00002db4      0x81e ./Core/Src/stm32f1xx_it.o
 .debug_line    0x000035d2      0x752 ./Core/Src/system_stm32f1xx.o
 .debug_line    0x00003d24       0x79 ./Core/Startup/startup_stm32f103rctx.o
 .debug_line    0x00003d9d      0x97f ./Drivers/STM32F1xx_HAL_Driver/Src/stm32f1xx_hal.o
 .debug_line    0x0000471c      0xb6b ./Drivers/STM32F1xx_HAL_Driver/Src/stm32f1xx_hal_cortex.o
 .debug_line    0x00005287     0x12aa ./Drivers/STM32F1xx_HAL_Driver/Src/stm32f1xx_hal_dma.o
 .debug_line    0x00006531      0xa40 ./Drivers/STM32F1xx_HAL_Driver/Src/stm32f1xx_hal_gpio.o
 .debug_line    0x00006f71      0xd88 ./Drivers/STM32F1xx_HAL_Driver/Src/stm32f1xx_hal_rcc.o
 .debug_line    0x00007cf9     0x285e ./Drivers/STM32F1xx_HAL_Driver/Src/stm32f1xx_hal_uart.o

.debug_str      0x00000000    0x90284
 .debug_str     0x00000000    0x8e35e ./Core/Src/lcd.o
                              0x8e78c (size before relaxing)
 .debug_str     0x0008e35e      0x912 ./Core/Src/main.o
                              0x8b6b9 (size before relaxing)
 .debug_str     0x0008ec70       0xd4 ./Core/Src/stm32f1xx_hal_msp.o
                              0x8b5ca (size before relaxing)
 .debug_str     0x0008ed44      0x167 ./Core/Src/stm32f1xx_it.o
                              0x8b236 (size before relaxing)
 .debug_str     0x0008eeab       0x7e ./Core/Src/system_stm32f1xx.o
                              0x8acf1 (size before relaxing)
 .debug_str     0x0008ef29       0x44 ./Core/Startup/startup_stm32f103rctx.o
                                 0x65 (size before relaxing)
 .debug_str     0x0008ef6d      0x384 ./Drivers/STM32F1xx_HAL_Driver/Src/stm32f1xx_hal.o
                              0x8b508 (size before relaxing)
 .debug_str     0x0008f2f1      0x294 ./Drivers/STM32F1xx_HAL_Driver/Src/stm32f1xx_hal_cortex.o
                              0x8b454 (size before relaxing)
 .debug_str     0x0008f585      0x206 ./Drivers/STM32F1xx_HAL_Driver/Src/stm32f1xx_hal_dma.o
                              0x8b09a (size before relaxing)
 .debug_str     0x0008f78b      0x31d ./Drivers/STM32F1xx_HAL_Driver/Src/stm32f1xx_hal_gpio.o
                              0x8b077 (size before relaxing)
 .debug_str     0x0008faa8      0x229 ./Drivers/STM32F1xx_HAL_Driver/Src/stm32f1xx_hal_rcc.o
                              0x8b120 (size before relaxing)
 .debug_str     0x0008fcd1      0x5b3 ./Drivers/STM32F1xx_HAL_Driver/Src/stm32f1xx_hal_uart.o
                              0x8b791 (size before relaxing)

.comment        0x00000000       0x43
 .comment       0x00000000       0x43 ./Core/Src/lcd.o
                                 0x44 (size before relaxing)
 .comment       0x00000043       0x44 ./Core/Src/main.o
 .comment       0x00000043       0x44 ./Core/Src/stm32f1xx_hal_msp.o
 .comment       0x00000043       0x44 ./Core/Src/stm32f1xx_it.o
 .comment       0x00000043       0x44 ./Core/Src/system_stm32f1xx.o
 .comment       0x00000043       0x44 ./Drivers/STM32F1xx_HAL_Driver/Src/stm32f1xx_hal.o
 .comment       0x00000043       0x44 ./Drivers/STM32F1xx_HAL_Driver/Src/stm32f1xx_hal_cortex.o
 .comment       0x00000043       0x44 ./Drivers/STM32F1xx_HAL_Driver/Src/stm32f1xx_hal_dma.o
 .comment       0x00000043       0x44 ./Drivers/STM32F1xx_HAL_Driver/Src/stm32f1xx_hal_gpio.o
 .comment       0x00000043       0x44 ./Drivers/STM32F1xx_HAL_Driver/Src/stm32f1xx_hal_rcc.o
 .comment       0x00000043       0x44 ./Drivers/STM32F1xx_HAL_Driver/Src/stm32f1xx_hal_uart.o

.debug_frame    0x00000000     0x1f98
 .debug_frame   0x00000000      0x4d4 ./Core/Src/lcd.o
 .debug_frame   0x000004d4       0xd0 ./Core/Src/main.o
 .debug_frame   0x000005a4       0x80 ./Core/Src/stm32f1xx_hal_msp.o
 .debug_frame   0x00000624      0x1a0 ./Core/Src/stm32f1xx_it.o
 .debug_frame   0x000007c4       0x58 ./Core/Src/system_stm32f1xx.o
 .debug_frame   0x0000081c      0x334 ./Drivers/STM32F1xx_HAL_Driver/Src/stm32f1xx_hal.o
 .debug_frame   0x00000b50      0x428 ./Drivers/STM32F1xx_HAL_Driver/Src/stm32f1xx_hal_cortex.o
 .debug_frame   0x00000f78      0x20c ./Drivers/STM32F1xx_HAL_Driver/Src/stm32f1xx_hal_dma.o
 .debug_frame   0x00001184      0x14c ./Drivers/STM32F1xx_HAL_Driver/Src/stm32f1xx_hal_gpio.o
 .debug_frame   0x000012d0      0x218 ./Drivers/STM32F1xx_HAL_Driver/Src/stm32f1xx_hal_rcc.o
 .debug_frame   0x000014e8      0x944 ./Drivers/STM32F1xx_HAL_Driver/Src/stm32f1xx_hal_uart.o
 .debug_frame   0x00001e2c       0x20 D:/ST/STM32CubeIDE_1.16.0/STM32CubeIDE/plugins/com.st.stm32cube.ide.mcu.externaltools.gnu-tools-for-stm32.12.3.rel1.win32_1.0.200.202406191623/tools/bin/../lib/gcc/arm-none-eabi/12.3.1/../../../../arm-none-eabi/lib/thumb/v7-m/nofp\libc_nano.a(libc_a-memset.o)
 .debug_frame   0x00001e4c       0x2c D:/ST/STM32CubeIDE_1.16.0/STM32CubeIDE/plugins/com.st.stm32cube.ide.mcu.externaltools.gnu-tools-for-stm32.12.3.rel1.win32_1.0.200.202406191623/tools/bin/../lib/gcc/arm-none-eabi/12.3.1/../../../../arm-none-eabi/lib/thumb/v7-m/nofp\libc_nano.a(libc_a-init.o)
 .debug_frame   0x00001e78       0xac D:/ST/STM32CubeIDE_1.16.0/STM32CubeIDE/plugins/com.st.stm32cube.ide.mcu.externaltools.gnu-tools-for-stm32.12.3.rel1.win32_1.0.200.202406191623/tools/bin/../lib/gcc/arm-none-eabi/12.3.1/thumb/v7-m/nofp\libgcc.a(_arm_addsubdf3.o)
 .debug_frame   0x00001f24       0x50 D:/ST/STM32CubeIDE_1.16.0/STM32CubeIDE/plugins/com.st.stm32cube.ide.mcu.externaltools.gnu-tools-for-stm32.12.3.rel1.win32_1.0.200.202406191623/tools/bin/../lib/gcc/arm-none-eabi/12.3.1/thumb/v7-m/nofp\libgcc.a(_arm_muldivdf3.o)
 .debug_frame   0x00001f74       0x24 D:/ST/STM32CubeIDE_1.16.0/STM32CubeIDE/plugins/com.st.stm32cube.ide.mcu.externaltools.gnu-tools-for-stm32.12.3.rel1.win32_1.0.200.202406191623/tools/bin/../lib/gcc/arm-none-eabi/12.3.1/thumb/v7-m/nofp\libgcc.a(_arm_fixunsdfsi.o)

.debug_line_str
                0x00000000       0x49
 .debug_line_str
                0x00000000       0x49 ./Core/Startup/startup_stm32f103rctx.o
