Archive member included to satisfy reference by file (symbol)

D:/ST/STM32CubeIDE_1.16.0/STM32CubeIDE/plugins/com.st.stm32cube.ide.mcu.externaltools.gnu-tools-for-stm32.12.3.rel1.win32_1.0.200.202406191623/tools/bin/../lib/gcc/arm-none-eabi/12.3.1/../../../../arm-none-eabi/lib/thumb/v7-m/nofp\libc_nano.a(libc_a-exit.o)
                              D:/ST/STM32CubeIDE_1.16.0/STM32CubeIDE/plugins/com.st.stm32cube.ide.mcu.externaltools.gnu-tools-for-stm32.12.3.rel1.win32_1.0.200.202406191623/tools/bin/../lib/gcc/arm-none-eabi/12.3.1/../../../../arm-none-eabi/lib/thumb/v7-m/nofp/crt0.o (exit)
D:/ST/STM32CubeIDE_1.16.0/STM32CubeIDE/plugins/com.st.stm32cube.ide.mcu.externaltools.gnu-tools-for-stm32.12.3.rel1.win32_1.0.200.202406191623/tools/bin/../lib/gcc/arm-none-eabi/12.3.1/../../../../arm-none-eabi/lib/thumb/v7-m/nofp\libc_nano.a(libc_a-findfp.o)
                              D:/ST/STM32CubeIDE_1.16.0/STM32CubeIDE/plugins/com.st.stm32cube.ide.mcu.externaltools.gnu-tools-for-stm32.12.3.rel1.win32_1.0.200.202406191623/tools/bin/../lib/gcc/arm-none-eabi/12.3.1/../../../../arm-none-eabi/lib/thumb/v7-m/nofp\libc_nano.a(libc_a-exit.o) (__stdio_exit_handler)
D:/ST/STM32CubeIDE_1.16.0/STM32CubeIDE/plugins/com.st.stm32cube.ide.mcu.externaltools.gnu-tools-for-stm32.12.3.rel1.win32_1.0.200.202406191623/tools/bin/../lib/gcc/arm-none-eabi/12.3.1/../../../../arm-none-eabi/lib/thumb/v7-m/nofp\libc_nano.a(libc_a-fwalk.o)
                              D:/ST/STM32CubeIDE_1.16.0/STM32CubeIDE/plugins/com.st.stm32cube.ide.mcu.externaltools.gnu-tools-for-stm32.12.3.rel1.win32_1.0.200.202406191623/tools/bin/../lib/gcc/arm-none-eabi/12.3.1/../../../../arm-none-eabi/lib/thumb/v7-m/nofp\libc_nano.a(libc_a-findfp.o) (_fwalk_sglue)
D:/ST/STM32CubeIDE_1.16.0/STM32CubeIDE/plugins/com.st.stm32cube.ide.mcu.externaltools.gnu-tools-for-stm32.12.3.rel1.win32_1.0.200.202406191623/tools/bin/../lib/gcc/arm-none-eabi/12.3.1/../../../../arm-none-eabi/lib/thumb/v7-m/nofp\libc_nano.a(libc_a-printf.o)
                              ./Core/Src/ft5206.o (printf)
D:/ST/STM32CubeIDE_1.16.0/STM32CubeIDE/plugins/com.st.stm32cube.ide.mcu.externaltools.gnu-tools-for-stm32.12.3.rel1.win32_1.0.200.202406191623/tools/bin/../lib/gcc/arm-none-eabi/12.3.1/../../../../arm-none-eabi/lib/thumb/v7-m/nofp\libc_nano.a(libc_a-stdio.o)
                              D:/ST/STM32CubeIDE_1.16.0/STM32CubeIDE/plugins/com.st.stm32cube.ide.mcu.externaltools.gnu-tools-for-stm32.12.3.rel1.win32_1.0.200.202406191623/tools/bin/../lib/gcc/arm-none-eabi/12.3.1/../../../../arm-none-eabi/lib/thumb/v7-m/nofp\libc_nano.a(libc_a-findfp.o) (__sread)
D:/ST/STM32CubeIDE_1.16.0/STM32CubeIDE/plugins/com.st.stm32cube.ide.mcu.externaltools.gnu-tools-for-stm32.12.3.rel1.win32_1.0.200.202406191623/tools/bin/../lib/gcc/arm-none-eabi/12.3.1/../../../../arm-none-eabi/lib/thumb/v7-m/nofp\libc_nano.a(libc_a-memset.o)
                              D:/ST/STM32CubeIDE_1.16.0/STM32CubeIDE/plugins/com.st.stm32cube.ide.mcu.externaltools.gnu-tools-for-stm32.12.3.rel1.win32_1.0.200.202406191623/tools/bin/../lib/gcc/arm-none-eabi/12.3.1/../../../../arm-none-eabi/lib/thumb/v7-m/nofp/crt0.o (memset)
D:/ST/STM32CubeIDE_1.16.0/STM32CubeIDE/plugins/com.st.stm32cube.ide.mcu.externaltools.gnu-tools-for-stm32.12.3.rel1.win32_1.0.200.202406191623/tools/bin/../lib/gcc/arm-none-eabi/12.3.1/../../../../arm-none-eabi/lib/thumb/v7-m/nofp\libc_nano.a(libc_a-closer.o)
                              D:/ST/STM32CubeIDE_1.16.0/STM32CubeIDE/plugins/com.st.stm32cube.ide.mcu.externaltools.gnu-tools-for-stm32.12.3.rel1.win32_1.0.200.202406191623/tools/bin/../lib/gcc/arm-none-eabi/12.3.1/../../../../arm-none-eabi/lib/thumb/v7-m/nofp\libc_nano.a(libc_a-stdio.o) (_close_r)
D:/ST/STM32CubeIDE_1.16.0/STM32CubeIDE/plugins/com.st.stm32cube.ide.mcu.externaltools.gnu-tools-for-stm32.12.3.rel1.win32_1.0.200.202406191623/tools/bin/../lib/gcc/arm-none-eabi/12.3.1/../../../../arm-none-eabi/lib/thumb/v7-m/nofp\libc_nano.a(libc_a-reent.o)
                              D:/ST/STM32CubeIDE_1.16.0/STM32CubeIDE/plugins/com.st.stm32cube.ide.mcu.externaltools.gnu-tools-for-stm32.12.3.rel1.win32_1.0.200.202406191623/tools/bin/../lib/gcc/arm-none-eabi/12.3.1/../../../../arm-none-eabi/lib/thumb/v7-m/nofp\libc_nano.a(libc_a-closer.o) (errno)
D:/ST/STM32CubeIDE_1.16.0/STM32CubeIDE/plugins/com.st.stm32cube.ide.mcu.externaltools.gnu-tools-for-stm32.12.3.rel1.win32_1.0.200.202406191623/tools/bin/../lib/gcc/arm-none-eabi/12.3.1/../../../../arm-none-eabi/lib/thumb/v7-m/nofp\libc_nano.a(libc_a-impure.o)
                              D:/ST/STM32CubeIDE_1.16.0/STM32CubeIDE/plugins/com.st.stm32cube.ide.mcu.externaltools.gnu-tools-for-stm32.12.3.rel1.win32_1.0.200.202406191623/tools/bin/../lib/gcc/arm-none-eabi/12.3.1/../../../../arm-none-eabi/lib/thumb/v7-m/nofp\libc_nano.a(libc_a-printf.o) (_impure_ptr)
[...]
Memory Configuration

Name             Origin             Length             Attributes
RAM              0x20000000         0x0000c000         xrw
FLASH            0x08000000         0x00040000         xr
*default*        0x00000000         0xffffffff

Linker script and memory map

LOAD D:/ST/STM32CubeIDE_1.16.0/STM32CubeIDE/plugins/com.st.stm32cube.ide.mcu.externaltools.gnu-tools-for-stm32.12.3.rel1.win32_1.0.200.202406191623/tools/bin/../lib/gcc/arm-none-eabi/12.3.1/thumb/v7-m/nofp/crti.o
LOAD D:/ST/STM32CubeIDE_1.16.0/STM32CubeIDE/plugins/com.st.stm32cube.ide.mcu.externaltools.gnu-tools-for-stm32.12.3.rel1.win32_1.0.200.202406191623/tools/bin/../lib/gcc/arm-none-eabi/12.3.1/thumb/v7-m/nofp/crtbegin.o
LOAD D:/ST/STM32CubeIDE_1.16.0/STM32CubeIDE/plugins/com.st.stm32cube.ide.mcu.externaltools.gnu-tools-for-stm32.12.3.rel1.win32_1.0.200.202406191623/tools/bin/../lib/gcc/arm-none-eabi/12.3.1/../../../../arm-none-eabi/lib/thumb/v7-m/nofp/crt0.o
LOAD ./Core/Src/24cxx.o
LOAD ./Core/Src/ctiic.o
LOAD ./Core/Src/delay.o
LOAD ./Core/Src/ft5206.o
LOAD ./Core/Src/gt9147.o
LOAD ./Core/Src/key.o
LOAD ./Core/Src/lcd.o
LOAD ./Core/Src/led.o
LOAD ./Core/Src/main.o
LOAD ./Core/Src/myiic.o
LOAD ./Core/Src/ott2001a.o
LOAD ./Core/Src/stm32f1xx_hal_msp.o
LOAD ./Core/Src/stm32f1xx_it.o
LOAD ./Core/Src/sys.o
LOAD ./Core/Src/syscalls.o
LOAD ./Core/Src/sysmem.o
LOAD ./Core/Src/system_stm32f1xx.o
LOAD ./Core/Src/touch.o
LOAD ./Core/Startup/startup_stm32f103rctx.o
LOAD ./Drivers/STM32F1xx_HAL_Driver/Src/stm32f1xx_hal.o
LOAD ./Drivers/STM32F1xx_HAL_Driver/Src/stm32f1xx_hal_cortex.o
LOAD ./Drivers/STM32F1xx_HAL_Driver/Src/stm32f1xx_hal_dma.o
LOAD ./Drivers/STM32F1xx_HAL_Driver/Src/stm32f1xx_hal_exti.o
LOAD ./Drivers/STM32F1xx_HAL_Driver/Src/stm32f1xx_hal_flash.o
LOAD ./Drivers/STM32F1xx_HAL_Driver/Src/stm32f1xx_hal_flash_ex.o
LOAD ./Drivers/STM32F1xx_HAL_Driver/Src/stm32f1xx_hal_gpio.o
LOAD ./Drivers/STM32F1xx_HAL_Driver/Src/stm32f1xx_hal_gpio_ex.o
LOAD ./Drivers/STM32F1xx_HAL_Driver/Src/stm32f1xx_hal_pwr.o
LOAD ./Drivers/STM32F1xx_HAL_Driver/Src/stm32f1xx_hal_rcc.o
LOAD ./Drivers/STM32F1xx_HAL_Driver/Src/stm32f1xx_hal_rcc_ex.o
LOAD ./Drivers/STM32F1xx_HAL_Driver/Src/stm32f1xx_hal_tim.o
LOAD ./Drivers/STM32F1xx_HAL_Driver/Src/stm32f1xx_hal_tim_ex.o
LOAD ./Drivers/STM32F1xx_HAL_Driver/Src/stm32f1xx_hal_uart.o
START GROUP
LOAD D:/ST/STM32CubeIDE_1.16.0/STM32CubeIDE/plugins/com.st.stm32cube.ide.mcu.externaltools.gnu-tools-for-stm32.12.3.rel1.win32_1.0.200.202406191623/tools/bin/../lib/gcc/arm-none-eabi/12.3.1/../../../../arm-none-eabi/lib/thumb/v7-m/nofp\libc_nano.a
LOAD D:/ST/STM32CubeIDE_1.16.0/STM32CubeIDE/plugins/com.st.stm32cube.ide.mcu.externaltools.gnu-tools-for-stm32.12.3.rel1.win32_1.0.200.202406191623/tools/bin/../lib/gcc/arm-none-eabi/12.3.1/../../../../arm-none-eabi/lib/thumb/v7-m/nofp\libm.a
END GROUP
START GROUP
LOAD D:/ST/STM32CubeIDE_1.16.0/STM32CubeIDE/plugins/com.st.stm32cube.ide.mcu.externaltools.gnu-tools-for-stm32.12.3.rel1.win32_1.0.200.202406191623/tools/bin/../lib/gcc/arm-none-eabi/12.3.1/thumb/v7-m/nofp\libgcc.a
LOAD D:/ST/STM32CubeIDE_1.16.0/STM32CubeIDE/plugins/com.st.stm32cube.ide.mcu.externaltools.gnu-tools-for-stm32.12.3.rel1.win32_1.0.200.202406191623/tools/bin/../lib/gcc/arm-none-eabi/12.3.1/../../../../arm-none-eabi/lib/thumb/v7-m/nofp\libc_nano.a
END GROUP
START GROUP
LOAD D:/ST/STM32CubeIDE_1.16.0/STM32CubeIDE/plugins/com.st.stm32cube.ide.mcu.externaltools.gnu-tools-for-stm32.12.3.rel1.win32_1.0.200.202406191623/tools/bin/../lib/gcc/arm-none-eabi/12.3.1/thumb/v7-m/nofp\libgcc.a
LOAD D:/ST/STM32CubeIDE_1.16.0/STM32CubeIDE/plugins/com.st.stm32cube.ide.mcu.externaltools.gnu-tools-for-stm32.12.3.rel1.win32_1.0.200.202406191623/tools/bin/../lib/gcc/arm-none-eabi/12.3.1/../../../../arm-none-eabi/lib/thumb/v7-m/nofp\libc_nano.a
LOAD D:/ST/STM32CubeIDE_1.16.0/STM32CubeIDE/plugins/com.st.stm32cube.ide.mcu.externaltools.gnu-tools-for-stm32.12.3.rel1.win32_1.0.200.202406191623/tools/bin/../lib/gcc/arm-none-eabi/12.3.1/../../../../arm-none-eabi/lib/thumb/v7-m/nofp\libnosys.a
END GROUP
START GROUP
LOAD D:/ST/STM32CubeIDE_1.16.0/STM32CubeIDE/plugins/com.st.stm32cube.ide.mcu.externaltools.gnu-tools-for-stm32.12.3.rel1.win32_1.0.200.202406191623/tools/bin/../lib/gcc/arm-none-eabi/12.3.1/thumb/v7-m/nofp\libgcc.a
LOAD D:/ST/STM32CubeIDE_1.16.0/STM32CubeIDE/plugins/com.st.stm32cube.ide.mcu.externaltools.gnu-tools-for-stm32.12.3.rel1.win32_1.0.200.202406191623/tools/bin/../lib/gcc/arm-none-eabi/12.3.1/../../../../arm-none-eabi/lib/thumb/v7-m/nofp\libc_nano.a
LOAD D:/ST/STM32CubeIDE_1.16.0/STM32CubeIDE/plugins/com.st.stm32cube.ide.mcu.externaltools.gnu-tools-for-stm32.12.3.rel1.win32_1.0.200.202406191623/tools/bin/../lib/gcc/arm-none-eabi/12.3.1/../../../../arm-none-eabi/lib/thumb/v7-m/nofp\libnosys.a
END GROUP
LOAD D:/ST/STM32CubeIDE_1.16.0/STM32CubeIDE/plugins/com.st.stm32cube.ide.mcu.externaltools.gnu-tools-for-stm32.12.3.rel1.win32_1.0.200.202406191623/tools/bin/../lib/gcc/arm-none-eabi/12.3.1/thumb/v7-m/nofp/crtend.o
LOAD D:/ST/STM32CubeIDE_1.16.0/STM32CubeIDE/plugins/com.st.stm32cube.ide.mcu.externaltools.gnu-tools-for-stm32.12.3.rel1.win32_1.0.200.202406191623/tools/bin/../lib/gcc/arm-none-eabi/12.3.1/thumb/v7-m/nofp/crtn.o
                0x2000c000                        _estack = (ORIGIN (RAM) + LENGTH (RAM))
                0x00000200                        _Min_Heap_Size = 0x200
                0x00000400                        _Min_Stack_Size = 0x400

.isr_vector     0x08000000      0x1e4
                0x08000000                        . = ALIGN (0x4)
 *(.isr_vector)
 .isr_vector    0x08000000      0x1e4 ./Core/Startup/startup_stm32f103rctx.o
                0x08000000                g_pfnVectors
                0x080001e4                        . = ALIGN (0x4)

.text           0x080001e8     0xd070
                0x080001e8                        . = ALIGN (0x4)
 *(.text)
 .text          0x080001e8       0x40 D:/ST/STM32CubeIDE_1.16.0/STM32CubeIDE/plugins/com.st.stm32cube.ide.mcu.externaltools.gnu-tools-for-stm32.12.3.rel1.win32_1.0.200.202406191623/tools/bin/../lib/gcc/arm-none-eabi/12.3.1/thumb/v7-m/nofp/crtbegin.o
 .text          0x08000228       0x14 D:/ST/STM32CubeIDE_1.16.0/STM32CubeIDE/plugins/com.st.stm32cube.ide.mcu.externaltools.gnu-tools-for-stm32.12.3.rel1.win32_1.0.200.202406191623/tools/bin/../lib/gcc/arm-none-eabi/12.3.1/../../../../arm-none-eabi/lib/thumb/v7-m/nofp\libc_nano.a(libc_a-strcmp.o)
                0x08000228                strcmp
 .text          0x0800023c      0x378 D:/ST/STM32CubeIDE_1.16.0/STM32CubeIDE/plugins/com.st.stm32cube.ide.mcu.externaltools.gnu-tools-for-stm32.12.3.rel1.win32_1.0.200.202406191623/tools/bin/../lib/gcc/arm-none-eabi/12.3.1/thumb/v7-m/nofp\libgcc.a(_arm_addsubdf3.o)
                0x0800023c                __aeabi_drsub
                0x08000244                __aeabi_dsub
                0x08000244                __subdf3
                0x08000248                __aeabi_dadd
                0x08000248                __adddf3
                0x080004c0                __floatunsidf
                0x080004c0                __aeabi_ui2d
                0x080004e0                __floatsidf
                0x080004e0                __aeabi_i2d
                0x08000504                __aeabi_f2d
                0x08000504                __extendsfdf2
                0x08000548                __floatundidf
                0x08000548                __aeabi_ul2d
                0x08000558                __floatdidf
                0x08000558                __aeabi_l2d
 .text          0x080005b4      0x424 D:/ST/STM32CubeIDE_1.16.0/STM32CubeIDE/plugins/com.st.stm32cube.ide.mcu.externaltools.gnu-tools-for-stm32.12.3.rel1.win32_1.0.200.202406191623/tools/bin/../lib/gcc/arm-none-eabi/12.3.1/thumb/v7-m/nofp\libgcc.a(_arm_muldivdf3.o)
                0x080005b4                __aeabi_dmul
                0x080005b4                __muldf3
                0x08000808                __divdf3
                0x08000808                __aeabi_ddiv
 .text          0x080009d8      0x110 D:/ST/STM32CubeIDE_1.16.0/STM32CubeIDE/plugins/com.st.stm32cube.ide.mcu.externaltools.gnu-tools-for-stm32.12.3.rel1.win32_1.0.200.202406191623/tools/bin/../lib/gcc/arm-none-eabi/12.3.1/thumb/v7-m/nofp\libgcc.a(_arm_cmpdf2.o)
                0x080009d8                __gtdf2
                0x080009d8                __gedf2
                0x080009e0                __ltdf2
                0x080009e0                __ledf2
                0x080009e8                __nedf2
                0x080009e8                __eqdf2
                0x080009e8                __cmpdf2
                0x08000a64                __aeabi_cdrcmple
                0x08000a74                __aeabi_cdcmpeq
                0x08000a74                __aeabi_cdcmple
                0x08000a84                __aeabi_dcmpeq
                0x08000a98                __aeabi_dcmplt
                0x08000aac                __aeabi_dcmple
                0x08000ac0                __aeabi_dcmpge
                0x08000ad4                __aeabi_dcmpgt
 .text          0x08000ae8       0x2c D:/ST/STM32CubeIDE_1.16.0/STM32CubeIDE/plugins/com.st.stm32cube.ide.mcu.externaltools.gnu-tools-for-stm32.12.3.rel1.win32_1.0.200.202406191623/tools/bin/../lib/gcc/arm-none-eabi/12.3.1/thumb/v7-m/nofp\libgcc.a(_arm_unorddf2.o)
                0x08000ae8                __unorddf2
                0x08000ae8                __aeabi_dcmpun
 .text          0x08000b14       0x40 D:/ST/STM32CubeIDE_1.16.0/STM32CubeIDE/plugins/com.st.stm32cube.ide.mcu.externaltools.gnu-tools-for-stm32.12.3.rel1.win32_1.0.200.202406191623/tools/bin/../lib/gcc/arm-none-eabi/12.3.1/thumb/v7-m/nofp\libgcc.a(_arm_fixunsdfsi.o)
                0x08000b14                __aeabi_d2uiz
                0x08000b14                __fixunsdfsi
 .text          0x08000b54      0x21c D:/ST/STM32CubeIDE_1.16.0/STM32CubeIDE/plugins/com.st.stm32cube.ide.mcu.externaltools.gnu-tools-for-stm32.12.3.rel1.win32_1.0.200.202406191623/tools/bin/../lib/gcc/arm-none-eabi/12.3.1/thumb/v7-m/nofp\libgcc.a(_arm_addsubsf3.o)
                0x08000b54                __aeabi_frsub
                0x08000b5c                __subsf3
                0x08000b5c                __aeabi_fsub
                0x08000b60                __aeabi_fadd
                0x08000b60                __addsf3
                0x08000cc0                __aeabi_ui2f
                0x08000cc0                __floatunsisf
                0x08000cc8                __aeabi_i2f
                0x08000cc8                __floatsisf
                0x08000ce4                __aeabi_ul2f
                0x08000ce4                __floatundisf
                0x08000cf4                __aeabi_l2f
                0x08000cf4                __floatdisf
 .text          0x08000d70      0x2a0 D:/ST/STM32CubeIDE_1.16.0/STM32CubeIDE/plugins/com.st.stm32cube.ide.mcu.externaltools.gnu-tools-for-stm32.12.3.rel1.win32_1.0.200.202406191623/tools/bin/../lib/gcc/arm-none-eabi/12.3.1/thumb/v7-m/nofp\libgcc.a(_arm_muldivsf3.o)
                0x08000d70                __mulsf3
                0x08000d70                __aeabi_fmul
                0x08000ed8                __aeabi_fdiv
                0x08000ed8                __divsf3
 .text          0x08001010       0x4c D:/ST/STM32CubeIDE_1.16.0/STM32CubeIDE/plugins/com.st.stm32cube.ide.mcu.externaltools.gnu-tools-for-stm32.12.3.rel1.win32_1.0.200.202406191623/tools/bin/../lib/gcc/arm-none-eabi/12.3.1/thumb/v7-m/nofp\libgcc.a(_arm_fixsfsi.o)
                0x08001010                __aeabi_f2iz
                0x08001010                __fixsfsi
 .text          0x0800105c       0x40 D:/ST/STM32CubeIDE_1.16.0/STM32CubeIDE/plugins/com.st.stm32cube.ide.mcu.externaltools.gnu-tools-for-stm32.12.3.rel1.win32_1.0.200.202406191623/tools/bin/../lib/gcc/arm-none-eabi/12.3.1/thumb/v7-m/nofp\libgcc.a(_arm_fixunssfsi.o)
                0x0800105c                __fixunssfsi
                0x0800105c                __aeabi_f2uiz
 *(.text*)
 .text.AT24CXX_Init
                0x0800109c        0xc ./Core/Src/24cxx.o
                0x0800109c                AT24CXX_Init
 .text.AT24CXX_ReadOneByte
                0x080010a8       0x5a ./Core/Src/24cxx.o
                0x080010a8                AT24CXX_ReadOneByte
 .text.AT24CXX_WriteOneByte
                0x08001102       0x54 ./Core/Src/24cxx.o
                0x08001102                AT24CXX_WriteOneByte
 .text.AT24CXX_Read
                0x08001156       0x3e ./Core/Src/24cxx.o
                0x08001156                AT24CXX_Read
 .text.AT24CXX_Write
                0x08001194       0x40 ./Core/Src/24cxx.o
                0x08001194                AT24CXX_Write
 .text.CT_Delay
                0x080011d4        0xe ./Core/Src/ctiic.o
                0x080011d4                CT_Delay
 *fill*         0x080011e2        0x2 
 .text.CT_IIC_Init
                0x080011e4       0x60 ./Core/Src/ctiic.o
                0x080011e4                CT_IIC_Init
 .text.CT_IIC_Start
                0x08001244       0x50 ./Core/Src/ctiic.o
                0x08001244                CT_IIC_Start
 .text.CT_IIC_Stop
                0x08001294       0x48 ./Core/Src/ctiic.o
                0x08001294                CT_IIC_Stop
 .text.CT_IIC_Wait_Ack
                0x080012dc       0x74 ./Core/Src/ctiic.o
                0x080012dc                CT_IIC_Wait_Ack
 .text.CT_IIC_Ack
                0x08001350       0x50 ./Core/Src/ctiic.o
                0x08001350                CT_IIC_Ack
 .text.CT_IIC_NAck
                0x080013a0       0x50 ./Core/Src/ctiic.o
                0x080013a0                CT_IIC_NAck
 .text.CT_IIC_Send_Byte
                0x080013f0       0x78 ./Core/Src/ctiic.o
                0x080013f0                CT_IIC_Send_Byte
 .text.CT_IIC_Read_Byte
                0x08001468       0x88 ./Core/Src/ctiic.o
                0x08001468                CT_IIC_Read_Byte
 .text.delay_us
                0x080014f0       0x7c ./Core/Src/delay.o
                0x080014f0                delay_us
 .text.delay_ms
                0x0800156c       0x30 ./Core/Src/delay.o
                0x0800156c                delay_ms
 .text.FT5206_WR_Reg
                0x0800159c       0x72 ./Core/Src/ft5206.o
                0x0800159c                FT5206_WR_Reg
 .text.FT5206_RD_Reg
                0x0800160e       0x7c ./Core/Src/ft5206.o
                0x0800160e                FT5206_RD_Reg
 *fill*         0x0800168a        0x2 
 .text.FT5206_Init
                0x0800168c       0xf4 ./Core/Src/ft5206.o
                0x0800168c                FT5206_Init
 .text.FT5206_Scan
                0x08001780      0x22c ./Core/Src/ft5206.o
                0x08001780                FT5206_Scan
 .text.GT9147_Send_Cfg
                0x080019ac       0x68 ./Core/Src/gt9147.o
                0x080019ac                GT9147_Send_Cfg
 .text.GT9147_WR_Reg
                0x08001a14       0x84 ./Core/Src/gt9147.o
                0x08001a14                GT9147_WR_Reg
 .text.GT9147_RD_Reg
                0x08001a98       0x8e ./Core/Src/gt9147.o
                0x08001a98                GT9147_RD_Reg
 *fill*         0x08001b26        0x2 
 .text.GT9147_Init
                0x08001b28      0x138 ./Core/Src/gt9147.o
                0x08001b28                GT9147_Init
 .text.GT9147_Scan
                0x08001c60      0x268 ./Core/Src/gt9147.o
                0x08001c60                GT9147_Scan
 .text.KEY_Init
                0x08001ec8       0x90 ./Core/Src/key.o
                0x08001ec8                KEY_Init
 .text.KEY_Scan
                0x08001f58       0xdc ./Core/Src/key.o
                0x08001f58                KEY_Scan
 .text.LCD_WR_REG
                0x08002034       0x48 ./Core/Src/lcd.o
                0x08002034                LCD_WR_REG
 .text.LCD_WR_DATAX
                0x0800207c       0x48 ./Core/Src/lcd.o
                0x0800207c                LCD_WR_DATAX
 .text.LCD_RD_DATA
                0x080020c4       0x88 ./Core/Src/lcd.o
                0x080020c4                LCD_RD_DATA
 .text.LCD_WriteReg
                0x0800214c       0x54 ./Core/Src/lcd.o
                0x0800214c                LCD_WriteReg
 .text.LCD_ReadReg
                0x080021a0       0x20 ./Core/Src/lcd.o
                0x080021a0                LCD_ReadReg
 .text.LCD_WriteRAM_Prepare
                0x080021c0       0x18 ./Core/Src/lcd.o
                0x080021c0                LCD_WriteRAM_Prepare
 .text.LCD_SetCursor
                0x080021d8      0x598 ./Core/Src/lcd.o
                0x080021d8                LCD_SetCursor
 .text.LCD_Scan_Dir
                0x08002770      0x624 ./Core/Src/lcd.o
                0x08002770                LCD_Scan_Dir
 .text.LCD_DrawPoint
                0x08002d94       0x60 ./Core/Src/lcd.o
                0x08002d94                LCD_DrawPoint
 .text.LCD_Fast_DrawPoint
                0x08002df4      0x52c ./Core/Src/lcd.o
                0x08002df4                LCD_Fast_DrawPoint
 .text.LCD_SSD_BackLightSet
                0x08003320      0x148 ./Core/Src/lcd.o
                0x08003320                LCD_SSD_BackLightSet
 .text.LCD_Display_Dir
                0x08003468      0x218 ./Core/Src/lcd.o
                0x08003468                LCD_Display_Dir
 .text.LCD_Init
                0x08003680     0x3e5c ./Core/Src/lcd.o
                0x08003680                LCD_Init
 .text.LCD_Clear
                0x080074dc       0xc4 ./Core/Src/lcd.o
                0x080074dc                LCD_Clear
 .text.LCD_DrawLine
                0x080075a0      0x108 ./Core/Src/lcd.o
                0x080075a0                LCD_DrawLine
 .text.LCD_Draw_Circle
                0x080076a8      0x13a ./Core/Src/lcd.o
                0x080076a8                LCD_Draw_Circle
 *fill*         0x080077e2        0x2 
 .text.LCD_ShowChar
                0x080077e4      0x15c ./Core/Src/lcd.o
                0x080077e4                LCD_ShowChar
 .text.LCD_Pow  0x08007940       0x36 ./Core/Src/lcd.o
                0x08007940                LCD_Pow
 *fill*         0x08007976        0x2 
 .text.LCD_ShowNum
                0x08007978       0xe4 ./Core/Src/lcd.o
                0x08007978                LCD_ShowNum
 .text.LCD_ShowString
                0x08007a5c       0x9a ./Core/Src/lcd.o
                0x08007a5c                LCD_ShowString
 *fill*         0x08007af6        0x2 
 .text.LED_Init
                0x08007af8       0x90 ./Core/Src/led.o
                0x08007af8                LED_Init
 .text.rtp_test
                0x08007b88      0x124 ./Core/Src/main.o
                0x08007b88                rtp_test
 .text.main     0x08007cac       0x64 ./Core/Src/main.o
                0x08007cac                main
 .text.SystemClock_Config
                0x08007d10       0x8a ./Core/Src/main.o
                0x08007d10                SystemClock_Config
 *fill*         0x08007d9a        0x2 
 .text.MX_USART1_UART_Init
                0x08007d9c       0x54 ./Core/Src/main.o
 .text.MX_DMA_Init
                0x08007df0       0x4c ./Core/Src/main.o
 .text.MX_GPIO_Init
                0x08007e3c       0x44 ./Core/Src/main.o
 .text.Error_Handler
                0x08007e80        0xc ./Core/Src/main.o
                0x08007e80                Error_Handler
 .text.IIC_Init
                0x08007e8c       0x60 ./Core/Src/myiic.o
                0x08007e8c                IIC_Init
 .text.IIC_Start
                0x08007eec       0x50 ./Core/Src/myiic.o
                0x08007eec                IIC_Start
 .text.IIC_Stop
                0x08007f3c       0x50 ./Core/Src/myiic.o
                0x08007f3c                IIC_Stop
 .text.IIC_Wait_Ack
                0x08007f8c       0x78 ./Core/Src/myiic.o
                0x08007f8c                IIC_Wait_Ack
 .text.IIC_Ack  0x08008004       0x50 ./Core/Src/myiic.o
                0x08008004                IIC_Ack
 .text.IIC_NAck
                0x08008054       0x50 ./Core/Src/myiic.o
                0x08008054                IIC_NAck
 .text.IIC_Send_Byte
                0x080080a4       0x80 ./Core/Src/myiic.o
                0x080080a4                IIC_Send_Byte
 .text.IIC_Read_Byte
                0x08008124       0x8c ./Core/Src/myiic.o
                0x08008124                IIC_Read_Byte
 .text.OTT2001A_WR_Reg
                0x080081b0       0x84 ./Core/Src/ott2001a.o
                0x080081b0                OTT2001A_WR_Reg
 .text.OTT2001A_RD_Reg
                0x08008234       0x8e ./Core/Src/ott2001a.o
                0x08008234                OTT2001A_RD_Reg
 .text.OTT2001A_SensorControl
                0x080082c2       0x30 ./Core/Src/ott2001a.o
                0x080082c2                OTT2001A_SensorControl
 *fill*         0x080082f2        0x2 
 .text.OTT2001A_Init
                0x080082f4       0xb0 ./Core/Src/ott2001a.o
                0x080082f4                OTT2001A_Init
 *fill*         0x080083a4        0x4 
 .text.OTT2001A_Scan
                0x080083a8      0x254 ./Core/Src/ott2001a.o
                0x080083a8                OTT2001A_Scan
 .text.HAL_MspInit
                0x080085fc       0x64 ./Core/Src/stm32f1xx_hal_msp.o
                0x080085fc                HAL_MspInit
 .text.HAL_UART_MspInit
                0x08008660      0x154 ./Core/Src/stm32f1xx_hal_msp.o
                0x08008660                HAL_UART_MspInit
 .text.NMI_Handler
                0x080087b4        0x8 ./Core/Src/stm32f1xx_it.o
                0x080087b4                NMI_Handler
 .text.HardFault_Handler
                0x080087bc        0x8 ./Core/Src/stm32f1xx_it.o
                0x080087bc                HardFault_Handler
 .text.MemManage_Handler
                0x080087c4        0x8 ./Core/Src/stm32f1xx_it.o
                0x080087c4                MemManage_Handler
 .text.BusFault_Handler
                0x080087cc        0x8 ./Core/Src/stm32f1xx_it.o
                0x080087cc                BusFault_Handler
 .text.UsageFault_Handler
                0x080087d4        0x8 ./Core/Src/stm32f1xx_it.o
                0x080087d4                UsageFault_Handler
 .text.SVC_Handler
                0x080087dc        0xc ./Core/Src/stm32f1xx_it.o
                0x080087dc                SVC_Handler
 .text.DebugMon_Handler
                0x080087e8        0xc ./Core/Src/stm32f1xx_it.o
                0x080087e8                DebugMon_Handler
 .text.PendSV_Handler
                0x080087f4        0xc ./Core/Src/stm32f1xx_it.o
                0x080087f4                PendSV_Handler
 .text.SysTick_Handler
                0x08008800        0xc ./Core/Src/stm32f1xx_it.o
                0x08008800                SysTick_Handler
 .text.DMA1_Channel4_IRQHandler
                0x0800880c       0x14 ./Core/Src/stm32f1xx_it.o
                0x0800880c                DMA1_Channel4_IRQHandler
 .text.DMA1_Channel5_IRQHandler
                0x08008820       0x14 ./Core/Src/stm32f1xx_it.o
                0x08008820                DMA1_Channel5_IRQHandler
 .text.USART1_IRQHandler
                0x08008834       0x14 ./Core/Src/stm32f1xx_it.o
                0x08008834                USART1_IRQHandler
 .text.HAL_UARTEx_RxEventCallback
                0x08008848       0x58 ./Core/Src/stm32f1xx_it.o
                0x08008848                HAL_UARTEx_RxEventCallback
 .text.HAL_UART_TxCpltCallback
                0x080088a0       0x40 ./Core/Src/stm32f1xx_it.o
                0x080088a0                HAL_UART_TxCpltCallback
 .text._read    0x080088e0       0x3a ./Core/Src/syscalls.o
                0x080088e0                _read
 .text._write   0x0800891a       0x38 ./Core/Src/syscalls.o
                0x0800891a                _write
 .text._close   0x08008952       0x16 ./Core/Src/syscalls.o
                0x08008952                _close
 .text._fstat   0x08008968       0x1e ./Core/Src/syscalls.o
                0x08008968                _fstat
 .text._isatty  0x08008986       0x14 ./Core/Src/syscalls.o
                0x08008986                _isatty
 .text._lseek   0x0800899a       0x18 ./Core/Src/syscalls.o
                0x0800899a                _lseek
 *fill*         0x080089b2        0x2 
 .text._sbrk    0x080089b4       0x6c ./Core/Src/sysmem.o
                0x080089b4                _sbrk
 .text.SystemInit
                0x08008a20        0xc ./Core/Src/system_stm32f1xx.o
                0x08008a20                SystemInit
 .text.TP_Write_Byte
                0x08008a2c       0x60 ./Core/Src/touch.o
                0x08008a2c                TP_Write_Byte
 .text.TP_Read_AD
                0x08008a8c       0xb0 ./Core/Src/touch.o
                0x08008a8c                TP_Read_AD
 .text.TP_Read_XOY
                0x08008b3c       0xf4 ./Core/Src/touch.o
                0x08008b3c                TP_Read_XOY
 .text.TP_Read_XY
                0x08008c30       0x44 ./Core/Src/touch.o
                0x08008c30                TP_Read_XY
 .text.TP_Read_XY2
                0x08008c74       0xc4 ./Core/Src/touch.o
                0x08008c74                TP_Read_XY2
 .text.TP_Drow_Touch_Point
                0x08008d38       0xa8 ./Core/Src/touch.o
                0x08008d38                TP_Drow_Touch_Point
 .text.TP_Scan  0x08008de0      0x13c ./Core/Src/touch.o
                0x08008de0                TP_Scan
 .text.TP_Save_Adjdata
                0x08008f1c       0x20 ./Core/Src/touch.o
                0x08008f1c                TP_Save_Adjdata
 .text.TP_Get_Adjdata
                0x08008f3c       0x64 ./Core/Src/touch.o
                0x08008f3c                TP_Get_Adjdata
 .text.TP_Adj_Info_Show
                0x08008fa0      0x1c4 ./Core/Src/touch.o
                0x08008fa0                TP_Adj_Info_Show
 *fill*         0x08009164        0x4 
 .text.TP_Adjust
                0x08009168      0x878 ./Core/Src/touch.o
                0x08009168                TP_Adjust
 .text.TP_Init  0x080099e0      0x154 ./Core/Src/touch.o
                0x080099e0                TP_Init
 .text.Reset_Handler
                0x08009b34       0x48 ./Core/Startup/startup_stm32f103rctx.o
                0x08009b34                Reset_Handler
 .text.Default_Handler
                0x08009b7c        0x2 ./Core/Startup/startup_stm32f103rctx.o
                0x08009b7c                RTC_Alarm_IRQHandler
                0x08009b7c                EXTI2_IRQHandler
                0x08009b7c                TIM8_TRG_COM_IRQHandler
                0x08009b7c                TIM8_CC_IRQHandler
                0x08009b7c                TIM1_CC_IRQHandler
                0x08009b7c                TIM6_IRQHandler
                0x08009b7c                PVD_IRQHandler
                0x08009b7c                SDIO_IRQHandler
                0x08009b7c                EXTI3_IRQHandler
                0x08009b7c                EXTI0_IRQHandler
                0x08009b7c                I2C2_EV_IRQHandler
                0x08009b7c                ADC1_2_IRQHandler
                0x08009b7c                SPI1_IRQHandler
                0x08009b7c                TAMPER_IRQHandler
                0x08009b7c                TIM8_UP_IRQHandler
                0x08009b7c                DMA2_Channel2_IRQHandler
                0x08009b7c                USART3_IRQHandler
                0x08009b7c                RTC_IRQHandler
                0x08009b7c                DMA1_Channel7_IRQHandler
                0x08009b7c                CAN1_RX1_IRQHandler
                0x08009b7c                UART5_IRQHandler
                0x08009b7c                ADC3_IRQHandler
                0x08009b7c                TIM4_IRQHandler
                0x08009b7c                DMA2_Channel1_IRQHandler
                0x08009b7c                I2C1_EV_IRQHandler
                0x08009b7c                DMA1_Channel6_IRQHandler
                0x08009b7c                UART4_IRQHandler
                0x08009b7c                TIM3_IRQHandler
                0x08009b7c                RCC_IRQHandler
                0x08009b7c                TIM1_TRG_COM_IRQHandler
                0x08009b7c                DMA1_Channel1_IRQHandler
                0x08009b7c                Default_Handler
                0x08009b7c                EXTI15_10_IRQHandler
                0x08009b7c                TIM7_IRQHandler
                0x08009b7c                TIM5_IRQHandler
                0x08009b7c                EXTI9_5_IRQHandler
                0x08009b7c                SPI2_IRQHandler
                0x08009b7c                EXTI4_IRQHandler
                0x08009b7c                USB_LP_CAN1_RX0_IRQHandler
                0x08009b7c                USB_HP_CAN1_TX_IRQHandler
                0x08009b7c                DMA1_Channel3_IRQHandler
                0x08009b7c                FSMC_IRQHandler
                0x08009b7c                TIM1_UP_IRQHandler
                0x08009b7c                WWDG_IRQHandler
                0x08009b7c                TIM2_IRQHandler
                0x08009b7c                TIM1_BRK_IRQHandler
                0x08009b7c                EXTI1_IRQHandler
                0x08009b7c                DMA2_Channel4_5_IRQHandler
                0x08009b7c                USART2_IRQHandler
                0x08009b7c                I2C2_ER_IRQHandler
                0x08009b7c                DMA1_Channel2_IRQHandler
                0x08009b7c                TIM8_BRK_IRQHandler
                0x08009b7c                CAN1_SCE_IRQHandler
                0x08009b7c                FLASH_IRQHandler
                0x08009b7c                SPI3_IRQHandler
                0x08009b7c                I2C1_ER_IRQHandler
                0x08009b7c                USBWakeUp_IRQHandler
                0x08009b7c                DMA2_Channel3_IRQHandler
 *fill*         0x08009b7e        0x2 
 .text.HAL_Init
                0x08009b80       0x2c ./Drivers/STM32F1xx_HAL_Driver/Src/stm32f1xx_hal.o
                0x08009b80                HAL_Init
 .text.HAL_InitTick
                0x08009bac       0x60 ./Drivers/STM32F1xx_HAL_Driver/Src/stm32f1xx_hal.o
                0x08009bac                HAL_InitTick
 .text.HAL_IncTick
                0x08009c0c       0x24 ./Drivers/STM32F1xx_HAL_Driver/Src/stm32f1xx_hal.o
                0x08009c0c                HAL_IncTick
 .text.HAL_GetTick
                0x08009c30       0x14 ./Drivers/STM32F1xx_HAL_Driver/Src/stm32f1xx_hal.o
                0x08009c30                HAL_GetTick
 .text.HAL_Delay
                0x08009c44       0x48 ./Drivers/STM32F1xx_HAL_Driver/Src/stm32f1xx_hal.o
                0x08009c44                HAL_Delay
 .text.__NVIC_SetPriorityGrouping
                0x08009c8c       0x48 ./Drivers/STM32F1xx_HAL_Driver/Src/stm32f1xx_hal_cortex.o
 .text.__NVIC_GetPriorityGrouping
                0x08009cd4       0x1c ./Drivers/STM32F1xx_HAL_Driver/Src/stm32f1xx_hal_cortex.o
 .text.__NVIC_EnableIRQ
                0x08009cf0       0x38 ./Drivers/STM32F1xx_HAL_Driver/Src/stm32f1xx_hal_cortex.o
 .text.__NVIC_SetPriority
                0x08009d28       0x54 ./Drivers/STM32F1xx_HAL_Driver/Src/stm32f1xx_hal_cortex.o
 .text.NVIC_EncodePriority
                0x08009d7c       0x64 ./Drivers/STM32F1xx_HAL_Driver/Src/stm32f1xx_hal_cortex.o
 .text.SysTick_Config
                0x08009de0       0x44 ./Drivers/STM32F1xx_HAL_Driver/Src/stm32f1xx_hal_cortex.o
 .text.HAL_NVIC_SetPriorityGrouping
                0x08009e24       0x16 ./Drivers/STM32F1xx_HAL_Driver/Src/stm32f1xx_hal_cortex.o
                0x08009e24                HAL_NVIC_SetPriorityGrouping
 .text.HAL_NVIC_SetPriority
                0x08009e3a       0x38 ./Drivers/STM32F1xx_HAL_Driver/Src/stm32f1xx_hal_cortex.o
                0x08009e3a                HAL_NVIC_SetPriority
 .text.HAL_NVIC_EnableIRQ
                0x08009e72       0x1c ./Drivers/STM32F1xx_HAL_Driver/Src/stm32f1xx_hal_cortex.o
                0x08009e72                HAL_NVIC_EnableIRQ
 .text.HAL_SYSTICK_Config
                0x08009e8e       0x18 ./Drivers/STM32F1xx_HAL_Driver/Src/stm32f1xx_hal_cortex.o
                0x08009e8e                HAL_SYSTICK_Config
 *fill*         0x08009ea6        0x2 
 .text.HAL_DMA_Init
                0x08009ea8       0xec ./Drivers/STM32F1xx_HAL_Driver/Src/stm32f1xx_hal_dma.o
                0x08009ea8                HAL_DMA_Init
 .text.HAL_DMA_Start_IT
                0x08009f94       0xc0 ./Drivers/STM32F1xx_HAL_Driver/Src/stm32f1xx_hal_dma.o
                0x08009f94                HAL_DMA_Start_IT
 .text.HAL_DMA_Abort
                0x0800a054       0x76 ./Drivers/STM32F1xx_HAL_Driver/Src/stm32f1xx_hal_dma.o
                0x0800a054                HAL_DMA_Abort
 *fill*         0x0800a0ca        0x2 
 .text.HAL_DMA_Abort_IT
                0x0800a0cc      0x210 ./Drivers/STM32F1xx_HAL_Driver/Src/stm32f1xx_hal_dma.o
                0x0800a0cc                HAL_DMA_Abort_IT
 .text.HAL_DMA_IRQHandler
                0x0800a2dc      0x478 ./Drivers/STM32F1xx_HAL_Driver/Src/stm32f1xx_hal_dma.o
                0x0800a2dc                HAL_DMA_IRQHandler
 .text.DMA_SetConfig
                0x0800a754       0x5a ./Drivers/STM32F1xx_HAL_Driver/Src/stm32f1xx_hal_dma.o
 *fill*         0x0800a7ae        0x2 
 .text.HAL_GPIO_Init
                0x0800a7b0      0x328 ./Drivers/STM32F1xx_HAL_Driver/Src/stm32f1xx_hal_gpio.o
                0x0800a7b0                HAL_GPIO_Init
 .text.HAL_GPIO_ReadPin
                0x0800aad8       0x2e ./Drivers/STM32F1xx_HAL_Driver/Src/stm32f1xx_hal_gpio.o
                0x0800aad8                HAL_GPIO_ReadPin
 .text.HAL_GPIO_WritePin
                0x0800ab06       0x30 ./Drivers/STM32F1xx_HAL_Driver/Src/stm32f1xx_hal_gpio.o
                0x0800ab06                HAL_GPIO_WritePin
 *fill*         0x0800ab36        0x2 
 .text.HAL_RCC_OscConfig
                0x0800ab38      0x504 ./Drivers/STM32F1xx_HAL_Driver/Src/stm32f1xx_hal_rcc.o
                0x0800ab38                HAL_RCC_OscConfig
 .text.HAL_RCC_ClockConfig
                0x0800b03c      0x1d4 ./Drivers/STM32F1xx_HAL_Driver/Src/stm32f1xx_hal_rcc.o
                0x0800b03c                HAL_RCC_ClockConfig
 .text.HAL_RCC_GetSysClockFreq
                0x0800b210       0xa8 ./Drivers/STM32F1xx_HAL_Driver/Src/stm32f1xx_hal_rcc.o
                0x0800b210                HAL_RCC_GetSysClockFreq
 .text.HAL_RCC_GetHCLKFreq
                0x0800b2b8       0x14 ./Drivers/STM32F1xx_HAL_Driver/Src/stm32f1xx_hal_rcc.o
                0x0800b2b8                HAL_RCC_GetHCLKFreq
 .text.HAL_RCC_GetPCLK1Freq
                0x0800b2cc       0x28 ./Drivers/STM32F1xx_HAL_Driver/Src/stm32f1xx_hal_rcc.o
                0x0800b2cc                HAL_RCC_GetPCLK1Freq
 .text.HAL_RCC_GetPCLK2Freq
                0x0800b2f4       0x28 ./Drivers/STM32F1xx_HAL_Driver/Src/stm32f1xx_hal_rcc.o
                0x0800b2f4                HAL_RCC_GetPCLK2Freq
 .text.RCC_Delay
                0x0800b31c       0x3c ./Drivers/STM32F1xx_HAL_Driver/Src/stm32f1xx_hal_rcc.o
 .text.HAL_UART_Init
                0x0800b358       0xa0 ./Drivers/STM32F1xx_HAL_Driver/Src/stm32f1xx_hal_uart.o
                0x0800b358                HAL_UART_Init
 .text.HAL_UARTEx_ReceiveToIdle_DMA
                0x0800b3f8       0xb2 ./Drivers/STM32F1xx_HAL_Driver/Src/stm32f1xx_hal_uart.o
                0x0800b3f8                HAL_UARTEx_ReceiveToIdle_DMA
 *fill*         0x0800b4aa        0x2 
 .text.HAL_UART_IRQHandler
                0x0800b4ac      0x524 ./Drivers/STM32F1xx_HAL_Driver/Src/stm32f1xx_hal_uart.o
                0x0800b4ac                HAL_UART_IRQHandler
 .text.HAL_UART_RxCpltCallback
                0x0800b9d0       0x12 ./Drivers/STM32F1xx_HAL_Driver/Src/stm32f1xx_hal_uart.o
                0x0800b9d0                HAL_UART_RxCpltCallback
 .text.HAL_UART_RxHalfCpltCallback
                0x0800b9e2       0x12 ./Drivers/STM32F1xx_HAL_Driver/Src/stm32f1xx_hal_uart.o
                0x0800b9e2                HAL_UART_RxHalfCpltCallback
 .text.HAL_UART_ErrorCallback
                0x0800b9f4       0x12 ./Drivers/STM32F1xx_HAL_Driver/Src/stm32f1xx_hal_uart.o
                0x0800b9f4                HAL_UART_ErrorCallback
 .text.UART_DMAReceiveCplt
                0x0800ba06      0x12c ./Drivers/STM32F1xx_HAL_Driver/Src/stm32f1xx_hal_uart.o
 .text.UART_DMARxHalfCplt
                0x0800bb32       0x3c ./Drivers/STM32F1xx_HAL_Driver/Src/stm32f1xx_hal_uart.o
 .text.UART_DMAError
                0x0800bb6e       0x94 ./Drivers/STM32F1xx_HAL_Driver/Src/stm32f1xx_hal_uart.o
 *fill*         0x0800bc02        0x2 
 .text.UART_Start_Receive_DMA
                0x0800bc04      0x134 ./Drivers/STM32F1xx_HAL_Driver/Src/stm32f1xx_hal_uart.o
                0x0800bc04                UART_Start_Receive_DMA
 .text.UART_EndTxTransfer
                0x0800bd38       0x4e ./Drivers/STM32F1xx_HAL_Driver/Src/stm32f1xx_hal_uart.o
 .text.UART_EndRxTransfer
                0x0800bd86       0xc4 ./Drivers/STM32F1xx_HAL_Driver/Src/stm32f1xx_hal_uart.o
 .text.UART_DMAAbortOnError
                0x0800be4a       0x28 ./Drivers/STM32F1xx_HAL_Driver/Src/stm32f1xx_hal_uart.o
 .text.UART_Transmit_IT
                0x0800be72       0x9e ./Drivers/STM32F1xx_HAL_Driver/Src/stm32f1xx_hal_uart.o
 .text.UART_EndTransmit_IT
                0x0800bf10       0x30 ./Drivers/STM32F1xx_HAL_Driver/Src/stm32f1xx_hal_uart.o
 .text.UART_Receive_IT
                0x0800bf40      0x17c ./Drivers/STM32F1xx_HAL_Driver/Src/stm32f1xx_hal_uart.o
 .text.UART_SetConfig
                0x0800c0bc      0x11c ./Drivers/STM32F1xx_HAL_Driver/Src/stm32f1xx_hal_uart.o
 .text.std      0x0800c1d8       0x6c D:/ST/STM32CubeIDE_1.16.0/STM32CubeIDE/plugins/com.st.stm32cube.ide.mcu.externaltools.gnu-tools-for-stm32.12.3.rel1.win32_1.0.200.202406191623/tools/bin/../lib/gcc/arm-none-eabi/12.3.1/../../../../arm-none-eabi/lib/thumb/v7-m/nofp\libc_nano.a(libc_a-findfp.o)
 .text.stdio_exit_handler
                0x0800c244       0x18 D:/ST/STM32CubeIDE_1.16.0/STM32CubeIDE/plugins/com.st.stm32cube.ide.mcu.externaltools.gnu-tools-for-stm32.12.3.rel1.win32_1.0.200.202406191623/tools/bin/../lib/gcc/arm-none-eabi/12.3.1/../../../../arm-none-eabi/lib/thumb/v7-m/nofp\libc_nano.a(libc_a-findfp.o)
 .text.cleanup_stdio
                0x0800c25c       0x40 D:/ST/STM32CubeIDE_1.16.0/STM32CubeIDE/plugins/com.st.stm32cube.ide.mcu.externaltools.gnu-tools-for-stm32.12.3.rel1.win32_1.0.200.202406191623/tools/bin/../lib/gcc/arm-none-eabi/12.3.1/../../../../arm-none-eabi/lib/thumb/v7-m/nofp\libc_nano.a(libc_a-findfp.o)
 .text.global_stdio_init.part.0
                0x0800c29c       0x3c D:/ST/STM32CubeIDE_1.16.0/STM32CubeIDE/plugins/com.st.stm32cube.ide.mcu.externaltools.gnu-tools-for-stm32.12.3.rel1.win32_1.0.200.202406191623/tools/bin/../lib/gcc/arm-none-eabi/12.3.1/../../../../arm-none-eabi/lib/thumb/v7-m/nofp\libc_nano.a(libc_a-findfp.o)
 .text.__sfp_lock_acquire
                0x0800c2d8        0xc D:/ST/STM32CubeIDE_1.16.0/STM32CubeIDE/plugins/com.st.stm32cube.ide.mcu.externaltools.gnu-tools-for-stm32.12.3.rel1.win32_1.0.200.202406191623/tools/bin/../lib/gcc/arm-none-eabi/12.3.1/../../../../arm-none-eabi/lib/thumb/v7-m/nofp\libc_nano.a(libc_a-findfp.o)
                0x0800c2d8                __sfp_lock_acquire
 .text.__sfp_lock_release
                0x0800c2e4        0xc D:/ST/STM32CubeIDE_1.16.0/STM32CubeIDE/plugins/com.st.stm32cube.ide.mcu.externaltools.gnu-tools-for-stm32.12.3.rel1.win32_1.0.200.202406191623/tools/bin/../lib/gcc/arm-none-eabi/12.3.1/../../../../arm-none-eabi/lib/thumb/v7-m/nofp\libc_nano.a(libc_a-findfp.o)
                0x0800c2e4                __sfp_lock_release
 .text.__sinit  0x0800c2f0       0x30 D:/ST/STM32CubeIDE_1.16.0/STM32CubeIDE/plugins/com.st.stm32cube.ide.mcu.externaltools.gnu-tools-for-stm32.12.3.rel1.win32_1.0.200.202406191623/tools/bin/../lib/gcc/arm-none-eabi/12.3.1/../../../../arm-none-eabi/lib/thumb/v7-m/nofp\libc_nano.a(libc_a-findfp.o)
                0x0800c2f0                __sinit
 .text._fwalk_sglue
                0x0800c320       0x3c D:/ST/STM32CubeIDE_1.16.0/STM32CubeIDE/plugins/com.st.stm32cube.ide.mcu.externaltools.gnu-tools-for-stm32.12.3.rel1.win32_1.0.200.202406191623/tools/bin/../lib/gcc/arm-none-eabi/12.3.1/../../../../arm-none-eabi/lib/thumb/v7-m/nofp\libc_nano.a(libc_a-fwalk.o)
                0x0800c320                _fwalk_sglue
 .text.printf   0x0800c35c       0x24 D:/ST/STM32CubeIDE_1.16.0/STM32CubeIDE/plugins/com.st.stm32cube.ide.mcu.externaltools.gnu-tools-for-stm32.12.3.rel1.win32_1.0.200.202406191623/tools/bin/../lib/gcc/arm-none-eabi/12.3.1/../../../../arm-none-eabi/lib/thumb/v7-m/nofp\libc_nano.a(libc_a-printf.o)
                0x0800c35c                iprintf
                0x0800c35c                printf
 .text.__sread  0x0800c380       0x22 D:/ST/STM32CubeIDE_1.16.0/STM32CubeIDE/plugins/com.st.stm32cube.ide.mcu.externaltools.gnu-tools-for-stm32.12.3.rel1.win32_1.0.200.202406191623/tools/bin/../lib/gcc/arm-none-eabi/12.3.1/../../../../arm-none-eabi/lib/thumb/v7-m/nofp\libc_nano.a(libc_a-stdio.o)
                0x0800c380                __sread
 .text.__swrite
                0x0800c3a2       0x38 D:/ST/STM32CubeIDE_1.16.0/STM32CubeIDE/plugins/com.st.stm32cube.ide.mcu.externaltools.gnu-tools-for-stm32.12.3.rel1.win32_1.0.200.202406191623/tools/bin/../lib/gcc/arm-none-eabi/12.3.1/../../../../arm-none-eabi/lib/thumb/v7-m/nofp\libc_nano.a(libc_a-stdio.o)
                0x0800c3a2                __swrite
 .text.__sseek  0x0800c3da       0x24 D:/ST/STM32CubeIDE_1.16.0/STM32CubeIDE/plugins/com.st.stm32cube.ide.mcu.externaltools.gnu-tools-for-stm32.12.3.rel1.win32_1.0.200.202406191623/tools/bin/../lib/gcc/arm-none-eabi/12.3.1/../../../../arm-none-eabi/lib/thumb/v7-m/nofp\libc_nano.a(libc_a-stdio.o)
                0x0800c3da                __sseek
 .text.__sclose
                0x0800c3fe        0x8 D:/ST/STM32CubeIDE_1.16.0/STM32CubeIDE/plugins/com.st.stm32cube.ide.mcu.externaltools.gnu-tools-for-stm32.12.3.rel1.win32_1.0.200.202406191623/tools/bin/../lib/gcc/arm-none-eabi/12.3.1/../../../../arm-none-eabi/lib/thumb/v7-m/nofp\libc_nano.a(libc_a-stdio.o)
                0x0800c3fe                __sclose
 .text.memset   0x0800c406       0x10 D:/ST/STM32CubeIDE_1.16.0/STM32CubeIDE/plugins/com.st.stm32cube.ide.mcu.externaltools.gnu-tools-for-stm32.12.3.rel1.win32_1.0.200.202406191623/tools/bin/../lib/gcc/arm-none-eabi/12.3.1/../../../../arm-none-eabi/lib/thumb/v7-m/nofp\libc_nano.a(libc_a-memset.o)
                0x0800c406                memset
 *fill*         0x0800c416        0x2 
 .text._close_r
                0x0800c418       0x20 D:/ST/STM32CubeIDE_1.16.0/STM32CubeIDE/plugins/com.st.stm32cube.ide.mcu.externaltools.gnu-tools-for-stm32.12.3.rel1.win32_1.0.200.202406191623/tools/bin/../lib/gcc/arm-none-eabi/12.3.1/../../../../arm-none-eabi/lib/thumb/v7-m/nofp\libc_nano.a(libc_a-closer.o)
                0x0800c418                _close_r
 .text._lseek_r
                0x0800c438       0x24 D:/ST/STM32CubeIDE_1.16.0/STM32CubeIDE/plugins/com.st.stm32cube.ide.mcu.externaltools.gnu-tools-for-stm32.12.3.rel1.win32_1.0.200.202406191623/tools/bin/../lib/gcc/arm-none-eabi/12.3.1/../../../../arm-none-eabi/lib/thumb/v7-m/nofp\libc_nano.a(libc_a-lseekr.o)
                0x0800c438                _lseek_r
 .text._read_r  0x0800c45c       0x24 D:/ST/STM32CubeIDE_1.16.0/STM32CubeIDE/plugins/com.st.stm32cube.ide.mcu.externaltools.gnu-tools-for-stm32.12.3.rel1.win32_1.0.200.202406191623/tools/bin/../lib/gcc/arm-none-eabi/12.3.1/../../../../arm-none-eabi/lib/thumb/v7-m/nofp\libc_nano.a(libc_a-readr.o)
                0x0800c45c                _read_r
 .text._write_r
                0x0800c480       0x24 D:/ST/STM32CubeIDE_1.16.0/STM32CubeIDE/plugins/com.st.stm32cube.ide.mcu.externaltools.gnu-tools-for-stm32.12.3.rel1.win32_1.0.200.202406191623/tools/bin/../lib/gcc/arm-none-eabi/12.3.1/../../../../arm-none-eabi/lib/thumb/v7-m/nofp\libc_nano.a(libc_a-writer.o)
                0x0800c480                _write_r
 .text.__errno  0x0800c4a4        0xc D:/ST/STM32CubeIDE_1.16.0/STM32CubeIDE/plugins/com.st.stm32cube.ide.mcu.externaltools.gnu-tools-for-stm32.12.3.rel1.win32_1.0.200.202406191623/tools/bin/../lib/gcc/arm-none-eabi/12.3.1/../../../../arm-none-eabi/lib/thumb/v7-m/nofp\libc_nano.a(libc_a-errno.o)
                0x0800c4a4                __errno
 .text.__libc_init_array
                0x0800c4b0       0x48 D:/ST/STM32CubeIDE_1.16.0/STM32CubeIDE/plugins/com.st.stm32cube.ide.mcu.externaltools.gnu-tools-for-stm32.12.3.rel1.win32_1.0.200.202406191623/tools/bin/../lib/gcc/arm-none-eabi/12.3.1/../../../../arm-none-eabi/lib/thumb/v7-m/nofp\libc_nano.a(libc_a-init.o)
                0x0800c4b0                __libc_init_array
 .text.__retarget_lock_init_recursive
                0x0800c4f8        0x2 D:/ST/STM32CubeIDE_1.16.0/STM32CubeIDE/plugins/com.st.stm32cube.ide.mcu.externaltools.gnu-tools-for-stm32.12.3.rel1.win32_1.0.200.202406191623/tools/bin/../lib/gcc/arm-none-eabi/12.3.1/../../../../arm-none-eabi/lib/thumb/v7-m/nofp\libc_nano.a(libc_a-lock.o)
                0x0800c4f8                __retarget_lock_init_recursive
 .text.__retarget_lock_acquire_recursive
                0x0800c4fa        0x2 D:/ST/STM32CubeIDE_1.16.0/STM32CubeIDE/plugins/com.st.stm32cube.ide.mcu.externaltools.gnu-tools-for-stm32.12.3.rel1.win32_1.0.200.202406191623/tools/bin/../lib/gcc/arm-none-eabi/12.3.1/../../../../arm-none-eabi/lib/thumb/v7-m/nofp\libc_nano.a(libc_a-lock.o)
                0x0800c4fa                __retarget_lock_acquire_recursive
 .text.__retarget_lock_release_recursive
                0x0800c4fc        0x2 D:/ST/STM32CubeIDE_1.16.0/STM32CubeIDE/plugins/com.st.stm32cube.ide.mcu.externaltools.gnu-tools-for-stm32.12.3.rel1.win32_1.0.200.202406191623/tools/bin/../lib/gcc/arm-none-eabi/12.3.1/../../../../arm-none-eabi/lib/thumb/v7-m/nofp\libc_nano.a(libc_a-lock.o)
                0x0800c4fc                __retarget_lock_release_recursive
 *fill*         0x0800c4fe        0x2 
 .text._free_r  0x0800c500       0x90 D:/ST/STM32CubeIDE_1.16.0/STM32CubeIDE/plugins/com.st.stm32cube.ide.mcu.externaltools.gnu-tools-for-stm32.12.3.rel1.win32_1.0.200.202406191623/tools/bin/../lib/gcc/arm-none-eabi/12.3.1/../../../../arm-none-eabi/lib/thumb/v7-m/nofp\libc_nano.a(libc_a-freer.o)
                0x0800c500                _free_r
 .text.sbrk_aligned
                0x0800c590       0x44 D:/ST/STM32CubeIDE_1.16.0/STM32CubeIDE/plugins/com.st.stm32cube.ide.mcu.externaltools.gnu-tools-for-stm32.12.3.rel1.win32_1.0.200.202406191623/tools/bin/../lib/gcc/arm-none-eabi/12.3.1/../../../../arm-none-eabi/lib/thumb/v7-m/nofp\libc_nano.a(libc_a-mallocr.o)
 .text._malloc_r
                0x0800c5d4      0x100 D:/ST/STM32CubeIDE_1.16.0/STM32CubeIDE/plugins/com.st.stm32cube.ide.mcu.externaltools.gnu-tools-for-stm32.12.3.rel1.win32_1.0.200.202406191623/tools/bin/../lib/gcc/arm-none-eabi/12.3.1/../../../../arm-none-eabi/lib/thumb/v7-m/nofp\libc_nano.a(libc_a-mallocr.o)
                0x0800c5d4                _malloc_r
 .text.__malloc_lock
                0x0800c6d4        0xc D:/ST/STM32CubeIDE_1.16.0/STM32CubeIDE/plugins/com.st.stm32cube.ide.mcu.externaltools.gnu-tools-for-stm32.12.3.rel1.win32_1.0.200.202406191623/tools/bin/../lib/gcc/arm-none-eabi/12.3.1/../../../../arm-none-eabi/lib/thumb/v7-m/nofp\libc_nano.a(libc_a-mlock.o)
                0x0800c6d4                __malloc_lock
 .text.__malloc_unlock
                0x0800c6e0        0xc D:/ST/STM32CubeIDE_1.16.0/STM32CubeIDE/plugins/com.st.stm32cube.ide.mcu.externaltools.gnu-tools-for-stm32.12.3.rel1.win32_1.0.200.202406191623/tools/bin/../lib/gcc/arm-none-eabi/12.3.1/../../../../arm-none-eabi/lib/thumb/v7-m/nofp\libc_nano.a(libc_a-mlock.o)
                0x0800c6e0                __malloc_unlock
 .text.__sfputc_r
                0x0800c6ec       0x2a D:/ST/STM32CubeIDE_1.16.0/STM32CubeIDE/plugins/com.st.stm32cube.ide.mcu.externaltools.gnu-tools-for-stm32.12.3.rel1.win32_1.0.200.202406191623/tools/bin/../lib/gcc/arm-none-eabi/12.3.1/../../../../arm-none-eabi/lib/thumb/v7-m/nofp\libc_nano.a(libc_a-nano-vfprintf.o)
 .text.__sfputs_r
                0x0800c716       0x24 D:/ST/STM32CubeIDE_1.16.0/STM32CubeIDE/plugins/com.st.stm32cube.ide.mcu.externaltools.gnu-tools-for-stm32.12.3.rel1.win32_1.0.200.202406191623/tools/bin/../lib/gcc/arm-none-eabi/12.3.1/../../../../arm-none-eabi/lib/thumb/v7-m/nofp\libc_nano.a(libc_a-nano-vfprintf.o)
                0x0800c716                __sfputs_r
 *fill*         0x0800c73a        0x2 
 .text._vfprintf_r
                0x0800c73c      0x230 D:/ST/STM32CubeIDE_1.16.0/STM32CubeIDE/plugins/com.st.stm32cube.ide.mcu.externaltools.gnu-tools-for-stm32.12.3.rel1.win32_1.0.200.202406191623/tools/bin/../lib/gcc/arm-none-eabi/12.3.1/../../../../arm-none-eabi/lib/thumb/v7-m/nofp\libc_nano.a(libc_a-nano-vfprintf.o)
                0x0800c73c                _vfprintf_r
                0x0800c73c                _vfiprintf_r
 .text._printf_common
                0x0800c96c       0xe4 D:/ST/STM32CubeIDE_1.16.0/STM32CubeIDE/plugins/com.st.stm32cube.ide.mcu.externaltools.gnu-tools-for-stm32.12.3.rel1.win32_1.0.200.202406191623/tools/bin/../lib/gcc/arm-none-eabi/12.3.1/../../../../arm-none-eabi/lib/thumb/v7-m/nofp\libc_nano.a(libc_a-nano-vfprintf_i.o)
                0x0800c96c                _printf_common
 .text._printf_i
                0x0800ca50      0x240 D:/ST/STM32CubeIDE_1.16.0/STM32CubeIDE/plugins/com.st.stm32cube.ide.mcu.externaltools.gnu-tools-for-stm32.12.3.rel1.win32_1.0.200.202406191623/tools/bin/../lib/gcc/arm-none-eabi/12.3.1/../../../../arm-none-eabi/lib/thumb/v7-m/nofp\libc_nano.a(libc_a-nano-vfprintf_i.o)
                0x0800ca50                _printf_i
 .text.__sflush_r
                0x0800cc90      0x100 D:/ST/STM32CubeIDE_1.16.0/STM32CubeIDE/plugins/com.st.stm32cube.ide.mcu.externaltools.gnu-tools-for-stm32.12.3.rel1.win32_1.0.200.202406191623/tools/bin/../lib/gcc/arm-none-eabi/12.3.1/../../../../arm-none-eabi/lib/thumb/v7-m/nofp\libc_nano.a(libc_a-fflush.o)
                0x0800cc90                __sflush_r
 .text._fflush_r
                0x0800cd90       0x50 D:/ST/STM32CubeIDE_1.16.0/STM32CubeIDE/plugins/com.st.stm32cube.ide.mcu.externaltools.gnu-tools-for-stm32.12.3.rel1.win32_1.0.200.202406191623/tools/bin/../lib/gcc/arm-none-eabi/12.3.1/../../../../arm-none-eabi/lib/thumb/v7-m/nofp\libc_nano.a(libc_a-fflush.o)
                0x0800cd90                _fflush_r
 .text.__swbuf_r
                0x0800cde0       0x7c D:/ST/STM32CubeIDE_1.16.0/STM32CubeIDE/plugins/com.st.stm32cube.ide.mcu.externaltools.gnu-tools-for-stm32.12.3.rel1.win32_1.0.200.202406191623/tools/bin/../lib/gcc/arm-none-eabi/12.3.1/../../../../arm-none-eabi/lib/thumb/v7-m/nofp\libc_nano.a(libc_a-wbuf.o)
                0x0800cde0                __swbuf_r
 .text.__swsetup_r
                0x0800ce5c       0xac D:/ST/STM32CubeIDE_1.16.0/STM32CubeIDE/plugins/com.st.stm32cube.ide.mcu.externaltools.gnu-tools-for-stm32.12.3.rel1.win32_1.0.200.202406191623/tools/bin/../lib/gcc/arm-none-eabi/12.3.1/../../../../arm-none-eabi/lib/thumb/v7-m/nofp\libc_nano.a(libc_a-wsetup.o)
                0x0800ce5c                __swsetup_r
 .text._sbrk_r  0x0800cf08       0x20 D:/ST/STM32CubeIDE_1.16.0/STM32CubeIDE/plugins/com.st.stm32cube.ide.mcu.externaltools.gnu-tools-for-stm32.12.3.rel1.win32_1.0.200.202406191623/tools/bin/../lib/gcc/arm-none-eabi/12.3.1/../../../../arm-none-eabi/lib/thumb/v7-m/nofp\libc_nano.a(libc_a-sbrkr.o)
                0x0800cf08                _sbrk_r
 .text.memchr   0x0800cf28       0x1c D:/ST/STM32CubeIDE_1.16.0/STM32CubeIDE/plugins/com.st.stm32cube.ide.mcu.externaltools.gnu-tools-for-stm32.12.3.rel1.win32_1.0.200.202406191623/tools/bin/../lib/gcc/arm-none-eabi/12.3.1/../../../../arm-none-eabi/lib/thumb/v7-m/nofp\libc_nano.a(libc_a-memchr-stub.o)
                0x0800cf28                memchr
 .text.__swhatbuf_r
                0x0800cf44       0x4a D:/ST/STM32CubeIDE_1.16.0/STM32CubeIDE/plugins/com.st.stm32cube.ide.mcu.externaltools.gnu-tools-for-stm32.12.3.rel1.win32_1.0.200.202406191623/tools/bin/../lib/gcc/arm-none-eabi/12.3.1/../../../../arm-none-eabi/lib/thumb/v7-m/nofp\libc_nano.a(libc_a-makebuf.o)
                0x0800cf44                __swhatbuf_r
 .text.__smakebuf_r
                0x0800cf8e       0x78 D:/ST/STM32CubeIDE_1.16.0/STM32CubeIDE/plugins/com.st.stm32cube.ide.mcu.externaltools.gnu-tools-for-stm32.12.3.rel1.win32_1.0.200.202406191623/tools/bin/../lib/gcc/arm-none-eabi/12.3.1/../../../../arm-none-eabi/lib/thumb/v7-m/nofp\libc_nano.a(libc_a-makebuf.o)
                0x0800cf8e                __smakebuf_r
 *fill*         0x0800d006        0x2 
 .text._fstat_r
                0x0800d008       0x24 D:/ST/STM32CubeIDE_1.16.0/STM32CubeIDE/plugins/com.st.stm32cube.ide.mcu.externaltools.gnu-tools-for-stm32.12.3.rel1.win32_1.0.200.202406191623/tools/bin/../lib/gcc/arm-none-eabi/12.3.1/../../../../arm-none-eabi/lib/thumb/v7-m/nofp\libc_nano.a(libc_a-fstatr.o)
                0x0800d008                _fstat_r
 .text._isatty_r
                0x0800d02c       0x20 D:/ST/STM32CubeIDE_1.16.0/STM32CubeIDE/plugins/com.st.stm32cube.ide.mcu.externaltools.gnu-tools-for-stm32.12.3.rel1.win32_1.0.200.202406191623/tools/bin/../lib/gcc/arm-none-eabi/12.3.1/../../../../arm-none-eabi/lib/thumb/v7-m/nofp\libc_nano.a(libc_a-isattyr.o)
                0x0800d02c                _isatty_r
 .text.sqrt     0x0800d04c       0x48 D:/ST/STM32CubeIDE_1.16.0/STM32CubeIDE/plugins/com.st.stm32cube.ide.mcu.externaltools.gnu-tools-for-stm32.12.3.rel1.win32_1.0.200.202406191623/tools/bin/../lib/gcc/arm-none-eabi/12.3.1/../../../../arm-none-eabi/lib/thumb/v7-m/nofp\libm.a(libm_a-w_sqrt.o)
                0x0800d04c                sqrt
 .text.__ieee754_sqrt
                0x0800d094      0x1ac D:/ST/STM32CubeIDE_1.16.0/STM32CubeIDE/plugins/com.st.stm32cube.ide.mcu.externaltools.gnu-tools-for-stm32.12.3.rel1.win32_1.0.200.202406191623/tools/bin/../lib/gcc/arm-none-eabi/12.3.1/../../../../arm-none-eabi/lib/thumb/v7-m/nofp\libm.a(libm_a-e_sqrt.o)
                0x0800d094                __ieee754_sqrt
 *(.glue_7)
 .glue_7        0x0800d240        0x0 linker stubs
 *(.glue_7t)
 .glue_7t       0x0800d240        0x0 linker stubs
 *(.eh_frame)
 .eh_frame      0x0800d240        0x0 D:/ST/STM32CubeIDE_1.16.0/STM32CubeIDE/plugins/com.st.stm32cube.ide.mcu.externaltools.gnu-tools-for-stm32.12.3.rel1.win32_1.0.200.202406191623/tools/bin/../lib/gcc/arm-none-eabi/12.3.1/thumb/v7-m/nofp/crtbegin.o
 *(.init)
 .init          0x0800d240        0x4 D:/ST/STM32CubeIDE_1.16.0/STM32CubeIDE/plugins/com.st.stm32cube.ide.mcu.externaltools.gnu-tools-for-stm32.12.3.rel1.win32_1.0.200.202406191623/tools/bin/../lib/gcc/arm-none-eabi/12.3.1/thumb/v7-m/nofp/crti.o
                0x0800d240                _init
 .init          0x0800d244        0x8 D:/ST/STM32CubeIDE_1.16.0/STM32CubeIDE/plugins/com.st.stm32cube.ide.mcu.externaltools.gnu-tools-for-stm32.12.3.rel1.win32_1.0.200.202406191623/tools/bin/../lib/gcc/arm-none-eabi/12.3.1/thumb/v7-m/nofp/crtn.o
 *(.fini)
 .fini          0x0800d24c        0x4 D:/ST/STM32CubeIDE_1.16.0/STM32CubeIDE/plugins/com.st.stm32cube.ide.mcu.externaltools.gnu-tools-for-stm32.12.3.rel1.win32_1.0.200.202406191623/tools/bin/../lib/gcc/arm-none-eabi/12.3.1/thumb/v7-m/nofp/crti.o
                0x0800d24c                _fini
 .fini          0x0800d250        0x8 D:/ST/STM32CubeIDE_1.16.0/STM32CubeIDE/plugins/com.st.stm32cube.ide.mcu.externaltools.gnu-tools-for-stm32.12.3.rel1.win32_1.0.200.202406191623/tools/bin/../lib/gcc/arm-none-eabi/12.3.1/thumb/v7-m/nofp/crtn.o
                0x0800d258                        . = ALIGN (0x4)
                0x0800d258                        _etext = .

.vfp11_veneer   0x0800d258        0x0
 .vfp11_veneer  0x0800d258        0x0 linker stubs

.v4_bx          0x0800d258        0x0
 .v4_bx         0x0800d258        0x0 linker stubs

.iplt           0x0800d258        0x0
 .iplt          0x0800d258        0x0 D:/ST/STM32CubeIDE_1.16.0/STM32CubeIDE/plugins/com.st.stm32cube.ide.mcu.externaltools.gnu-tools-for-stm32.12.3.rel1.win32_1.0.200.202406191623/tools/bin/../lib/gcc/arm-none-eabi/12.3.1/thumb/v7-m/nofp/crtbegin.o

.rodata         0x0800d258     0x1a14
                0x0800d258                        . = ALIGN (0x4)
 *(.rodata)
 .rodata        0x0800d258        0xc ./Core/Src/ft5206.o
 .rodata        0x0800d264       0x25 ./Core/Src/gt9147.o
 *fill*         0x0800d289        0x3 
 .rodata        0x0800d28c        0xc ./Core/Src/ott2001a.o
 .rodata        0x0800d298        0x7 ./Core/Src/stm32f1xx_it.o
 *fill*         0x0800d29f        0x1 
 .rodata        0x0800d2a0       0xd0 ./Core/Src/touch.o
 *(.rodata*)
 .rodata.FT5206_TPX_TBL
                0x0800d370        0xa ./Core/Src/ft5206.o
                0x0800d370                FT5206_TPX_TBL
 *fill*         0x0800d37a        0x2 
 .rodata.GT9147_CFG_TBL
                0x0800d37c       0xb8 ./Core/Src/gt9147.o
                0x0800d37c                GT9147_CFG_TBL
 .rodata.GT9147_TPX_TBL
                0x0800d434        0xa ./Core/Src/gt9147.o
                0x0800d434                GT9147_TPX_TBL
 *fill*         0x0800d43e        0x2 
 .rodata.asc2_1206
                0x0800d440      0x474 ./Core/Src/lcd.o
                0x0800d440                asc2_1206
 .rodata.asc2_1608
                0x0800d8b4      0x5f0 ./Core/Src/lcd.o
                0x0800d8b4                asc2_1608
 .rodata.asc2_2412
                0x0800dea4      0xd5c ./Core/Src/lcd.o
                0x0800dea4                asc2_2412
 .rodata.OTT_TPX_TBL
                0x0800ec00        0xa ./Core/Src/ott2001a.o
                0x0800ec00                OTT_TPX_TBL
 *fill*         0x0800ec0a        0x2 
 .rodata.AHBPrescTable
                0x0800ec0c       0x10 ./Core/Src/system_stm32f1xx.o
                0x0800ec0c                AHBPrescTable
 .rodata.APBPrescTable
                0x0800ec1c        0x8 ./Core/Src/system_stm32f1xx.o
                0x0800ec1c                APBPrescTable
 .rodata.aPLLMULFactorTable.1
                0x0800ec24       0x10 ./Drivers/STM32F1xx_HAL_Driver/Src/stm32f1xx_hal_rcc.o
 .rodata.aPredivFactorTable.0
                0x0800ec34        0x2 ./Drivers/STM32F1xx_HAL_Driver/Src/stm32f1xx_hal_rcc.o
 .rodata._vfprintf_r.str1.1
                0x0800ec36       0x11 D:/ST/STM32CubeIDE_1.16.0/STM32CubeIDE/plugins/com.st.stm32cube.ide.mcu.externaltools.gnu-tools-for-stm32.12.3.rel1.win32_1.0.200.202406191623/tools/bin/../lib/gcc/arm-none-eabi/12.3.1/../../../../arm-none-eabi/lib/thumb/v7-m/nofp\libc_nano.a(libc_a-nano-vfprintf.o)
 .rodata._printf_i.str1.1
                0x0800ec47       0x22 D:/ST/STM32CubeIDE_1.16.0/STM32CubeIDE/plugins/com.st.stm32cube.ide.mcu.externaltools.gnu-tools-for-stm32.12.3.rel1.win32_1.0.200.202406191623/tools/bin/../lib/gcc/arm-none-eabi/12.3.1/../../../../arm-none-eabi/lib/thumb/v7-m/nofp\libc_nano.a(libc_a-nano-vfprintf_i.o)
                0x0800ec6c                        . = ALIGN (0x4)
 *fill*         0x0800ec69        0x3 

.ARM.extab      0x0800ec6c        0x0
                0x0800ec6c                        . = ALIGN (0x4)
 *(.ARM.extab* .gnu.linkonce.armextab.*)
                0x0800ec6c                        . = ALIGN (0x4)

.ARM            0x0800ec6c        0x8
                0x0800ec6c                        . = ALIGN (0x4)
                0x0800ec6c                        __exidx_start = .
 *(.ARM.exidx*)
 .ARM.exidx     0x0800ec6c        0x8 D:/ST/STM32CubeIDE_1.16.0/STM32CubeIDE/plugins/com.st.stm32cube.ide.mcu.externaltools.gnu-tools-for-stm32.12.3.rel1.win32_1.0.200.202406191623/tools/bin/../lib/gcc/arm-none-eabi/12.3.1/../../../../arm-none-eabi/lib/thumb/v7-m/nofp\libc_nano.a(libc_a-strcmp.o)
                0x0800ec74                        __exidx_end = .
                0x0800ec74                        . = ALIGN (0x4)

.preinit_array  0x0800ec74        0x0
                0x0800ec74                        . = ALIGN (0x4)
                0x0800ec74                        PROVIDE (__preinit_array_start = .)
 *(.preinit_array*)
                0x0800ec74                        PROVIDE (__preinit_array_end = .)
                0x0800ec74                        . = ALIGN (0x4)

.init_array     0x0800ec74        0x4
                0x0800ec74                        . = ALIGN (0x4)
                0x0800ec74                        PROVIDE (__init_array_start = .)
 *(SORT_BY_NAME(.init_array.*))
 *(.init_array*)
 .init_array    0x0800ec74        0x4 D:/ST/STM32CubeIDE_1.16.0/STM32CubeIDE/plugins/com.st.stm32cube.ide.mcu.externaltools.gnu-tools-for-stm32.12.3.rel1.win32_1.0.200.202406191623/tools/bin/../lib/gcc/arm-none-eabi/12.3.1/thumb/v7-m/nofp/crtbegin.o
                0x0800ec78                        PROVIDE (__init_array_end = .)
                0x0800ec78                        . = ALIGN (0x4)

.fini_array     0x0800ec78        0x4
                0x0800ec78                        . = ALIGN (0x4)
                [!provide]                        PROVIDE (__fini_array_start = .)
 *(SORT_BY_NAME(.fini_array.*))
 *(.fini_array*)
 .fini_array    0x0800ec78        0x4 D:/ST/STM32CubeIDE_1.16.0/STM32CubeIDE/plugins/com.st.stm32cube.ide.mcu.externaltools.gnu-tools-for-stm32.12.3.rel1.win32_1.0.200.202406191623/tools/bin/../lib/gcc/arm-none-eabi/12.3.1/thumb/v7-m/nofp/crtbegin.o
                [!provide]                        PROVIDE (__fini_array_end = .)
                0x0800ec7c                        . = ALIGN (0x4)
                0x0800ec7c                        _sidata = LOADADDR (.data)

.rel.dyn        0x0800ec7c        0x0
 .rel.iplt      0x0800ec7c        0x0 D:/ST/STM32CubeIDE_1.16.0/STM32CubeIDE/plugins/com.st.stm32cube.ide.mcu.externaltools.gnu-tools-for-stm32.12.3.rel1.win32_1.0.200.202406191623/tools/bin/../lib/gcc/arm-none-eabi/12.3.1/thumb/v7-m/nofp/crtbegin.o

.data           0x20000000       0xb8 load address 0x0800ec7c
                0x20000000                        . = ALIGN (0x4)
                0x20000000                        _sdata = .
 *(.data)
 *(.data*)
 .data.key_up.0
                0x20000000        0x1 ./Core/Src/key.o
 *fill*         0x20000001        0x1 
 .data.BACK_COLOR
                0x20000002        0x2 ./Core/Src/lcd.o
                0x20000002                BACK_COLOR
 .data.SystemCoreClock
                0x20000004        0x4 ./Core/Src/system_stm32f1xx.o
                0x20000004                SystemCoreClock
 .data.tp_dev   0x20000008       0x34 ./Core/Src/touch.o
                0x20000008                tp_dev
 .data.CMD_RDX  0x2000003c        0x1 ./Core/Src/touch.o
                0x2000003c                CMD_RDX
 .data.CMD_RDY  0x2000003d        0x1 ./Core/Src/touch.o
                0x2000003d                CMD_RDY
 *fill*         0x2000003e        0x2 
 .data.uwTickPrio
                0x20000040        0x4 ./Drivers/STM32F1xx_HAL_Driver/Src/stm32f1xx_hal.o
                0x20000040                uwTickPrio
 .data.uwTickFreq
                0x20000044        0x1 ./Drivers/STM32F1xx_HAL_Driver/Src/stm32f1xx_hal.o
                0x20000044                uwTickFreq
 *fill*         0x20000045        0x3 
 .data.__sglue  0x20000048        0xc D:/ST/STM32CubeIDE_1.16.0/STM32CubeIDE/plugins/com.st.stm32cube.ide.mcu.externaltools.gnu-tools-for-stm32.12.3.rel1.win32_1.0.200.202406191623/tools/bin/../lib/gcc/arm-none-eabi/12.3.1/../../../../arm-none-eabi/lib/thumb/v7-m/nofp\libc_nano.a(libc_a-findfp.o)
                0x20000048                __sglue
 .data._impure_ptr
                0x20000054        0x4 D:/ST/STM32CubeIDE_1.16.0/STM32CubeIDE/plugins/com.st.stm32cube.ide.mcu.externaltools.gnu-tools-for-stm32.12.3.rel1.win32_1.0.200.202406191623/tools/bin/../lib/gcc/arm-none-eabi/12.3.1/../../../../arm-none-eabi/lib/thumb/v7-m/nofp\libc_nano.a(libc_a-impure.o)
                0x20000054                _impure_ptr
 .data._impure_data
                0x20000058       0x4c D:/ST/STM32CubeIDE_1.16.0/STM32CubeIDE/plugins/com.st.stm32cube.ide.mcu.externaltools.gnu-tools-for-stm32.12.3.rel1.win32_1.0.200.202406191623/tools/bin/../lib/gcc/arm-none-eabi/12.3.1/../../../../arm-none-eabi/lib/thumb/v7-m/nofp\libc_nano.a(libc_a-impure.o)
                0x20000058                _impure_data
 *fill*         0x200000a4        0x4 
 .data.tiny     0x200000a8        0x8 D:/ST/STM32CubeIDE_1.16.0/STM32CubeIDE/plugins/com.st.stm32cube.ide.mcu.externaltools.gnu-tools-for-stm32.12.3.rel1.win32_1.0.200.202406191623/tools/bin/../lib/gcc/arm-none-eabi/12.3.1/../../../../arm-none-eabi/lib/thumb/v7-m/nofp\libm.a(libm_a-e_sqrt.o)
 .data.one      0x200000b0        0x8 D:/ST/STM32CubeIDE_1.16.0/STM32CubeIDE/plugins/com.st.stm32cube.ide.mcu.externaltools.gnu-tools-for-stm32.12.3.rel1.win32_1.0.200.202406191623/tools/bin/../lib/gcc/arm-none-eabi/12.3.1/../../../../arm-none-eabi/lib/thumb/v7-m/nofp\libm.a(libm_a-e_sqrt.o)
 *(.RamFunc)
 *(.RamFunc*)
                0x200000b8                        . = ALIGN (0x4)
                0x200000b8                        _edata = .

.igot.plt       0x200000b8        0x0 load address 0x0800ed34
 .igot.plt      0x200000b8        0x0 D:/ST/STM32CubeIDE_1.16.0/STM32CubeIDE/plugins/com.st.stm32cube.ide.mcu.externaltools.gnu-tools-for-stm32.12.3.rel1.win32_1.0.200.202406191623/tools/bin/../lib/gcc/arm-none-eabi/12.3.1/thumb/v7-m/nofp/crtbegin.o
                0x200000b8                        . = ALIGN (0x4)

.bss            0x200000b8      0x290 load address 0x0800ed34
                0x200000b8                        _sbss = .
                0x200000b8                        __bss_start__ = _sbss
 *(.bss)
 .bss           0x200000b8       0x1c D:/ST/STM32CubeIDE_1.16.0/STM32CubeIDE/plugins/com.st.stm32cube.ide.mcu.externaltools.gnu-tools-for-stm32.12.3.rel1.win32_1.0.200.202406191623/tools/bin/../lib/gcc/arm-none-eabi/12.3.1/thumb/v7-m/nofp/crtbegin.o
 *(.bss*)
 .bss.fac_us    0x200000d4        0x4 ./Core/Src/delay.o
 .bss.t.0       0x200000d8        0x1 ./Core/Src/ft5206.o
 .bss.t.0       0x200000d9        0x1 ./Core/Src/gt9147.o
 .bss.POINT_COLOR
                0x200000da        0x2 ./Core/Src/lcd.o
                0x200000da                POINT_COLOR
 .bss.lcddev    0x200000dc        0xe ./Core/Src/lcd.o
                0x200000dc                lcddev
 *fill*         0x200000ea        0x2 
 .bss.huart1    0x200000ec       0x48 ./Core/Src/main.o
                0x200000ec                huart1
 .bss.hdma_usart1_tx
                0x20000134       0x44 ./Core/Src/main.o
                0x20000134                hdma_usart1_tx
 .bss.hdma_usart1_rx
                0x20000178       0x44 ./Core/Src/main.o
                0x20000178                hdma_usart1_rx
 .bss.txCompleteFlag
                0x200001bc        0x1 ./Core/Src/main.o
                0x200001bc                txCompleteFlag
 *fill*         0x200001bd        0x3 
 .bss.receiveData
                0x200001c0       0x32 ./Core/Src/main.o
                0x200001c0                receiveData
 .bss.t.0       0x200001f2        0x1 ./Core/Src/ott2001a.o
 *fill*         0x200001f3        0x1 
 .bss.__sbrk_heap_end
                0x200001f4        0x4 ./Core/Src/sysmem.o
 .bss.uwTick    0x200001f8        0x4 ./Drivers/STM32F1xx_HAL_Driver/Src/stm32f1xx_hal.o
                0x200001f8                uwTick
 .bss.__sf      0x200001fc      0x138 D:/ST/STM32CubeIDE_1.16.0/STM32CubeIDE/plugins/com.st.stm32cube.ide.mcu.externaltools.gnu-tools-for-stm32.12.3.rel1.win32_1.0.200.202406191623/tools/bin/../lib/gcc/arm-none-eabi/12.3.1/../../../../arm-none-eabi/lib/thumb/v7-m/nofp\libc_nano.a(libc_a-findfp.o)
                0x200001fc                __sf
 .bss.__stdio_exit_handler
                0x20000334        0x4 D:/ST/STM32CubeIDE_1.16.0/STM32CubeIDE/plugins/com.st.stm32cube.ide.mcu.externaltools.gnu-tools-for-stm32.12.3.rel1.win32_1.0.200.202406191623/tools/bin/../lib/gcc/arm-none-eabi/12.3.1/../../../../arm-none-eabi/lib/thumb/v7-m/nofp\libc_nano.a(libc_a-findfp.o)
                0x20000334                __stdio_exit_handler
 .bss.errno     0x20000338        0x4 D:/ST/STM32CubeIDE_1.16.0/STM32CubeIDE/plugins/com.st.stm32cube.ide.mcu.externaltools.gnu-tools-for-stm32.12.3.rel1.win32_1.0.200.202406191623/tools/bin/../lib/gcc/arm-none-eabi/12.3.1/../../../../arm-none-eabi/lib/thumb/v7-m/nofp\libc_nano.a(libc_a-reent.o)
                0x20000338                errno
 .bss.__lock___malloc_recursive_mutex
                0x2000033c        0x1 D:/ST/STM32CubeIDE_1.16.0/STM32CubeIDE/plugins/com.st.stm32cube.ide.mcu.externaltools.gnu-tools-for-stm32.12.3.rel1.win32_1.0.200.202406191623/tools/bin/../lib/gcc/arm-none-eabi/12.3.1/../../../../arm-none-eabi/lib/thumb/v7-m/nofp\libc_nano.a(libc_a-lock.o)
                0x2000033c                __lock___malloc_recursive_mutex
 .bss.__lock___sfp_recursive_mutex
                0x2000033d        0x1 D:/ST/STM32CubeIDE_1.16.0/STM32CubeIDE/plugins/com.st.stm32cube.ide.mcu.externaltools.gnu-tools-for-stm32.12.3.rel1.win32_1.0.200.202406191623/tools/bin/../lib/gcc/arm-none-eabi/12.3.1/../../../../arm-none-eabi/lib/thumb/v7-m/nofp\libc_nano.a(libc_a-lock.o)
                0x2000033d                __lock___sfp_recursive_mutex
 *fill*         0x2000033e        0x2 
 .bss.__malloc_sbrk_start
                0x20000340        0x4 D:/ST/STM32CubeIDE_1.16.0/STM32CubeIDE/plugins/com.st.stm32cube.ide.mcu.externaltools.gnu-tools-for-stm32.12.3.rel1.win32_1.0.200.202406191623/tools/bin/../lib/gcc/arm-none-eabi/12.3.1/../../../../arm-none-eabi/lib/thumb/v7-m/nofp\libc_nano.a(libc_a-mallocr.o)
                0x20000340                __malloc_sbrk_start
 .bss.__malloc_free_list
                0x20000344        0x4 D:/ST/STM32CubeIDE_1.16.0/STM32CubeIDE/plugins/com.st.stm32cube.ide.mcu.externaltools.gnu-tools-for-stm32.12.3.rel1.win32_1.0.200.202406191623/tools/bin/../lib/gcc/arm-none-eabi/12.3.1/../../../../arm-none-eabi/lib/thumb/v7-m/nofp\libc_nano.a(libc_a-mallocr.o)
                0x20000344                __malloc_free_list
 *(COMMON)
                0x20000348                        . = ALIGN (0x4)
                0x20000348                        _ebss = .
                0x20000348                        __bss_end__ = _ebss

._user_heap_stack
                0x20000348      0x600 load address 0x0800ed34
                0x20000348                        . = ALIGN (0x8)
                [!provide]                        PROVIDE (end = .)
                0x20000348                        PROVIDE (_end = .)
                0x20000548                        . = (. + _Min_Heap_Size)
 *fill*         0x20000348      0x200 
                0x20000948                        . = (. + _Min_Stack_Size)
 *fill*         0x20000548      0x400 
                0x20000948                        . = ALIGN (0x8)

/DISCARD/
 libc.a(*)
 libm.a(*)
 libgcc.a(*)

.ARM.attributes
                0x00000000       0x29
 *(.ARM.attributes)
 .ARM.attributes
                0x00000000       0x1d D:/ST/STM32CubeIDE_1.16.0/STM32CubeIDE/plugins/com.st.stm32cube.ide.mcu.externaltools.gnu-tools-for-stm32.12.3.rel1.win32_1.0.200.202406191623/tools/bin/../lib/gcc/arm-none-eabi/12.3.1/thumb/v7-m/nofp/crti.o
 .ARM.attributes
                0x0000001d       0x2d D:/ST/STM32CubeIDE_1.16.0/STM32CubeIDE/plugins/com.st.stm32cube.ide.mcu.externaltools.gnu-tools-for-stm32.12.3.rel1.win32_1.0.200.202406191623/tools/bin/../lib/gcc/arm-none-eabi/12.3.1/thumb/v7-m/nofp/crtbegin.o
 .ARM.attributes
                0x0000004a       0x2d ./Core/Src/24cxx.o
 .ARM.attributes
                0x00000077       0x2d ./Core/Src/ctiic.o
 .ARM.attributes
                0x000000a4       0x2d ./Core/Src/delay.o
 .ARM.attributes
                0x000000d1       0x2d ./Core/Src/ft5206.o
 .ARM.attributes
                0x000000fe       0x2d ./Core/Src/gt9147.o
 .ARM.attributes
                0x0000012b       0x2d ./Core/Src/key.o
 .ARM.attributes
                0x00000158       0x2d ./Core/Src/lcd.o
 .ARM.attributes
                0x00000185       0x2d ./Core/Src/led.o
 .ARM.attributes
                0x000001b2       0x2d ./Core/Src/main.o
 .ARM.attributes
                0x000001df       0x2d ./Core/Src/myiic.o
 .ARM.attributes
                0x0000020c       0x2d ./Core/Src/ott2001a.o
 .ARM.attributes
                0x00000239       0x2d ./Core/Src/stm32f1xx_hal_msp.o
 .ARM.attributes
                0x00000266       0x2d ./Core/Src/stm32f1xx_it.o
 .ARM.attributes
                0x00000293       0x2d ./Core/Src/syscalls.o
 .ARM.attributes
                0x000002c0       0x2d ./Core/Src/sysmem.o
 .ARM.attributes
                0x000002ed       0x2d ./Core/Src/system_stm32f1xx.o
 .ARM.attributes
                0x0000031a       0x2d ./Core/Src/touch.o
 .ARM.attributes
                0x00000347       0x21 ./Core/Startup/startup_stm32f103rctx.o
 .ARM.attributes
                0x00000368       0x2d ./Drivers/STM32F1xx_HAL_Driver/Src/stm32f1xx_hal.o
 .ARM.attributes
                0x00000395       0x2d ./Drivers/STM32F1xx_HAL_Driver/Src/stm32f1xx_hal_cortex.o
 .ARM.attributes
                0x000003c2       0x2d ./Drivers/STM32F1xx_HAL_Driver/Src/stm32f1xx_hal_dma.o
 .ARM.attributes
                0x000003ef       0x2d ./Drivers/STM32F1xx_HAL_Driver/Src/stm32f1xx_hal_gpio.o
 .ARM.attributes
                0x0000041c       0x2d ./Drivers/STM32F1xx_HAL_Driver/Src/stm32f1xx_hal_rcc.o
 .ARM.attributes
                0x00000449       0x2d ./Drivers/STM32F1xx_HAL_Driver/Src/stm32f1xx_hal_uart.o
 .ARM.attributes
                0x00000476       0x2d D:/ST/STM32CubeIDE_1.16.0/STM32CubeIDE/plugins/com.st.stm32cube.ide.mcu.externaltools.gnu-tools-for-stm32.12.3.rel1.win32_1.0.200.202406191623/tools/bin/../lib/gcc/arm-none-eabi/12.3.1/../../../../arm-none-eabi/lib/thumb/v7-m/nofp\libc_nano.a(libc_a-findfp.o)
 .ARM.attributes
                0x000004a3       0x2d D:/ST/STM32CubeIDE_1.16.0/STM32CubeIDE/plugins/com.st.stm32cube.ide.mcu.externaltools.gnu-tools-for-stm32.12.3.rel1.win32_1.0.200.202406191623/tools/bin/../lib/gcc/arm-none-eabi/12.3.1/../../../../arm-none-eabi/lib/thumb/v7-m/nofp\libc_nano.a(libc_a-fwalk.o)
 .ARM.attributes
                0x000004d0       0x2d D:/ST/STM32CubeIDE_1.16.0/STM32CubeIDE/plugins/com.st.stm32cube.ide.mcu.externaltools.gnu-tools-for-stm32.12.3.rel1.win32_1.0.200.202406191623/tools/bin/../lib/gcc/arm-none-eabi/12.3.1/../../../../arm-none-eabi/lib/thumb/v7-m/nofp\libc_nano.a(libc_a-printf.o)
 .ARM.attributes
                0x000004fd       0x2d D:/ST/STM32CubeIDE_1.16.0/STM32CubeIDE/plugins/com.st.stm32cube.ide.mcu.externaltools.gnu-tools-for-stm32.12.3.rel1.win32_1.0.200.202406191623/tools/bin/../lib/gcc/arm-none-eabi/12.3.1/../../../../arm-none-eabi/lib/thumb/v7-m/nofp\libc_nano.a(libc_a-stdio.o)
 .ARM.attributes
                0x0000052a       0x2d D:/ST/STM32CubeIDE_1.16.0/STM32CubeIDE/plugins/com.st.stm32cube.ide.mcu.externaltools.gnu-tools-for-stm32.12.3.rel1.win32_1.0.200.202406191623/tools/bin/../lib/gcc/arm-none-eabi/12.3.1/../../../../arm-none-eabi/lib/thumb/v7-m/nofp\libc_nano.a(libc_a-memset.o)
 .ARM.attributes
                0x00000557       0x2d D:/ST/STM32CubeIDE_1.16.0/STM32CubeIDE/plugins/com.st.stm32cube.ide.mcu.externaltools.gnu-tools-for-stm32.12.3.rel1.win32_1.0.200.202406191623/tools/bin/../lib/gcc/arm-none-eabi/12.3.1/../../../../arm-none-eabi/lib/thumb/v7-m/nofp\libc_nano.a(libc_a-closer.o)
 .ARM.attributes
                0x00000584       0x2d D:/ST/STM32CubeIDE_1.16.0/STM32CubeIDE/plugins/com.st.stm32cube.ide.mcu.externaltools.gnu-tools-for-stm32.12.3.rel1.win32_1.0.200.202406191623/tools/bin/../lib/gcc/arm-none-eabi/12.3.1/../../../../arm-none-eabi/lib/thumb/v7-m/nofp\libc_nano.a(libc_a-reent.o)
 .ARM.attributes
                0x000005b1       0x2d D:/ST/STM32CubeIDE_1.16.0/STM32CubeIDE/plugins/com.st.stm32cube.ide.mcu.externaltools.gnu-tools-for-stm32.12.3.rel1.win32_1.0.200.202406191623/tools/bin/../lib/gcc/arm-none-eabi/12.3.1/../../../../arm-none-eabi/lib/thumb/v7-m/nofp\libc_nano.a(libc_a-impure.o)
 .ARM.attributes
                0x000005de       0x2d D:/ST/STM32CubeIDE_1.16.0/STM32CubeIDE/plugins/com.st.stm32cube.ide.mcu.externaltools.gnu-tools-for-stm32.12.3.rel1.win32_1.0.200.202406191623/tools/bin/../lib/gcc/arm-none-eabi/12.3.1/../../../../arm-none-eabi/lib/thumb/v7-m/nofp\libc_nano.a(libc_a-lseekr.o)
 .ARM.attributes
                0x0000060b       0x2d D:/ST/STM32CubeIDE_1.16.0/STM32CubeIDE/plugins/com.st.stm32cube.ide.mcu.externaltools.gnu-tools-for-stm32.12.3.rel1.win32_1.0.200.202406191623/tools/bin/../lib/gcc/arm-none-eabi/12.3.1/../../../../arm-none-eabi/lib/thumb/v7-m/nofp\libc_nano.a(libc_a-readr.o)
 .ARM.attributes
                0x00000638       0x2d D:/ST/STM32CubeIDE_1.16.0/STM32CubeIDE/plugins/com.st.stm32cube.ide.mcu.externaltools.gnu-tools-for-stm32.12.3.rel1.win32_1.0.200.202406191623/tools/bin/../lib/gcc/arm-none-eabi/12.3.1/../../../../arm-none-eabi/lib/thumb/v7-m/nofp\libc_nano.a(libc_a-writer.o)
 .ARM.attributes
                0x00000665       0x2d D:/ST/STM32CubeIDE_1.16.0/STM32CubeIDE/plugins/com.st.stm32cube.ide.mcu.externaltools.gnu-tools-for-stm32.12.3.rel1.win32_1.0.200.202406191623/tools/bin/../lib/gcc/arm-none-eabi/12.3.1/../../../../arm-none-eabi/lib/thumb/v7-m/nofp\libc_nano.a(libc_a-errno.o)
 .ARM.attributes
                0x00000692       0x2d D:/ST/STM32CubeIDE_1.16.0/STM32CubeIDE/plugins/com.st.stm32cube.ide.mcu.externaltools.gnu-tools-for-stm32.12.3.rel1.win32_1.0.200.202406191623/tools/bin/../lib/gcc/arm-none-eabi/12.3.1/../../../../arm-none-eabi/lib/thumb/v7-m/nofp\libc_nano.a(libc_a-init.o)
 .ARM.attributes
                0x000006bf       0x2d D:/ST/STM32CubeIDE_1.16.0/STM32CubeIDE/plugins/com.st.stm32cube.ide.mcu.externaltools.gnu-tools-for-stm32.12.3.rel1.win32_1.0.200.202406191623/tools/bin/../lib/gcc/arm-none-eabi/12.3.1/../../../../arm-none-eabi/lib/thumb/v7-m/nofp\libc_nano.a(libc_a-lock.o)
 .ARM.attributes
                0x000006ec       0x1b D:/ST/STM32CubeIDE_1.16.0/STM32CubeIDE/plugins/com.st.stm32cube.ide.mcu.externaltools.gnu-tools-for-stm32.12.3.rel1.win32_1.0.200.202406191623/tools/bin/../lib/gcc/arm-none-eabi/12.3.1/../../../../arm-none-eabi/lib/thumb/v7-m/nofp\libc_nano.a(libc_a-strcmp.o)
 .ARM.attributes
                0x00000707       0x2d D:/ST/STM32CubeIDE_1.16.0/STM32CubeIDE/plugins/com.st.stm32cube.ide.mcu.externaltools.gnu-tools-for-stm32.12.3.rel1.win32_1.0.200.202406191623/tools/bin/../lib/gcc/arm-none-eabi/12.3.1/../../../../arm-none-eabi/lib/thumb/v7-m/nofp\libc_nano.a(libc_a-freer.o)
 .ARM.attributes
                0x00000734       0x2d D:/ST/STM32CubeIDE_1.16.0/STM32CubeIDE/plugins/com.st.stm32cube.ide.mcu.externaltools.gnu-tools-for-stm32.12.3.rel1.win32_1.0.200.202406191623/tools/bin/../lib/gcc/arm-none-eabi/12.3.1/../../../../arm-none-eabi/lib/thumb/v7-m/nofp\libc_nano.a(libc_a-mallocr.o)
 .ARM.attributes
                0x00000761       0x2d D:/ST/STM32CubeIDE_1.16.0/STM32CubeIDE/plugins/com.st.stm32cube.ide.mcu.externaltools.gnu-tools-for-stm32.12.3.rel1.win32_1.0.200.202406191623/tools/bin/../lib/gcc/arm-none-eabi/12.3.1/../../../../arm-none-eabi/lib/thumb/v7-m/nofp\libc_nano.a(libc_a-mlock.o)
 .ARM.attributes
                0x0000078e       0x2d D:/ST/STM32CubeIDE_1.16.0/STM32CubeIDE/plugins/com.st.stm32cube.ide.mcu.externaltools.gnu-tools-for-stm32.12.3.rel1.win32_1.0.200.202406191623/tools/bin/../lib/gcc/arm-none-eabi/12.3.1/../../../../arm-none-eabi/lib/thumb/v7-m/nofp\libc_nano.a(libc_a-nano-vfprintf.o)
 .ARM.attributes
                0x000007bb       0x2d D:/ST/STM32CubeIDE_1.16.0/STM32CubeIDE/plugins/com.st.stm32cube.ide.mcu.externaltools.gnu-tools-for-stm32.12.3.rel1.win32_1.0.200.202406191623/tools/bin/../lib/gcc/arm-none-eabi/12.3.1/../../../../arm-none-eabi/lib/thumb/v7-m/nofp\libc_nano.a(libc_a-nano-vfprintf_i.o)
 .ARM.attributes
                0x000007e8       0x2d D:/ST/STM32CubeIDE_1.16.0/STM32CubeIDE/plugins/com.st.stm32cube.ide.mcu.externaltools.gnu-tools-for-stm32.12.3.rel1.win32_1.0.200.202406191623/tools/bin/../lib/gcc/arm-none-eabi/12.3.1/../../../../arm-none-eabi/lib/thumb/v7-m/nofp\libc_nano.a(libc_a-fflush.o)
 .ARM.attributes
                0x00000815       0x2d D:/ST/STM32CubeIDE_1.16.0/STM32CubeIDE/plugins/com.st.stm32cube.ide.mcu.externaltools.gnu-tools-for-stm32.12.3.rel1.win32_1.0.200.202406191623/tools/bin/../lib/gcc/arm-none-eabi/12.3.1/../../../../arm-none-eabi/lib/thumb/v7-m/nofp\libc_nano.a(libc_a-wbuf.o)
 .ARM.attributes
                0x00000842       0x2d D:/ST/STM32CubeIDE_1.16.0/STM32CubeIDE/plugins/com.st.stm32cube.ide.mcu.externaltools.gnu-tools-for-stm32.12.3.rel1.win32_1.0.200.202406191623/tools/bin/../lib/gcc/arm-none-eabi/12.3.1/../../../../arm-none-eabi/lib/thumb/v7-m/nofp\libc_nano.a(libc_a-wsetup.o)
 .ARM.attributes
                0x0000086f       0x2d D:/ST/STM32CubeIDE_1.16.0/STM32CubeIDE/plugins/com.st.stm32cube.ide.mcu.externaltools.gnu-tools-for-stm32.12.3.rel1.win32_1.0.200.202406191623/tools/bin/../lib/gcc/arm-none-eabi/12.3.1/../../../../arm-none-eabi/lib/thumb/v7-m/nofp\libc_nano.a(libc_a-sbrkr.o)
 .ARM.attributes
                0x0000089c       0x2d D:/ST/STM32CubeIDE_1.16.0/STM32CubeIDE/plugins/com.st.stm32cube.ide.mcu.externaltools.gnu-tools-for-stm32.12.3.rel1.win32_1.0.200.202406191623/tools/bin/../lib/gcc/arm-none-eabi/12.3.1/../../../../arm-none-eabi/lib/thumb/v7-m/nofp\libc_nano.a(libc_a-memchr-stub.o)
 .ARM.attributes
                0x000008c9       0x2d D:/ST/STM32CubeIDE_1.16.0/STM32CubeIDE/plugins/com.st.stm32cube.ide.mcu.externaltools.gnu-tools-for-stm32.12.3.rel1.win32_1.0.200.202406191623/tools/bin/../lib/gcc/arm-none-eabi/12.3.1/../../../../arm-none-eabi/lib/thumb/v7-m/nofp\libc_nano.a(libc_a-makebuf.o)
 .ARM.attributes
                0x000008f6       0x2d D:/ST/STM32CubeIDE_1.16.0/STM32CubeIDE/plugins/com.st.stm32cube.ide.mcu.externaltools.gnu-tools-for-stm32.12.3.rel1.win32_1.0.200.202406191623/tools/bin/../lib/gcc/arm-none-eabi/12.3.1/../../../../arm-none-eabi/lib/thumb/v7-m/nofp\libc_nano.a(libc_a-fstatr.o)
 .ARM.attributes
                0x00000923       0x2d D:/ST/STM32CubeIDE_1.16.0/STM32CubeIDE/plugins/com.st.stm32cube.ide.mcu.externaltools.gnu-tools-for-stm32.12.3.rel1.win32_1.0.200.202406191623/tools/bin/../lib/gcc/arm-none-eabi/12.3.1/../../../../arm-none-eabi/lib/thumb/v7-m/nofp\libc_nano.a(libc_a-isattyr.o)
 .ARM.attributes
                0x00000950       0x2d D:/ST/STM32CubeIDE_1.16.0/STM32CubeIDE/plugins/com.st.stm32cube.ide.mcu.externaltools.gnu-tools-for-stm32.12.3.rel1.win32_1.0.200.202406191623/tools/bin/../lib/gcc/arm-none-eabi/12.3.1/../../../../arm-none-eabi/lib/thumb/v7-m/nofp\libm.a(libm_a-w_sqrt.o)
 .ARM.attributes
                0x0000097d       0x2d D:/ST/STM32CubeIDE_1.16.0/STM32CubeIDE/plugins/com.st.stm32cube.ide.mcu.externaltools.gnu-tools-for-stm32.12.3.rel1.win32_1.0.200.202406191623/tools/bin/../lib/gcc/arm-none-eabi/12.3.1/../../../../arm-none-eabi/lib/thumb/v7-m/nofp\libm.a(libm_a-e_sqrt.o)
 .ARM.attributes
                0x000009aa       0x1d D:/ST/STM32CubeIDE_1.16.0/STM32CubeIDE/plugins/com.st.stm32cube.ide.mcu.externaltools.gnu-tools-for-stm32.12.3.rel1.win32_1.0.200.202406191623/tools/bin/../lib/gcc/arm-none-eabi/12.3.1/thumb/v7-m/nofp\libgcc.a(_arm_addsubdf3.o)
 .ARM.attributes
                0x000009c7       0x1d D:/ST/STM32CubeIDE_1.16.0/STM32CubeIDE/plugins/com.st.stm32cube.ide.mcu.externaltools.gnu-tools-for-stm32.12.3.rel1.win32_1.0.200.202406191623/tools/bin/../lib/gcc/arm-none-eabi/12.3.1/thumb/v7-m/nofp\libgcc.a(_arm_muldivdf3.o)
 .ARM.attributes
                0x000009e4       0x1d D:/ST/STM32CubeIDE_1.16.0/STM32CubeIDE/plugins/com.st.stm32cube.ide.mcu.externaltools.gnu-tools-for-stm32.12.3.rel1.win32_1.0.200.202406191623/tools/bin/../lib/gcc/arm-none-eabi/12.3.1/thumb/v7-m/nofp\libgcc.a(_arm_cmpdf2.o)
 .ARM.attributes
                0x00000a01       0x1d D:/ST/STM32CubeIDE_1.16.0/STM32CubeIDE/plugins/com.st.stm32cube.ide.mcu.externaltools.gnu-tools-for-stm32.12.3.rel1.win32_1.0.200.202406191623/tools/bin/../lib/gcc/arm-none-eabi/12.3.1/thumb/v7-m/nofp\libgcc.a(_arm_unorddf2.o)
 .ARM.attributes
                0x00000a1e       0x1d D:/ST/STM32CubeIDE_1.16.0/STM32CubeIDE/plugins/com.st.stm32cube.ide.mcu.externaltools.gnu-tools-for-stm32.12.3.rel1.win32_1.0.200.202406191623/tools/bin/../lib/gcc/arm-none-eabi/12.3.1/thumb/v7-m/nofp\libgcc.a(_arm_fixunsdfsi.o)
 .ARM.attributes
                0x00000a3b       0x1d D:/ST/STM32CubeIDE_1.16.0/STM32CubeIDE/plugins/com.st.stm32cube.ide.mcu.externaltools.gnu-tools-for-stm32.12.3.rel1.win32_1.0.200.202406191623/tools/bin/../lib/gcc/arm-none-eabi/12.3.1/thumb/v7-m/nofp\libgcc.a(_arm_addsubsf3.o)
 .ARM.attributes
                0x00000a58       0x1d D:/ST/STM32CubeIDE_1.16.0/STM32CubeIDE/plugins/com.st.stm32cube.ide.mcu.externaltools.gnu-tools-for-stm32.12.3.rel1.win32_1.0.200.202406191623/tools/bin/../lib/gcc/arm-none-eabi/12.3.1/thumb/v7-m/nofp\libgcc.a(_arm_muldivsf3.o)
 .ARM.attributes
                0x00000a75       0x1d D:/ST/STM32CubeIDE_1.16.0/STM32CubeIDE/plugins/com.st.stm32cube.ide.mcu.externaltools.gnu-tools-for-stm32.12.3.rel1.win32_1.0.200.202406191623/tools/bin/../lib/gcc/arm-none-eabi/12.3.1/thumb/v7-m/nofp\libgcc.a(_arm_fixsfsi.o)
 .ARM.attributes
                0x00000a92       0x1d D:/ST/STM32CubeIDE_1.16.0/STM32CubeIDE/plugins/com.st.stm32cube.ide.mcu.externaltools.gnu-tools-for-stm32.12.3.rel1.win32_1.0.200.202406191623/tools/bin/../lib/gcc/arm-none-eabi/12.3.1/thumb/v7-m/nofp\libgcc.a(_arm_fixunssfsi.o)
 .ARM.attributes
                0x00000aaf       0x1d D:/ST/STM32CubeIDE_1.16.0/STM32CubeIDE/plugins/com.st.stm32cube.ide.mcu.externaltools.gnu-tools-for-stm32.12.3.rel1.win32_1.0.200.202406191623/tools/bin/../lib/gcc/arm-none-eabi/12.3.1/thumb/v7-m/nofp/crtn.o
OUTPUT(controller.elf elf32-littlearm)
LOAD linker stubs
LOAD D:/ST/STM32CubeIDE_1.16.0/STM32CubeIDE/plugins/com.st.stm32cube.ide.mcu.externaltools.gnu-tools-for-stm32.12.3.rel1.win32_1.0.200.202406191623/tools/bin/../lib/gcc/arm-none-eabi/12.3.1/../../../../arm-none-eabi/lib/thumb/v7-m/nofp\libc.a
LOAD D:/ST/STM32CubeIDE_1.16.0/STM32CubeIDE/plugins/com.st.stm32cube.ide.mcu.externaltools.gnu-tools-for-stm32.12.3.rel1.win32_1.0.200.202406191623/tools/bin/../lib/gcc/arm-none-eabi/12.3.1/../../../../arm-none-eabi/lib/thumb/v7-m/nofp\libm.a
LOAD D:/ST/STM32CubeIDE_1.16.0/STM32CubeIDE/plugins/com.st.stm32cube.ide.mcu.externaltools.gnu-tools-for-stm32.12.3.rel1.win32_1.0.200.202406191623/tools/bin/../lib/gcc/arm-none-eabi/12.3.1/thumb/v7-m/nofp\libgcc.a

.debug_info     0x00000000     0xba4c
 .debug_info    0x00000000      0x433 ./Core/Src/24cxx.o
 .debug_info    0x00000433      0x366 ./Core/Src/ctiic.o
 .debug_info    0x00000799      0x215 ./Core/Src/delay.o
 .debug_info    0x000009ae      0x558 ./Core/Src/ft5206.o
 .debug_info    0x00000f06      0x66a ./Core/Src/gt9147.o
 .debug_info    0x00001570      0x314 ./Core/Src/key.o
 .debug_info    0x00001884      0xe08 ./Core/Src/lcd.o
 .debug_info    0x0000268c      0x29b ./Core/Src/led.o
 .debug_info    0x00002927      0xd04 ./Core/Src/main.o
 .debug_info    0x0000362b      0x356 ./Core/Src/myiic.o
 .debug_info    0x00003981      0x55f ./Core/Src/ott2001a.o
 .debug_info    0x00003ee0      0xa66 ./Core/Src/stm32f1xx_hal_msp.o
 .debug_info    0x00004946      0x740 ./Core/Src/stm32f1xx_it.o
 .debug_info    0x00005086      0x6a3 ./Core/Src/syscalls.o
 .debug_info    0x00005729      0x168 ./Core/Src/sysmem.o
 .debug_info    0x00005891      0x222 ./Core/Src/system_stm32f1xx.o
 .debug_info    0x00005ab3      0x9d3 ./Core/Src/touch.o
 .debug_info    0x00006486       0x30 ./Core/Startup/startup_stm32f103rctx.o
 .debug_info    0x000064b6      0x76a ./Drivers/STM32F1xx_HAL_Driver/Src/stm32f1xx_hal.o
 .debug_info    0x00006c20      0xaed ./Drivers/STM32F1xx_HAL_Driver/Src/stm32f1xx_hal_cortex.o
 .debug_info    0x0000770d      0x6d2 ./Drivers/STM32F1xx_HAL_Driver/Src/stm32f1xx_hal_dma.o
 .debug_info    0x00007ddf      0x5ab ./Drivers/STM32F1xx_HAL_Driver/Src/stm32f1xx_hal_gpio.o
 .debug_info    0x0000838a      0x7d5 ./Drivers/STM32F1xx_HAL_Driver/Src/stm32f1xx_hal_rcc.o
 .debug_info    0x00008b5f     0x2eed ./Drivers/STM32F1xx_HAL_Driver/Src/stm32f1xx_hal_uart.o

.debug_abbrev   0x00000000     0x2e87
 .debug_abbrev  0x00000000      0x14c ./Core/Src/24cxx.o
 .debug_abbrev  0x0000014c      0x189 ./Core/Src/ctiic.o
 .debug_abbrev  0x000002d5      0x14d ./Core/Src/delay.o
 .debug_abbrev  0x00000422      0x256 ./Core/Src/ft5206.o
 .debug_abbrev  0x00000678      0x23b ./Core/Src/gt9147.o
 .debug_abbrev  0x000008b3      0x194 ./Core/Src/key.o
 .debug_abbrev  0x00000a47      0x2be ./Core/Src/lcd.o
 .debug_abbrev  0x00000d05      0x13f ./Core/Src/led.o
 .debug_abbrev  0x00000e44      0x311 ./Core/Src/main.o
 .debug_abbrev  0x00001155      0x1a0 ./Core/Src/myiic.o
 .debug_abbrev  0x000012f5      0x24f ./Core/Src/ott2001a.o
 .debug_abbrev  0x00001544      0x20b ./Core/Src/stm32f1xx_hal_msp.o
 .debug_abbrev  0x0000174f      0x234 ./Core/Src/stm32f1xx_it.o
 .debug_abbrev  0x00001983      0x1b6 ./Core/Src/syscalls.o
 .debug_abbrev  0x00001b39       0xbc ./Core/Src/sysmem.o
 .debug_abbrev  0x00001bf5      0x13f ./Core/Src/system_stm32f1xx.o
 .debug_abbrev  0x00001d34      0x2b6 ./Core/Src/touch.o
 .debug_abbrev  0x00001fea       0x24 ./Core/Startup/startup_stm32f103rctx.o
 .debug_abbrev  0x0000200e      0x201 ./Drivers/STM32F1xx_HAL_Driver/Src/stm32f1xx_hal.o
 .debug_abbrev  0x0000220f      0x2f8 ./Drivers/STM32F1xx_HAL_Driver/Src/stm32f1xx_hal_cortex.o
 .debug_abbrev  0x00002507      0x20b ./Drivers/STM32F1xx_HAL_Driver/Src/stm32f1xx_hal_dma.o
 .debug_abbrev  0x00002712      0x1ca ./Drivers/STM32F1xx_HAL_Driver/Src/stm32f1xx_hal_gpio.o
 .debug_abbrev  0x000028dc      0x2b3 ./Drivers/STM32F1xx_HAL_Driver/Src/stm32f1xx_hal_rcc.o
 .debug_abbrev  0x00002b8f      0x2f8 ./Drivers/STM32F1xx_HAL_Driver/Src/stm32f1xx_hal_uart.o

.debug_aranges  0x00000000      0xb48
 .debug_aranges
                0x00000000       0x58 ./Core/Src/24cxx.o
 .debug_aranges
                0x00000058       0x60 ./Core/Src/ctiic.o
 .debug_aranges
                0x000000b8       0x30 ./Core/Src/delay.o
 .debug_aranges
                0x000000e8       0x38 ./Core/Src/ft5206.o
 .debug_aranges
                0x00000120       0x40 ./Core/Src/gt9147.o
 .debug_aranges
                0x00000160       0x28 ./Core/Src/key.o
 .debug_aranges
                0x00000188      0x118 ./Core/Src/lcd.o
 .debug_aranges
                0x000002a0       0x20 ./Core/Src/led.o
 .debug_aranges
                0x000002c0       0x50 ./Core/Src/main.o
 .debug_aranges
                0x00000310       0x58 ./Core/Src/myiic.o
 .debug_aranges
                0x00000368       0x40 ./Core/Src/ott2001a.o
 .debug_aranges
                0x000003a8       0x30 ./Core/Src/stm32f1xx_hal_msp.o
 .debug_aranges
                0x000003d8       0x88 ./Core/Src/stm32f1xx_it.o
 .debug_aranges
                0x00000460       0xa8 ./Core/Src/syscalls.o
 .debug_aranges
                0x00000508       0x20 ./Core/Src/sysmem.o
 .debug_aranges
                0x00000528       0x28 ./Core/Src/system_stm32f1xx.o
 .debug_aranges
                0x00000550       0x80 ./Core/Src/touch.o
 .debug_aranges
                0x000005d0       0x28 ./Core/Startup/startup_stm32f103rctx.o
 .debug_aranges
                0x000005f8       0xe0 ./Drivers/STM32F1xx_HAL_Driver/Src/stm32f1xx_hal.o
 .debug_aranges
                0x000006d8      0x100 ./Drivers/STM32F1xx_HAL_Driver/Src/stm32f1xx_hal_cortex.o
 .debug_aranges
                0x000007d8       0x80 ./Drivers/STM32F1xx_HAL_Driver/Src/stm32f1xx_hal_dma.o
 .debug_aranges
                0x00000858       0x58 ./Drivers/STM32F1xx_HAL_Driver/Src/stm32f1xx_hal_gpio.o
 .debug_aranges
                0x000008b0       0x90 ./Drivers/STM32F1xx_HAL_Driver/Src/stm32f1xx_hal_rcc.o
 .debug_aranges
                0x00000940      0x208 ./Drivers/STM32F1xx_HAL_Driver/Src/stm32f1xx_hal_uart.o

.debug_rnglists
                0x00000000      0x877
 .debug_rnglists
                0x00000000       0x3d ./Core/Src/24cxx.o
 .debug_rnglists
                0x0000003d       0x44 ./Core/Src/ctiic.o
 .debug_rnglists
                0x00000081       0x1f ./Core/Src/delay.o
 .debug_rnglists
                0x000000a0       0x27 ./Core/Src/ft5206.o
 .debug_rnglists
                0x000000c7       0x2f ./Core/Src/gt9147.o
 .debug_rnglists
                0x000000f6       0x1b ./Core/Src/key.o
 .debug_rnglists
                0x00000111       0xdf ./Core/Src/lcd.o
 .debug_rnglists
                0x000001f0       0x14 ./Core/Src/led.o
 .debug_rnglists
                0x00000204       0x39 ./Core/Src/main.o
 .debug_rnglists
                0x0000023d       0x3f ./Core/Src/myiic.o
 .debug_rnglists
                0x0000027c       0x2f ./Core/Src/ott2001a.o
 .debug_rnglists
                0x000002ab       0x20 ./Core/Src/stm32f1xx_hal_msp.o
 .debug_rnglists
                0x000002cb       0x61 ./Core/Src/stm32f1xx_it.o
 .debug_rnglists
                0x0000032c       0x79 ./Core/Src/syscalls.o
 .debug_rnglists
                0x000003a5       0x13 ./Core/Src/sysmem.o
 .debug_rnglists
                0x000003b8       0x1a ./Core/Src/system_stm32f1xx.o
 .debug_rnglists
                0x000003d2       0x63 ./Core/Src/touch.o
 .debug_rnglists
                0x00000435       0x19 ./Core/Startup/startup_stm32f103rctx.o
 .debug_rnglists
                0x0000044e       0xa3 ./Drivers/STM32F1xx_HAL_Driver/Src/stm32f1xx_hal.o
 .debug_rnglists
                0x000004f1       0xbb ./Drivers/STM32F1xx_HAL_Driver/Src/stm32f1xx_hal_cortex.o
 .debug_rnglists
                0x000005ac       0x64 ./Drivers/STM32F1xx_HAL_Driver/Src/stm32f1xx_hal_dma.o
 .debug_rnglists
                0x00000610       0x3f ./Drivers/STM32F1xx_HAL_Driver/Src/stm32f1xx_hal_gpio.o
 .debug_rnglists
                0x0000064f       0x6c ./Drivers/STM32F1xx_HAL_Driver/Src/stm32f1xx_hal_rcc.o
 .debug_rnglists
                0x000006bb      0x1bc ./Drivers/STM32F1xx_HAL_Driver/Src/stm32f1xx_hal_uart.o

.debug_macro    0x00000000    0x1b983
 .debug_macro   0x00000000      0x1b6 ./Core/Src/24cxx.o
 .debug_macro   0x000001b6      0xaa8 ./Core/Src/24cxx.o
 .debug_macro   0x00000c5e       0x2e ./Core/Src/24cxx.o
 .debug_macro   0x00000c8c       0x22 ./Core/Src/24cxx.o
 .debug_macro   0x00000cae       0x22 ./Core/Src/24cxx.o
 .debug_macro   0x00000cd0       0x8e ./Core/Src/24cxx.o
 .debug_macro   0x00000d5e       0x51 ./Core/Src/24cxx.o
 .debug_macro   0x00000daf      0x103 ./Core/Src/24cxx.o
 .debug_macro   0x00000eb2       0x6a ./Core/Src/24cxx.o
 .debug_macro   0x00000f1c      0x1df ./Core/Src/24cxx.o
 .debug_macro   0x000010fb       0x1c ./Core/Src/24cxx.o
 .debug_macro   0x00001117       0x22 ./Core/Src/24cxx.o
 .debug_macro   0x00001139       0xbd ./Core/Src/24cxx.o