../Core/Src/lcd.c:37:6:LCD_WR_REG	16	static
../Core/Src/lcd.c:45:6:lcd_showpic	40	static
../Core/Src/lcd.c:57:6:lcd_showpic_w	40	static
../Core/Src/lcd.c:69:6:lcd_rm_pic_w	40	static
../Core/Src/lcd.c:84:6:LCD_WR_DATAX	16	static
../Core/Src/lcd.c:95:6:opt_delay	16	static
../Core/Src/lcd.c:102:5:LCD_RD_DATA	16	static
../Core/Src/lcd.c:128:6:LCD_WriteReg	16	static
../Core/Src/lcd.c:136:5:LCD_ReadReg	16	static
../Core/Src/lcd.c:142:6:LCD_WriteRAM_Prepare	8	static
../Core/Src/lcd.c:147:6:LCD_WriteRAM	16	static
../Core/Src/lcd.c:155:5:LCD_BGR2RGB	24	static
../Core/Src/lcd.c:167:5:LCD_ReadPoint	24	static
../Core/Src/lcd.c:200:6:LCD_DisplayOn	8	static
../Core/Src/lcd.c:211:6:LCD_DisplayOff	8	static
../Core/Src/lcd.c:224:6:LCD_SetCursor	16	static
../Core/Src/lcd.c:273:6:LCD_Scan_Dir	24	static
../Core/Src/lcd.c:417:6:LCD_DrawPoint	16	static
../Core/Src/lcd.c:426:6:LCD_Fast_DrawPoint	16	static
../Core/Src/lcd.c:471:6:LCD_SSD_BackLightSet	24	static
../Core/Src/lcd.c:483:6:LCD_Display_Dir	16	static
../Core/Src/lcd.c:553:6:LCD_Set_Window	32	static
../Core/Src/lcd.c:607:6:LCD_Init	40	static
../Core/Src/lcd.c:2045:6:LCD_Clear	24	static
../Core/Src/lcd.c:2062:6:LCD_Fill	32	static
../Core/Src/lcd.c:2081:6:LCD_Color_Fill	32	static
../Core/Src/lcd.c:2100:6:LCD_DrawLine	64	static
../Core/Src/lcd.c:2152:6:LCD_DrawRectangle	24	static
../Core/Src/lcd.c:2162:6:LCD_Draw_Circle	32	static
../Core/Src/lcd.c:2195:6:LCD_ShowChar	32	static
../Core/Src/lcd.c:2236:6:LCD_ShowChar_o	32	static
../Core/Src/lcd.c:2280:5:LCD_Pow	24	static
../Core/Src/lcd.c:2293:6:LCD_ShowNum	48	static
../Core/Src/lcd.c:2322:6:LCD_ShowxNum	48	static
../Core/Src/lcd.c:2351:6:LCD_ShowString	40	static
../Core/Src/lcd.c:2371:6:LCD_ShowString_o	40	static
../Core/Src/lcd.c:2391:6:LCD_ShowImage	32	static
../Core/Src/lcd.c:2418:6:LCD_Fast_DrawSquare	32	static
../Core/Src/lcd.c:2423:6:LCD_Fast_DrawSquare_w	32	static
../Core/Src/lcd.c:2430:6:LCD_Fast_DrawSquare_rm	32	static
../Core/Src/lcd.c:2437:6:LCD_draw_rt	32	static
../Core/Src/lcd.c:2445:6:LCD_draw_finish	32	static
../Core/Src/lcd.c:2453:6:LCD_draw_round_rect	32	static
../Core/Src/lcd.c:2508:6:LCD_ShowImage2	32	static
../Core/Src/lcd.c:2536:6:LCD_ShowEndImage	40	static
../Core/Src/lcd.c:2564:6:LCD_ShowInputWrongImage	40	static
