../Core/Src/main.c:204:6:reset_board	16	static
../Core/Src/main.c:209:6:draw_board_line	48	static
../Core/Src/main.c:242:6:draw_board	24	static
../Core/Src/main.c:257:6:draw_block	24	static
../Core/Src/main.c:261:6:reset_path	24	static
../Core/Src/main.c:272:6:valid_path	16	static
../Core/Src/main.c:291:6:bluetooth_state	24	static
../Core/Src/main.c:304:6:T3_state	24	static
../Core/Src/main.c:370:6:rtp_test	168	static
../Core/Src/main.c:842:5:main	8	static
../Core/Src/main.c:911:6:SystemClock_Config	72	static
../Core/Src/main.c:948:13:MX_USART1_UART_Init	8	static
../Core/Src/main.c:977:13:MX_DMA_Init	16	static
../Core/Src/main.c:997:13:MX_GPIO_Init	16	static
../Core/Src/main.c:1017:6:Error_Handler	4	static,ignoring_inline_asm
