../Core/Src/main.c:200:6:reset_board	16	static
../Core/Src/main.c:205:6:bluetooth_state	24	static
../Core/Src/main.c:218:6:T3_state	24	static
../Core/Src/main.c:273:6:draw_board_line	48	static
../Core/Src/main.c:308:6:rtp_test	160	static
../Core/Src/main.c:631:5:main	8	static
../Core/Src/main.c:700:6:SystemClock_Config	72	static
../Core/Src/main.c:737:13:MX_USART1_UART_Init	8	static
../Core/Src/main.c:766:13:MX_DMA_Init	16	static
../Core/Src/main.c:786:13:MX_GPIO_Init	16	static
../Core/Src/main.c:806:6:Error_Handler	4	static,ignoring_inline_asm
