<html>
<body>
<pre>
<h1>礦ision Build Log</h1>
<h2>Tool Versions:</h2>
IDE-Version: μVision V5.21.1.0
Copyright (C) 2016 ARM Ltd and ARM Germany GmbH. All rights reserved.
License Information: 00 00, 00, LIC=----
 
Tool Versions:
Toolchain:       MDK-Lite  Version: 5.21a
Toolchain Path:  C:\Keil_v5\ARM\ARMCC\Bin
C Compiler:      Armcc.exe V5.06 update 3 (build 300)
Assembler:       Armasm.exe V5.06 update 3 (build 300)
Linker/Locator:  ArmLink.exe V5.06 update 3 (build 300)
Library Manager: ArmAr.exe V5.06 update 3 (build 300)
Hex Converter:   FromElf.exe V5.06 update 3 (build 300)
CPU DLL:         SARMCM3.DLL V5.21a
Dialog DLL:      DCM.DLL V1.13.8.0
Target DLL:      UL2CM3.DLL V1.158.5.0
Dialog DLL:      TCM.DLL V1.14.14.0
 
<h2>Project:</h2>
E:\2024 STM32视频教程\STM32F103ZET6麦克纳姆轮HJ-ZE机器人\STM32F103ZET6麦克纳姆轮HJ-ZE机器人\2 HJ-ZE机器人实验源码\13 HJ-ZE机器人舵机归中调试\HJduino.uvprojx
Project File Date:  01/03/2024

<h2>Output:</h2>
*** Using Compiler 'V5.06 update 3 (build 300)', folder: 'C:\Keil_v5\ARM\ARMCC\Bin'
Build target 'HJduino'
compiling main.c...
User\main.c(17): warning:  #177-D: variable "Q_temp" was declared but never referenced
     int Q_temp,L_temp,R_temp;
User\main.c(17): warning:  #177-D: variable "L_temp" was declared but never referenced
     int Q_temp,L_temp,R_temp;
User\main.c(17): warning:  #177-D: variable "R_temp" was declared but never referenced
     int Q_temp,L_temp,R_temp;
User\main.c: 3 warnings, 0 errors
linking...
Program Size: Code=5524 RO-data=336 RW-data=36 ZI-data=1228  
FromELF: creating hex file...
".\Objects\HJduino.axf" - 0 Error(s), 3 Warning(s).

<h2>Collection of Component include folders:</h2>
  E:\2024 STM32视频教程\STM32F103ZET6麦克纳姆轮HJ-ZE机器人\STM32F103ZET6麦克纳姆轮HJ-ZE机器人\2 HJ-ZE机器人实验源码\13 HJ-ZE机器人舵机归中调试\RTE
  C:\Keil_v5\ARM\PACK\Keil\STM32F1xx_DFP\2.2.0\Device\Include

<h2>Collection of Component Files used:</h2>
Build Time Elapsed:  00:00:01
</pre>
</body>
</html>
